15:02:47.498 | INFO    (1318222, stable_pretraining.backbone.utils) | Created ViT-tiny from scratch with config: {'hidden_size': 192, 'num_hidden_layers': 12, 'num_attention_heads': 3, 'intermediate_size': 768, 'image_size': 224, 'patch_size': 14}
15:03:42.112 | INFO    (1318222, stable_pretraining) | No OpenGL_accelerate module loaded: No module named 'OpenGL_accelerate'
15:03:42.139 | INFO    (1318222, stable_pretraining) | MUJOCO_GL=egl, attempting to import specified OpenGL backend.
15:03:42.194 | INFO    (1318222, stable_pretraining) | MuJoCo library version is: 3.8.0
/tmp/hudm-5090-20260924-0z4ayR/venv/lib/python3.11/site-packages/pygame/pkgdata.py:25: UserWarning: pkg_resources is deprecated as an API. See https://setuptools.pypa.io/en/latest/pkg_resources.html. The pkg_resources package is slated for removal as early as 2025-11-30. Refrain from using this package or pin to Setuptools<81.
  from pkg_resources import resource_stream, resource_exists
/tmp/hudm-5090-20260924-0z4ayR/venv/lib/python3.11/site-packages/gymnasium/envs/registration.py:728: UserWarning: [33mWARN: The environment is being initialised with render_mode='rgb_array' that is not in the possible render_modes ([]).[0m
  logger.warn(
/tmp/hudm-5090-20260924-0z4ayR/venv/lib/python3.11/site-packages/gymnasium/spaces/box.py:236: UserWarning: [33mWARN: Box low's precision lowered by casting to float32, current low.dtype=float64[0m
  gym.logger.warn(
/tmp/hudm-5090-20260924-0z4ayR/venv/lib/python3.11/site-packages/gymnasium/spaces/box.py:306: UserWarning: [33mWARN: Box high's precision lowered by casting to float32, current high.dtype=float64[0m
  gym.logger.warn(
/tmp/hudm-5090-20260924-0z4ayR/venv/lib/python3.11/site-packages/gymnasium/spaces/box.py:424: UserWarning: [33mWARN: Casting input x to numpy array.[0m
  gym.logger.warn("Casting input x to numpy array.")
/tmp/hudm-5090-20260924-0z4ayR/venv/lib/python3.11/site-packages/gymnasium/spaces/box.py:236: UserWarning: [33mWARN: Box low's precision lowered by casting to float32, current low.dtype=float64[0m
  gym.logger.warn(
/tmp/hudm-5090-20260924-0z4ayR/venv/lib/python3.11/site-packages/gymnasium/spaces/box.py:306: UserWarning: [33mWARN: Box high's precision lowered by casting to float32, current high.dtype=float64[0m
  gym.logger.warn(
/tmp/hudm-5090-20260924-0z4ayR/venv/lib/python3.11/site-packages/gymnasium/spaces/box.py:236: UserWarning: [33mWARN: Box low's precision lowered by casting to float32, current low.dtype=float64[0m
  gym.logger.warn(
/tmp/hudm-5090-20260924-0z4ayR/venv/lib/python3.11/site-packages/gymnasium/spaces/box.py:306: UserWarning: [33mWARN: Box high's precision lowered by casting to float32, current high.dtype=float64[0m
  gym.logger.warn(
/tmp/hudm-5090-20260924-0z4ayR/venv/lib/python3.11/site-packages/gymnasium/spaces/box.py:236: UserWarning: [33mWARN: Box low's precision lowered by casting to float32, current low.dtype=float64[0m
  gym.logger.warn(
/tmp/hudm-5090-20260924-0z4ayR/venv/lib/python3.11/site-packages/gymnasium/spaces/box.py:306: UserWarning: [33mWARN: Box high's precision lowered by casting to float32, current high.dtype=float64[0m
  gym.logger.warn(
/tmp/hudm-5090-20260924-0z4ayR/venv/lib/python3.11/site-packages/gymnasium/spaces/box.py:236: UserWarning: [33mWARN: Box low's precision lowered by casting to float32, current low.dtype=float64[0m
  gym.logger.warn(
/tmp/hudm-5090-20260924-0z4ayR/venv/lib/python3.11/site-packages/gymnasium/spaces/box.py:306: UserWarning: [33mWARN: Box high's precision lowered by casting to float32, current high.dtype=float64[0m
  gym.logger.warn(
/tmp/hudm-5090-20260924-0z4ayR/venv/lib/python3.11/site-packages/gymnasium/spaces/box.py:236: UserWarning: [33mWARN: Box low's precision lowered by casting to float32, current low.dtype=float64[0m
  gym.logger.warn(
/tmp/hudm-5090-20260924-0z4ayR/venv/lib/python3.11/site-packages/gymnasium/spaces/box.py:306: UserWarning: [33mWARN: Box high's precision lowered by casting to float32, current high.dtype=float64[0m
  gym.logger.warn(
/tmp/hudm-5090-20260924-0z4ayR/venv/lib/python3.11/site-packages/gymnasium/spaces/box.py:236: UserWarning: [33mWARN: Box low's precision lowered by casting to float32, current low.dtype=float64[0m
  gym.logger.warn(
/tmp/hudm-5090-20260924-0z4ayR/venv/lib/python3.11/site-packages/gymnasium/spaces/box.py:306: UserWarning: [33mWARN: Box high's precision lowered by casting to float32, current high.dtype=float64[0m
  gym.logger.warn(
/tmp/hudm-5090-20260924-0z4ayR/venv/lib/python3.11/site-packages/gymnasium/spaces/box.py:236: UserWarning: [33mWARN: Box low's precision lowered by casting to float32, current low.dtype=float64[0m
  gym.logger.warn(
/tmp/hudm-5090-20260924-0z4ayR/venv/lib/python3.11/site-packages/gymnasium/spaces/box.py:306: UserWarning: [33mWARN: Box high's precision lowered by casting to float32, current high.dtype=float64[0m
  gym.logger.warn(
/tmp/hudm-5090-20260924-0z4ayR/venv/lib/python3.11/site-packages/gymnasium/spaces/box.py:236: UserWarning: [33mWARN: Box low's precision lowered by casting to float32, current low.dtype=float64[0m
  gym.logger.warn(
/tmp/hudm-5090-20260924-0z4ayR/venv/lib/python3.11/site-packages/gymnasium/spaces/box.py:306: UserWarning: [33mWARN: Box high's precision lowered by casting to float32, current high.dtype=float64[0m
  gym.logger.warn(
/tmp/hudm-5090-20260924-0z4ayR/venv/lib/python3.11/site-packages/gymnasium/spaces/box.py:236: UserWarning: [33mWARN: Box low's precision lowered by casting to float32, current low.dtype=float64[0m
  gym.logger.warn(
/tmp/hudm-5090-20260924-0z4ayR/venv/lib/python3.11/site-packages/gymnasium/spaces/box.py:306: UserWarning: [33mWARN: Box high's precision lowered by casting to float32, current high.dtype=float64[0m
  gym.logger.warn(
/tmp/hudm-5090-20260924-0z4ayR/venv/lib/python3.11/site-packages/gymnasium/spaces/box.py:236: UserWarning: [33mWARN: Box low's precision lowered by casting to float32, current low.dtype=float64[0m
  gym.logger.warn(
/tmp/hudm-5090-20260924-0z4ayR/venv/lib/python3.11/site-packages/gymnasium/spaces/box.py:306: UserWarning: [33mWARN: Box high's precision lowered by casting to float32, current high.dtype=float64[0m
  gym.logger.warn(
/tmp/hudm-5090-20260924-0z4ayR/venv/lib/python3.11/site-packages/gymnasium/spaces/box.py:236: UserWarning: [33mWARN: Box low's precision lowered by casting to float32, current low.dtype=float64[0m
  gym.logger.warn(
/tmp/hudm-5090-20260924-0z4ayR/venv/lib/python3.11/site-packages/gymnasium/spaces/box.py:306: UserWarning: [33mWARN: Box high's precision lowered by casting to float32, current high.dtype=float64[0m
  gym.logger.warn(
/tmp/hudm-5090-20260924-0z4ayR/venv/lib/python3.11/site-packages/gymnasium/spaces/box.py:236: UserWarning: [33mWARN: Box low's precision lowered by casting to float32, current low.dtype=float64[0m
  gym.logger.warn(
/tmp/hudm-5090-20260924-0z4ayR/venv/lib/python3.11/site-packages/gymnasium/spaces/box.py:306: UserWarning: [33mWARN: Box high's precision lowered by casting to float32, current high.dtype=float64[0m
  gym.logger.warn(
/tmp/hudm-5090-20260924-0z4ayR/venv/lib/python3.11/site-packages/gymnasium/spaces/box.py:236: UserWarning: [33mWARN: Box low's precision lowered by casting to float32, current low.dtype=float64[0m
  gym.logger.warn(
/tmp/hudm-5090-20260924-0z4ayR/venv/lib/python3.11/site-packages/gymnasium/spaces/box.py:306: UserWarning: [33mWARN: Box high's precision lowered by casting to float32, current high.dtype=float64[0m
  gym.logger.warn(
/tmp/hudm-5090-20260924-0z4ayR/venv/lib/python3.11/site-packages/gymnasium/spaces/box.py:236: UserWarning: [33mWARN: Box low's precision lowered by casting to float32, current low.dtype=float64[0m
  gym.logger.warn(
/tmp/hudm-5090-20260924-0z4ayR/venv/lib/python3.11/site-packages/gymnasium/spaces/box.py:306: UserWarning: [33mWARN: Box high's precision lowered by casting to float32, current high.dtype=float64[0m
  gym.logger.warn(
/tmp/hudm-5090-20260924-0z4ayR/venv/lib/python3.11/site-packages/gymnasium/spaces/box.py:236: UserWarning: [33mWARN: Box low's precision lowered by casting to float32, current low.dtype=float64[0m
  gym.logger.warn(
/tmp/hudm-5090-20260924-0z4ayR/venv/lib/python3.11/site-packages/gymnasium/spaces/box.py:306: UserWarning: [33mWARN: Box high's precision lowered by casting to float32, current high.dtype=float64[0m
  gym.logger.warn(
/tmp/hudm-5090-20260924-0z4ayR/venv/lib/python3.11/site-packages/gymnasium/spaces/box.py:236: UserWarning: [33mWARN: Box low's precision lowered by casting to float32, current low.dtype=float64[0m
  gym.logger.warn(
/tmp/hudm-5090-20260924-0z4ayR/venv/lib/python3.11/site-packages/gymnasium/spaces/box.py:306: UserWarning: [33mWARN: Box high's precision lowered by casting to float32, current high.dtype=float64[0m
  gym.logger.warn(
/tmp/hudm-5090-20260924-0z4ayR/venv/lib/python3.11/site-packages/gymnasium/spaces/box.py:236: UserWarning: [33mWARN: Box low's precision lowered by casting to float32, current low.dtype=float64[0m
  gym.logger.warn(
/tmp/hudm-5090-20260924-0z4ayR/venv/lib/python3.11/site-packages/gymnasium/spaces/box.py:306: UserWarning: [33mWARN: Box high's precision lowered by casting to float32, current high.dtype=float64[0m
  gym.logger.warn(
/tmp/hudm-5090-20260924-0z4ayR/venv/lib/python3.11/site-packages/gymnasium/spaces/box.py:236: UserWarning: [33mWARN: Box low's precision lowered by casting to float32, current low.dtype=float64[0m
  gym.logger.warn(
/tmp/hudm-5090-20260924-0z4ayR/venv/lib/python3.11/site-packages/gymnasium/spaces/box.py:306: UserWarning: [33mWARN: Box high's precision lowered by casting to float32, current high.dtype=float64[0m
  gym.logger.warn(
/tmp/hudm-5090-20260924-0z4ayR/venv/lib/python3.11/site-packages/gymnasium/spaces/box.py:236: UserWarning: [33mWARN: Box low's precision lowered by casting to float32, current low.dtype=float64[0m
  gym.logger.warn(
/tmp/hudm-5090-20260924-0z4ayR/venv/lib/python3.11/site-packages/gymnasium/spaces/box.py:306: UserWarning: [33mWARN: Box high's precision lowered by casting to float32, current high.dtype=float64[0m
  gym.logger.warn(
/tmp/hudm-5090-20260924-0z4ayR/venv/lib/python3.11/site-packages/gymnasium/spaces/box.py:236: UserWarning: [33mWARN: Box low's precision lowered by casting to float32, current low.dtype=float64[0m
  gym.logger.warn(
/tmp/hudm-5090-20260924-0z4ayR/venv/lib/python3.11/site-packages/gymnasium/spaces/box.py:306: UserWarning: [33mWARN: Box high's precision lowered by casting to float32, current high.dtype=float64[0m
  gym.logger.warn(
/tmp/hudm-5090-20260924-0z4ayR/venv/lib/python3.11/site-packages/gymnasium/spaces/box.py:236: UserWarning: [33mWARN: Box low's precision lowered by casting to float32, current low.dtype=float64[0m
  gym.logger.warn(
/tmp/hudm-5090-20260924-0z4ayR/venv/lib/python3.11/site-packages/gymnasium/spaces/box.py:306: UserWarning: [33mWARN: Box high's precision lowered by casting to float32, current high.dtype=float64[0m
  gym.logger.warn(
/tmp/hudm-5090-20260924-0z4ayR/venv/lib/python3.11/site-packages/gymnasium/spaces/box.py:236: UserWarning: [33mWARN: Box low's precision lowered by casting to float32, current low.dtype=float64[0m
  gym.logger.warn(
/tmp/hudm-5090-20260924-0z4ayR/venv/lib/python3.11/site-packages/gymnasium/spaces/box.py:306: UserWarning: [33mWARN: Box high's precision lowered by casting to float32, current high.dtype=float64[0m
  gym.logger.warn(
/tmp/hudm-5090-20260924-0z4ayR/venv/lib/python3.11/site-packages/gymnasium/spaces/box.py:236: UserWarning: [33mWARN: Box low's precision lowered by casting to float32, current low.dtype=float64[0m
  gym.logger.warn(
/tmp/hudm-5090-20260924-0z4ayR/venv/lib/python3.11/site-packages/gymnasium/spaces/box.py:306: UserWarning: [33mWARN: Box high's precision lowered by casting to float32, current high.dtype=float64[0m
  gym.logger.warn(
/tmp/hudm-5090-20260924-0z4ayR/venv/lib/python3.11/site-packages/gymnasium/spaces/box.py:236: UserWarning: [33mWARN: Box low's precision lowered by casting to float32, current low.dtype=float64[0m
  gym.logger.warn(
/tmp/hudm-5090-20260924-0z4ayR/venv/lib/python3.11/site-packages/gymnasium/spaces/box.py:306: UserWarning: [33mWARN: Box high's precision lowered by casting to float32, current high.dtype=float64[0m
  gym.logger.warn(
/tmp/hudm-5090-20260924-0z4ayR/venv/lib/python3.11/site-packages/gymnasium/spaces/box.py:236: UserWarning: [33mWARN: Box low's precision lowered by casting to float32, current low.dtype=float64[0m
  gym.logger.warn(
/tmp/hudm-5090-20260924-0z4ayR/venv/lib/python3.11/site-packages/gymnasium/spaces/box.py:306: UserWarning: [33mWARN: Box high's precision lowered by casting to float32, current high.dtype=float64[0m
  gym.logger.warn(
/tmp/hudm-5090-20260924-0z4ayR/venv/lib/python3.11/site-packages/gymnasium/spaces/box.py:236: UserWarning: [33mWARN: Box low's precision lowered by casting to float32, current low.dtype=float64[0m
  gym.logger.warn(
/tmp/hudm-5090-20260924-0z4ayR/venv/lib/python3.11/site-packages/gymnasium/spaces/box.py:306: UserWarning: [33mWARN: Box high's precision lowered by casting to float32, current high.dtype=float64[0m
  gym.logger.warn(
/tmp/hudm-5090-20260924-0z4ayR/venv/lib/python3.11/site-packages/gymnasium/spaces/box.py:236: UserWarning: [33mWARN: Box low's precision lowered by casting to float32, current low.dtype=float64[0m
  gym.logger.warn(
/tmp/hudm-5090-20260924-0z4ayR/venv/lib/python3.11/site-packages/gymnasium/spaces/box.py:306: UserWarning: [33mWARN: Box high's precision lowered by casting to float32, current high.dtype=float64[0m
  gym.logger.warn(
/tmp/hudm-5090-20260924-0z4ayR/venv/lib/python3.11/site-packages/gymnasium/spaces/box.py:236: UserWarning: [33mWARN: Box low's precision lowered by casting to float32, current low.dtype=float64[0m
  gym.logger.warn(
/tmp/hudm-5090-20260924-0z4ayR/venv/lib/python3.11/site-packages/gymnasium/spaces/box.py:306: UserWarning: [33mWARN: Box high's precision lowered by casting to float32, current high.dtype=float64[0m
  gym.logger.warn(
/tmp/hudm-5090-20260924-0z4ayR/venv/lib/python3.11/site-packages/gymnasium/spaces/box.py:236: UserWarning: [33mWARN: Box low's precision lowered by casting to float32, current low.dtype=float64[0m
  gym.logger.warn(
/tmp/hudm-5090-20260924-0z4ayR/venv/lib/python3.11/site-packages/gymnasium/spaces/box.py:306: UserWarning: [33mWARN: Box high's precision lowered by casting to float32, current high.dtype=float64[0m
  gym.logger.warn(
/tmp/hudm-5090-20260924-0z4ayR/venv/lib/python3.11/site-packages/gymnasium/spaces/box.py:236: UserWarning: [33mWARN: Box low's precision lowered by casting to float32, current low.dtype=float64[0m
  gym.logger.warn(
/tmp/hudm-5090-20260924-0z4ayR/venv/lib/python3.11/site-packages/gymnasium/spaces/box.py:306: UserWarning: [33mWARN: Box high's precision lowered by casting to float32, current high.dtype=float64[0m
  gym.logger.warn(
/tmp/hudm-5090-20260924-0z4ayR/venv/lib/python3.11/site-packages/gymnasium/spaces/box.py:236: UserWarning: [33mWARN: Box low's precision lowered by casting to float32, current low.dtype=float64[0m
  gym.logger.warn(
/tmp/hudm-5090-20260924-0z4ayR/venv/lib/python3.11/site-packages/gymnasium/spaces/box.py:306: UserWarning: [33mWARN: Box high's precision lowered by casting to float32, current high.dtype=float64[0m
  gym.logger.warn(
/tmp/hudm-5090-20260924-0z4ayR/venv/lib/python3.11/site-packages/gymnasium/spaces/box.py:236: UserWarning: [33mWARN: Box low's precision lowered by casting to float32, current low.dtype=float64[0m
  gym.logger.warn(
/tmp/hudm-5090-20260924-0z4ayR/venv/lib/python3.11/site-packages/gymnasium/spaces/box.py:306: UserWarning: [33mWARN: Box high's precision lowered by casting to float32, current high.dtype=float64[0m
  gym.logger.warn(
/tmp/hudm-5090-20260924-0z4ayR/venv/lib/python3.11/site-packages/gymnasium/spaces/box.py:236: UserWarning: [33mWARN: Box low's precision lowered by casting to float32, current low.dtype=float64[0m
  gym.logger.warn(
/tmp/hudm-5090-20260924-0z4ayR/venv/lib/python3.11/site-packages/gymnasium/spaces/box.py:306: UserWarning: [33mWARN: Box high's precision lowered by casting to float32, current high.dtype=float64[0m
  gym.logger.warn(
/tmp/hudm-5090-20260924-0z4ayR/venv/lib/python3.11/site-packages/gymnasium/spaces/box.py:236: UserWarning: [33mWARN: Box low's precision lowered by casting to float32, current low.dtype=float64[0m
  gym.logger.warn(
/tmp/hudm-5090-20260924-0z4ayR/venv/lib/python3.11/site-packages/gymnasium/spaces/box.py:306: UserWarning: [33mWARN: Box high's precision lowered by casting to float32, current high.dtype=float64[0m
  gym.logger.warn(
/tmp/hudm-5090-20260924-0z4ayR/venv/lib/python3.11/site-packages/gymnasium/spaces/box.py:236: UserWarning: [33mWARN: Box low's precision lowered by casting to float32, current low.dtype=float64[0m
  gym.logger.warn(
/tmp/hudm-5090-20260924-0z4ayR/venv/lib/python3.11/site-packages/gymnasium/spaces/box.py:306: UserWarning: [33mWARN: Box high's precision lowered by casting to float32, current high.dtype=float64[0m
  gym.logger.warn(
/tmp/hudm-5090-20260924-0z4ayR/venv/lib/python3.11/site-packages/gymnasium/spaces/box.py:236: UserWarning: [33mWARN: Box low's precision lowered by casting to float32, current low.dtype=float64[0m
  gym.logger.warn(
/tmp/hudm-5090-20260924-0z4ayR/venv/lib/python3.11/site-packages/gymnasium/spaces/box.py:306: UserWarning: [33mWARN: Box high's precision lowered by casting to float32, current high.dtype=float64[0m
  gym.logger.warn(
/tmp/hudm-5090-20260924-0z4ayR/venv/lib/python3.11/site-packages/gymnasium/spaces/box.py:236: UserWarning: [33mWARN: Box low's precision lowered by casting to float32, current low.dtype=float64[0m
  gym.logger.warn(
/tmp/hudm-5090-20260924-0z4ayR/venv/lib/python3.11/site-packages/gymnasium/spaces/box.py:306: UserWarning: [33mWARN: Box high's precision lowered by casting to float32, current high.dtype=float64[0m
  gym.logger.warn(
/tmp/hudm-5090-20260924-0z4ayR/venv/lib/python3.11/site-packages/gymnasium/spaces/box.py:236: UserWarning: [33mWARN: Box low's precision lowered by casting to float32, current low.dtype=float64[0m
  gym.logger.warn(
/tmp/hudm-5090-20260924-0z4ayR/venv/lib/python3.11/site-packages/gymnasium/spaces/box.py:306: UserWarning: [33mWARN: Box high's precision lowered by casting to float32, current high.dtype=float64[0m
  gym.logger.warn(
/tmp/hudm-5090-20260924-0z4ayR/venv/lib/python3.11/site-packages/gymnasium/spaces/box.py:236: UserWarning: [33mWARN: Box low's precision lowered by casting to float32, current low.dtype=float64[0m
  gym.logger.warn(
/tmp/hudm-5090-20260924-0z4ayR/venv/lib/python3.11/site-packages/gymnasium/spaces/box.py:306: UserWarning: [33mWARN: Box high's precision lowered by casting to float32, current high.dtype=float64[0m
  gym.logger.warn(
/tmp/hudm-5090-20260924-0z4ayR/venv/lib/python3.11/site-packages/gymnasium/spaces/box.py:236: UserWarning: [33mWARN: Box low's precision lowered by casting to float32, current low.dtype=float64[0m
  gym.logger.warn(
/tmp/hudm-5090-20260924-0z4ayR/venv/lib/python3.11/site-packages/gymnasium/spaces/box.py:306: UserWarning: [33mWARN: Box high's precision lowered by casting to float32, current high.dtype=float64[0m
  gym.logger.warn(
/tmp/hudm-5090-20260924-0z4ayR/venv/lib/python3.11/site-packages/gymnasium/spaces/box.py:236: UserWarning: [33mWARN: Box low's precision lowered by casting to float32, current low.dtype=float64[0m
  gym.logger.warn(
/tmp/hudm-5090-20260924-0z4ayR/venv/lib/python3.11/site-packages/gymnasium/spaces/box.py:306: UserWarning: [33mWARN: Box high's precision lowered by casting to float32, current high.dtype=float64[0m
  gym.logger.warn(
/tmp/hudm-5090-20260924-0z4ayR/venv/lib/python3.11/site-packages/gymnasium/spaces/box.py:236: UserWarning: [33mWARN: Box low's precision lowered by casting to float32, current low.dtype=float64[0m
  gym.logger.warn(
/tmp/hudm-5090-20260924-0z4ayR/venv/lib/python3.11/site-packages/gymnasium/spaces/box.py:306: UserWarning: [33mWARN: Box high's precision lowered by casting to float32, current high.dtype=float64[0m
  gym.logger.warn(
/tmp/hudm-5090-20260924-0z4ayR/venv/lib/python3.11/site-packages/gymnasium/spaces/box.py:236: UserWarning: [33mWARN: Box low's precision lowered by casting to float32, current low.dtype=float64[0m
  gym.logger.warn(
/tmp/hudm-5090-20260924-0z4ayR/venv/lib/python3.11/site-packages/gymnasium/spaces/box.py:306: UserWarning: [33mWARN: Box high's precision lowered by casting to float32, current high.dtype=float64[0m
  gym.logger.warn(
/tmp/hudm-5090-20260924-0z4ayR/venv/lib/python3.11/site-packages/gymnasium/spaces/box.py:236: UserWarning: [33mWARN: Box low's precision lowered by casting to float32, current low.dtype=float64[0m
  gym.logger.warn(
/tmp/hudm-5090-20260924-0z4ayR/venv/lib/python3.11/site-packages/gymnasium/spaces/box.py:306: UserWarning: [33mWARN: Box high's precision lowered by casting to float32, current high.dtype=float64[0m
  gym.logger.warn(
/tmp/hudm-5090-20260924-0z4ayR/venv/lib/python3.11/site-packages/gymnasium/spaces/box.py:236: UserWarning: [33mWARN: Box low's precision lowered by casting to float32, current low.dtype=float64[0m
  gym.logger.warn(
/tmp/hudm-5090-20260924-0z4ayR/venv/lib/python3.11/site-packages/gymnasium/spaces/box.py:306: UserWarning: [33mWARN: Box high's precision lowered by casting to float32, current high.dtype=float64[0m
  gym.logger.warn(
/tmp/hudm-5090-20260924-0z4ayR/venv/lib/python3.11/site-packages/gymnasium/spaces/box.py:236: UserWarning: [33mWARN: Box low's precision lowered by casting to float32, current low.dtype=float64[0m
  gym.logger.warn(
/tmp/hudm-5090-20260924-0z4ayR/venv/lib/python3.11/site-packages/gymnasium/spaces/box.py:306: UserWarning: [33mWARN: Box high's precision lowered by casting to float32, current high.dtype=float64[0m
  gym.logger.warn(
/tmp/hudm-5090-20260924-0z4ayR/venv/lib/python3.11/site-packages/gymnasium/spaces/box.py:236: UserWarning: [33mWARN: Box low's precision lowered by casting to float32, current low.dtype=float64[0m
  gym.logger.warn(
/tmp/hudm-5090-20260924-0z4ayR/venv/lib/python3.11/site-packages/gymnasium/spaces/box.py:306: UserWarning: [33mWARN: Box high's precision lowered by casting to float32, current high.dtype=float64[0m
  gym.logger.warn(
/tmp/hudm-5090-20260924-0z4ayR/venv/lib/python3.11/site-packages/gymnasium/spaces/box.py:236: UserWarning: [33mWARN: Box low's precision lowered by casting to float32, current low.dtype=float64[0m
  gym.logger.warn(
/tmp/hudm-5090-20260924-0z4ayR/venv/lib/python3.11/site-packages/gymnasium/spaces/box.py:306: UserWarning: [33mWARN: Box high's precision lowered by casting to float32, current high.dtype=float64[0m
  gym.logger.warn(
/tmp/hudm-5090-20260924-0z4ayR/venv/lib/python3.11/site-packages/gymnasium/spaces/box.py:236: UserWarning: [33mWARN: Box low's precision lowered by casting to float32, current low.dtype=float64[0m
  gym.logger.warn(
/tmp/hudm-5090-20260924-0z4ayR/venv/lib/python3.11/site-packages/gymnasium/spaces/box.py:306: UserWarning: [33mWARN: Box high's precision lowered by casting to float32, current high.dtype=float64[0m
  gym.logger.warn(
/tmp/hudm-5090-20260924-0z4ayR/venv/lib/python3.11/site-packages/gymnasium/spaces/box.py:236: UserWarning: [33mWARN: Box low's precision lowered by casting to float32, current low.dtype=float64[0m
  gym.logger.warn(
/tmp/hudm-5090-20260924-0z4ayR/venv/lib/python3.11/site-packages/gymnasium/spaces/box.py:306: UserWarning: [33mWARN: Box high's precision lowered by casting to float32, current high.dtype=float64[0m
  gym.logger.warn(
/tmp/hudm-5090-20260924-0z4ayR/venv/lib/python3.11/site-packages/gymnasium/envs/registration.py:728: UserWarning: [33mWARN: The environment is being initialised with render_mode='rgb_array' that is not in the possible render_modes ([]).[0m
  logger.warn(
/tmp/hudm-5090-20260924-0z4ayR/venv/lib/python3.11/site-packages/gymnasium/spaces/box.py:236: UserWarning: [33mWARN: Box low's precision lowered by casting to float32, current low.dtype=float64[0m
  gym.logger.warn(
/tmp/hudm-5090-20260924-0z4ayR/venv/lib/python3.11/site-packages/gymnasium/spaces/box.py:306: UserWarning: [33mWARN: Box high's precision lowered by casting to float32, current high.dtype=float64[0m
  gym.logger.warn(
/tmp/hudm-5090-20260924-0z4ayR/venv/lib/python3.11/site-packages/gymnasium/spaces/box.py:424: UserWarning: [33mWARN: Casting input x to numpy array.[0m
  gym.logger.warn("Casting input x to numpy array.")
/tmp/hudm-5090-20260924-0z4ayR/venv/lib/python3.11/site-packages/gymnasium/spaces/box.py:236: UserWarning: [33mWARN: Box low's precision lowered by casting to float32, current low.dtype=float64[0m
  gym.logger.warn(
/tmp/hudm-5090-20260924-0z4ayR/venv/lib/python3.11/site-packages/gymnasium/spaces/box.py:306: UserWarning: [33mWARN: Box high's precision lowered by casting to float32, current high.dtype=float64[0m
  gym.logger.warn(
/tmp/hudm-5090-20260924-0z4ayR/venv/lib/python3.11/site-packages/gymnasium/spaces/box.py:236: UserWarning: [33mWARN: Box low's precision lowered by casting to float32, current low.dtype=float64[0m
  gym.logger.warn(
/tmp/hudm-5090-20260924-0z4ayR/venv/lib/python3.11/site-packages/gymnasium/spaces/box.py:306: UserWarning: [33mWARN: Box high's precision lowered by casting to float32, current high.dtype=float64[0m
  gym.logger.warn(
/tmp/hudm-5090-20260924-0z4ayR/venv/lib/python3.11/site-packages/gymnasium/spaces/box.py:236: UserWarning: [33mWARN: Box low's precision lowered by casting to float32, current low.dtype=float64[0m
  gym.logger.warn(
/tmp/hudm-5090-20260924-0z4ayR/venv/lib/python3.11/site-packages/gymnasium/spaces/box.py:306: UserWarning: [33mWARN: Box high's precision lowered by casting to float32, current high.dtype=float64[0m
  gym.logger.warn(
/tmp/hudm-5090-20260924-0z4ayR/venv/lib/python3.11/site-packages/gymnasium/spaces/box.py:236: UserWarning: [33mWARN: Box low's precision lowered by casting to float32, current low.dtype=float64[0m
  gym.logger.warn(
/tmp/hudm-5090-20260924-0z4ayR/venv/lib/python3.11/site-packages/gymnasium/spaces/box.py:306: UserWarning: [33mWARN: Box high's precision lowered by casting to float32, current high.dtype=float64[0m
  gym.logger.warn(
/tmp/hudm-5090-20260924-0z4ayR/venv/lib/python3.11/site-packages/gymnasium/spaces/box.py:236: UserWarning: [33mWARN: Box low's precision lowered by casting to float32, current low.dtype=float64[0m
  gym.logger.warn(
/tmp/hudm-5090-20260924-0z4ayR/venv/lib/python3.11/site-packages/gymnasium/spaces/box.py:306: UserWarning: [33mWARN: Box high's precision lowered by casting to float32, current high.dtype=float64[0m
  gym.logger.warn(
/tmp/hudm-5090-20260924-0z4ayR/venv/lib/python3.11/site-packages/gymnasium/spaces/box.py:236: UserWarning: [33mWARN: Box low's precision lowered by casting to float32, current low.dtype=float64[0m
  gym.logger.warn(
/tmp/hudm-5090-20260924-0z4ayR/venv/lib/python3.11/site-packages/gymnasium/spaces/box.py:306: UserWarning: [33mWARN: Box high's precision lowered by casting to float32, current high.dtype=float64[0m
  gym.logger.warn(
/tmp/hudm-5090-20260924-0z4ayR/venv/lib/python3.11/site-packages/gymnasium/spaces/box.py:236: UserWarning: [33mWARN: Box low's precision lowered by casting to float32, current low.dtype=float64[0m
  gym.logger.warn(
/tmp/hudm-5090-20260924-0z4ayR/venv/lib/python3.11/site-packages/gymnasium/spaces/box.py:306: UserWarning: [33mWARN: Box high's precision lowered by casting to float32, current high.dtype=float64[0m
  gym.logger.warn(
/tmp/hudm-5090-20260924-0z4ayR/venv/lib/python3.11/site-packages/gymnasium/spaces/box.py:236: UserWarning: [33mWARN: Box low's precision lowered by casting to float32, current low.dtype=float64[0m
  gym.logger.warn(
/tmp/hudm-5090-20260924-0z4ayR/venv/lib/python3.11/site-packages/gymnasium/spaces/box.py:306: UserWarning: [33mWARN: Box high's precision lowered by casting to float32, current high.dtype=float64[0m
  gym.logger.warn(
/tmp/hudm-5090-20260924-0z4ayR/venv/lib/python3.11/site-packages/gymnasium/spaces/box.py:236: UserWarning: [33mWARN: Box low's precision lowered by casting to float32, current low.dtype=float64[0m
  gym.logger.warn(
/tmp/hudm-5090-20260924-0z4ayR/venv/lib/python3.11/site-packages/gymnasium/spaces/box.py:306: UserWarning: [33mWARN: Box high's precision lowered by casting to float32, current high.dtype=float64[0m
  gym.logger.warn(
/tmp/hudm-5090-20260924-0z4ayR/venv/lib/python3.11/site-packages/gymnasium/spaces/box.py:236: UserWarning: [33mWARN: Box low's precision lowered by casting to float32, current low.dtype=float64[0m
  gym.logger.warn(
/tmp/hudm-5090-20260924-0z4ayR/venv/lib/python3.11/site-packages/gymnasium/spaces/box.py:306: UserWarning: [33mWARN: Box high's precision lowered by casting to float32, current high.dtype=float64[0m
  gym.logger.warn(
/tmp/hudm-5090-20260924-0z4ayR/venv/lib/python3.11/site-packages/gymnasium/spaces/box.py:236: UserWarning: [33mWARN: Box low's precision lowered by casting to float32, current low.dtype=float64[0m
  gym.logger.warn(
/tmp/hudm-5090-20260924-0z4ayR/venv/lib/python3.11/site-packages/gymnasium/spaces/box.py:306: UserWarning: [33mWARN: Box high's precision lowered by casting to float32, current high.dtype=float64[0m
  gym.logger.warn(
/tmp/hudm-5090-20260924-0z4ayR/venv/lib/python3.11/site-packages/gymnasium/spaces/box.py:236: UserWarning: [33mWARN: Box low's precision lowered by casting to float32, current low.dtype=float64[0m
  gym.logger.warn(
/tmp/hudm-5090-20260924-0z4ayR/venv/lib/python3.11/site-packages/gymnasium/spaces/box.py:306: UserWarning: [33mWARN: Box high's precision lowered by casting to float32, current high.dtype=float64[0m
  gym.logger.warn(
/tmp/hudm-5090-20260924-0z4ayR/venv/lib/python3.11/site-packages/gymnasium/spaces/box.py:236: UserWarning: [33mWARN: Box low's precision lowered by casting to float32, current low.dtype=float64[0m
  gym.logger.warn(
/tmp/hudm-5090-20260924-0z4ayR/venv/lib/python3.11/site-packages/gymnasium/spaces/box.py:306: UserWarning: [33mWARN: Box high's precision lowered by casting to float32, current high.dtype=float64[0m
  gym.logger.warn(
/tmp/hudm-5090-20260924-0z4ayR/venv/lib/python3.11/site-packages/gymnasium/spaces/box.py:236: UserWarning: [33mWARN: Box low's precision lowered by casting to float32, current low.dtype=float64[0m
  gym.logger.warn(
/tmp/hudm-5090-20260924-0z4ayR/venv/lib/python3.11/site-packages/gymnasium/spaces/box.py:306: UserWarning: [33mWARN: Box high's precision lowered by casting to float32, current high.dtype=float64[0m
  gym.logger.warn(
/tmp/hudm-5090-20260924-0z4ayR/venv/lib/python3.11/site-packages/gymnasium/spaces/box.py:236: UserWarning: [33mWARN: Box low's precision lowered by casting to float32, current low.dtype=float64[0m
  gym.logger.warn(
/tmp/hudm-5090-20260924-0z4ayR/venv/lib/python3.11/site-packages/gymnasium/spaces/box.py:306: UserWarning: [33mWARN: Box high's precision lowered by casting to float32, current high.dtype=float64[0m
  gym.logger.warn(
/tmp/hudm-5090-20260924-0z4ayR/venv/lib/python3.11/site-packages/gymnasium/spaces/box.py:236: UserWarning: [33mWARN: Box low's precision lowered by casting to float32, current low.dtype=float64[0m
  gym.logger.warn(
/tmp/hudm-5090-20260924-0z4ayR/venv/lib/python3.11/site-packages/gymnasium/spaces/box.py:306: UserWarning: [33mWARN: Box high's precision lowered by casting to float32, current high.dtype=float64[0m
  gym.logger.warn(
/tmp/hudm-5090-20260924-0z4ayR/venv/lib/python3.11/site-packages/gymnasium/spaces/box.py:236: UserWarning: [33mWARN: Box low's precision lowered by casting to float32, current low.dtype=float64[0m
  gym.logger.warn(
/tmp/hudm-5090-20260924-0z4ayR/venv/lib/python3.11/site-packages/gymnasium/spaces/box.py:306: UserWarning: [33mWARN: Box high's precision lowered by casting to float32, current high.dtype=float64[0m
  gym.logger.warn(
/tmp/hudm-5090-20260924-0z4ayR/venv/lib/python3.11/site-packages/gymnasium/spaces/box.py:236: UserWarning: [33mWARN: Box low's precision lowered by casting to float32, current low.dtype=float64[0m
  gym.logger.warn(
/tmp/hudm-5090-20260924-0z4ayR/venv/lib/python3.11/site-packages/gymnasium/spaces/box.py:306: UserWarning: [33mWARN: Box high's precision lowered by casting to float32, current high.dtype=float64[0m
  gym.logger.warn(
/tmp/hudm-5090-20260924-0z4ayR/venv/lib/python3.11/site-packages/gymnasium/spaces/box.py:236: UserWarning: [33mWARN: Box low's precision lowered by casting to float32, current low.dtype=float64[0m
  gym.logger.warn(
/tmp/hudm-5090-20260924-0z4ayR/venv/lib/python3.11/site-packages/gymnasium/spaces/box.py:306: UserWarning: [33mWARN: Box high's precision lowered by casting to float32, current high.dtype=float64[0m
  gym.logger.warn(
/tmp/hudm-5090-20260924-0z4ayR/venv/lib/python3.11/site-packages/gymnasium/spaces/box.py:236: UserWarning: [33mWARN: Box low's precision lowered by casting to float32, current low.dtype=float64[0m
  gym.logger.warn(
/tmp/hudm-5090-20260924-0z4ayR/venv/lib/python3.11/site-packages/gymnasium/spaces/box.py:306: UserWarning: [33mWARN: Box high's precision lowered by casting to float32, current high.dtype=float64[0m
  gym.logger.warn(
/tmp/hudm-5090-20260924-0z4ayR/venv/lib/python3.11/site-packages/gymnasium/spaces/box.py:236: UserWarning: [33mWARN: Box low's precision lowered by casting to float32, current low.dtype=float64[0m
  gym.logger.warn(
/tmp/hudm-5090-20260924-0z4ayR/venv/lib/python3.11/site-packages/gymnasium/spaces/box.py:306: UserWarning: [33mWARN: Box high's precision lowered by casting to float32, current high.dtype=float64[0m
  gym.logger.warn(
/tmp/hudm-5090-20260924-0z4ayR/venv/lib/python3.11/site-packages/gymnasium/spaces/box.py:236: UserWarning: [33mWARN: Box low's precision lowered by casting to float32, current low.dtype=float64[0m
  gym.logger.warn(
/tmp/hudm-5090-20260924-0z4ayR/venv/lib/python3.11/site-packages/gymnasium/spaces/box.py:306: UserWarning: [33mWARN: Box high's precision lowered by casting to float32, current high.dtype=float64[0m
  gym.logger.warn(
/tmp/hudm-5090-20260924-0z4ayR/venv/lib/python3.11/site-packages/gymnasium/spaces/box.py:236: UserWarning: [33mWARN: Box low's precision lowered by casting to float32, current low.dtype=float64[0m
  gym.logger.warn(
/tmp/hudm-5090-20260924-0z4ayR/venv/lib/python3.11/site-packages/gymnasium/spaces/box.py:306: UserWarning: [33mWARN: Box high's precision lowered by casting to float32, current high.dtype=float64[0m
  gym.logger.warn(
/tmp/hudm-5090-20260924-0z4ayR/venv/lib/python3.11/site-packages/gymnasium/spaces/box.py:236: UserWarning: [33mWARN: Box low's precision lowered by casting to float32, current low.dtype=float64[0m
  gym.logger.warn(
/tmp/hudm-5090-20260924-0z4ayR/venv/lib/python3.11/site-packages/gymnasium/spaces/box.py:306: UserWarning: [33mWARN: Box high's precision lowered by casting to float32, current high.dtype=float64[0m
  gym.logger.warn(
/tmp/hudm-5090-20260924-0z4ayR/venv/lib/python3.11/site-packages/gymnasium/spaces/box.py:236: UserWarning: [33mWARN: Box low's precision lowered by casting to float32, current low.dtype=float64[0m
  gym.logger.warn(
/tmp/hudm-5090-20260924-0z4ayR/venv/lib/python3.11/site-packages/gymnasium/spaces/box.py:306: UserWarning: [33mWARN: Box high's precision lowered by casting to float32, current high.dtype=float64[0m
  gym.logger.warn(
/tmp/hudm-5090-20260924-0z4ayR/venv/lib/python3.11/site-packages/gymnasium/spaces/box.py:236: UserWarning: [33mWARN: Box low's precision lowered by casting to float32, current low.dtype=float64[0m
  gym.logger.warn(
/tmp/hudm-5090-20260924-0z4ayR/venv/lib/python3.11/site-packages/gymnasium/spaces/box.py:306: UserWarning: [33mWARN: Box high's precision lowered by casting to float32, current high.dtype=float64[0m
  gym.logger.warn(
/tmp/hudm-5090-20260924-0z4ayR/venv/lib/python3.11/site-packages/gymnasium/spaces/box.py:236: UserWarning: [33mWARN: Box low's precision lowered by casting to float32, current low.dtype=float64[0m
  gym.logger.warn(
/tmp/hudm-5090-20260924-0z4ayR/venv/lib/python3.11/site-packages/gymnasium/spaces/box.py:306: UserWarning: [33mWARN: Box high's precision lowered by casting to float32, current high.dtype=float64[0m
  gym.logger.warn(
/tmp/hudm-5090-20260924-0z4ayR/venv/lib/python3.11/site-packages/gymnasium/spaces/box.py:236: UserWarning: [33mWARN: Box low's precision lowered by casting to float32, current low.dtype=float64[0m
  gym.logger.warn(
/tmp/hudm-5090-20260924-0z4ayR/venv/lib/python3.11/site-packages/gymnasium/spaces/box.py:306: UserWarning: [33mWARN: Box high's precision lowered by casting to float32, current high.dtype=float64[0m
  gym.logger.warn(
/tmp/hudm-5090-20260924-0z4ayR/venv/lib/python3.11/site-packages/gymnasium/spaces/box.py:236: UserWarning: [33mWARN: Box low's precision lowered by casting to float32, current low.dtype=float64[0m
  gym.logger.warn(
/tmp/hudm-5090-20260924-0z4ayR/venv/lib/python3.11/site-packages/gymnasium/spaces/box.py:306: UserWarning: [33mWARN: Box high's precision lowered by casting to float32, current high.dtype=float64[0m
  gym.logger.warn(
/tmp/hudm-5090-20260924-0z4ayR/venv/lib/python3.11/site-packages/gymnasium/spaces/box.py:236: UserWarning: [33mWARN: Box low's precision lowered by casting to float32, current low.dtype=float64[0m
  gym.logger.warn(
/tmp/hudm-5090-20260924-0z4ayR/venv/lib/python3.11/site-packages/gymnasium/spaces/box.py:306: UserWarning: [33mWARN: Box high's precision lowered by casting to float32, current high.dtype=float64[0m
  gym.logger.warn(
/tmp/hudm-5090-20260924-0z4ayR/venv/lib/python3.11/site-packages/gymnasium/spaces/box.py:236: UserWarning: [33mWARN: Box low's precision lowered by casting to float32, current low.dtype=float64[0m
  gym.logger.warn(
/tmp/hudm-5090-20260924-0z4ayR/venv/lib/python3.11/site-packages/gymnasium/spaces/box.py:306: UserWarning: [33mWARN: Box high's precision lowered by casting to float32, current high.dtype=float64[0m
  gym.logger.warn(
/tmp/hudm-5090-20260924-0z4ayR/venv/lib/python3.11/site-packages/gymnasium/spaces/box.py:236: UserWarning: [33mWARN: Box low's precision lowered by casting to float32, current low.dtype=float64[0m
  gym.logger.warn(
/tmp/hudm-5090-20260924-0z4ayR/venv/lib/python3.11/site-packages/gymnasium/spaces/box.py:306: UserWarning: [33mWARN: Box high's precision lowered by casting to float32, current high.dtype=float64[0m
  gym.logger.warn(
/tmp/hudm-5090-20260924-0z4ayR/venv/lib/python3.11/site-packages/gymnasium/spaces/box.py:236: UserWarning: [33mWARN: Box low's precision lowered by casting to float32, current low.dtype=float64[0m
  gym.logger.warn(
/tmp/hudm-5090-20260924-0z4ayR/venv/lib/python3.11/site-packages/gymnasium/spaces/box.py:306: UserWarning: [33mWARN: Box high's precision lowered by casting to float32, current high.dtype=float64[0m
  gym.logger.warn(
/tmp/hudm-5090-20260924-0z4ayR/venv/lib/python3.11/site-packages/gymnasium/spaces/box.py:236: UserWarning: [33mWARN: Box low's precision lowered by casting to float32, current low.dtype=float64[0m
  gym.logger.warn(
/tmp/hudm-5090-20260924-0z4ayR/venv/lib/python3.11/site-packages/gymnasium/spaces/box.py:306: UserWarning: [33mWARN: Box high's precision lowered by casting to float32, current high.dtype=float64[0m
  gym.logger.warn(
/tmp/hudm-5090-20260924-0z4ayR/venv/lib/python3.11/site-packages/gymnasium/spaces/box.py:236: UserWarning: [33mWARN: Box low's precision lowered by casting to float32, current low.dtype=float64[0m
  gym.logger.warn(
/tmp/hudm-5090-20260924-0z4ayR/venv/lib/python3.11/site-packages/gymnasium/spaces/box.py:306: UserWarning: [33mWARN: Box high's precision lowered by casting to float32, current high.dtype=float64[0m
  gym.logger.warn(
/tmp/hudm-5090-20260924-0z4ayR/venv/lib/python3.11/site-packages/gymnasium/spaces/box.py:236: UserWarning: [33mWARN: Box low's precision lowered by casting to float32, current low.dtype=float64[0m
  gym.logger.warn(
/tmp/hudm-5090-20260924-0z4ayR/venv/lib/python3.11/site-packages/gymnasium/spaces/box.py:306: UserWarning: [33mWARN: Box high's precision lowered by casting to float32, current high.dtype=float64[0m
  gym.logger.warn(
/tmp/hudm-5090-20260924-0z4ayR/venv/lib/python3.11/site-packages/gymnasium/spaces/box.py:236: UserWarning: [33mWARN: Box low's precision lowered by casting to float32, current low.dtype=float64[0m
  gym.logger.warn(
/tmp/hudm-5090-20260924-0z4ayR/venv/lib/python3.11/site-packages/gymnasium/spaces/box.py:306: UserWarning: [33mWARN: Box high's precision lowered by casting to float32, current high.dtype=float64[0m
  gym.logger.warn(
/tmp/hudm-5090-20260924-0z4ayR/venv/lib/python3.11/site-packages/gymnasium/spaces/box.py:236: UserWarning: [33mWARN: Box low's precision lowered by casting to float32, current low.dtype=float64[0m
  gym.logger.warn(
/tmp/hudm-5090-20260924-0z4ayR/venv/lib/python3.11/site-packages/gymnasium/spaces/box.py:306: UserWarning: [33mWARN: Box high's precision lowered by casting to float32, current high.dtype=float64[0m
  gym.logger.warn(
/tmp/hudm-5090-20260924-0z4ayR/venv/lib/python3.11/site-packages/gymnasium/spaces/box.py:236: UserWarning: [33mWARN: Box low's precision lowered by casting to float32, current low.dtype=float64[0m
  gym.logger.warn(
/tmp/hudm-5090-20260924-0z4ayR/venv/lib/python3.11/site-packages/gymnasium/spaces/box.py:306: UserWarning: [33mWARN: Box high's precision lowered by casting to float32, current high.dtype=float64[0m
  gym.logger.warn(
/tmp/hudm-5090-20260924-0z4ayR/venv/lib/python3.11/site-packages/gymnasium/spaces/box.py:236: UserWarning: [33mWARN: Box low's precision lowered by casting to float32, current low.dtype=float64[0m
  gym.logger.warn(
/tmp/hudm-5090-20260924-0z4ayR/venv/lib/python3.11/site-packages/gymnasium/spaces/box.py:306: UserWarning: [33mWARN: Box high's precision lowered by casting to float32, current high.dtype=float64[0m
  gym.logger.warn(
/tmp/hudm-5090-20260924-0z4ayR/venv/lib/python3.11/site-packages/gymnasium/spaces/box.py:236: UserWarning: [33mWARN: Box low's precision lowered by casting to float32, current low.dtype=float64[0m
  gym.logger.warn(
/tmp/hudm-5090-20260924-0z4ayR/venv/lib/python3.11/site-packages/gymnasium/spaces/box.py:306: UserWarning: [33mWARN: Box high's precision lowered by casting to float32, current high.dtype=float64[0m
  gym.logger.warn(
/tmp/hudm-5090-20260924-0z4ayR/venv/lib/python3.11/site-packages/gymnasium/spaces/box.py:236: UserWarning: [33mWARN: Box low's precision lowered by casting to float32, current low.dtype=float64[0m
  gym.logger.warn(
/tmp/hudm-5090-20260924-0z4ayR/venv/lib/python3.11/site-packages/gymnasium/spaces/box.py:306: UserWarning: [33mWARN: Box high's precision lowered by casting to float32, current high.dtype=float64[0m
  gym.logger.warn(
/tmp/hudm-5090-20260924-0z4ayR/venv/lib/python3.11/site-packages/gymnasium/spaces/box.py:236: UserWarning: [33mWARN: Box low's precision lowered by casting to float32, current low.dtype=float64[0m
  gym.logger.warn(
/tmp/hudm-5090-20260924-0z4ayR/venv/lib/python3.11/site-packages/gymnasium/spaces/box.py:306: UserWarning: [33mWARN: Box high's precision lowered by casting to float32, current high.dtype=float64[0m
  gym.logger.warn(
/tmp/hudm-5090-20260924-0z4ayR/venv/lib/python3.11/site-packages/gymnasium/spaces/box.py:236: UserWarning: [33mWARN: Box low's precision lowered by casting to float32, current low.dtype=float64[0m
  gym.logger.warn(
/tmp/hudm-5090-20260924-0z4ayR/venv/lib/python3.11/site-packages/gymnasium/spaces/box.py:306: UserWarning: [33mWARN: Box high's precision lowered by casting to float32, current high.dtype=float64[0m
  gym.logger.warn(
/tmp/hudm-5090-20260924-0z4ayR/venv/lib/python3.11/site-packages/gymnasium/spaces/box.py:236: UserWarning: [33mWARN: Box low's precision lowered by casting to float32, current low.dtype=float64[0m
  gym.logger.warn(
/tmp/hudm-5090-20260924-0z4ayR/venv/lib/python3.11/site-packages/gymnasium/spaces/box.py:306: UserWarning: [33mWARN: Box high's precision lowered by casting to float32, current high.dtype=float64[0m
  gym.logger.warn(
/tmp/hudm-5090-20260924-0z4ayR/venv/lib/python3.11/site-packages/gymnasium/spaces/box.py:236: UserWarning: [33mWARN: Box low's precision lowered by casting to float32, current low.dtype=float64[0m
  gym.logger.warn(
/tmp/hudm-5090-20260924-0z4ayR/venv/lib/python3.11/site-packages/gymnasium/spaces/box.py:306: UserWarning: [33mWARN: Box high's precision lowered by casting to float32, current high.dtype=float64[0m
  gym.logger.warn(
/tmp/hudm-5090-20260924-0z4ayR/venv/lib/python3.11/site-packages/gymnasium/spaces/box.py:236: UserWarning: [33mWARN: Box low's precision lowered by casting to float32, current low.dtype=float64[0m
  gym.logger.warn(
/tmp/hudm-5090-20260924-0z4ayR/venv/lib/python3.11/site-packages/gymnasium/spaces/box.py:306: UserWarning: [33mWARN: Box high's precision lowered by casting to float32, current high.dtype=float64[0m
  gym.logger.warn(
/tmp/hudm-5090-20260924-0z4ayR/venv/lib/python3.11/site-packages/gymnasium/spaces/box.py:236: UserWarning: [33mWARN: Box low's precision lowered by casting to float32, current low.dtype=float64[0m
  gym.logger.warn(
/tmp/hudm-5090-20260924-0z4ayR/venv/lib/python3.11/site-packages/gymnasium/spaces/box.py:306: UserWarning: [33mWARN: Box high's precision lowered by casting to float32, current high.dtype=float64[0m
  gym.logger.warn(
/tmp/hudm-5090-20260924-0z4ayR/venv/lib/python3.11/site-packages/gymnasium/spaces/box.py:236: UserWarning: [33mWARN: Box low's precision lowered by casting to float32, current low.dtype=float64[0m
  gym.logger.warn(
/tmp/hudm-5090-20260924-0z4ayR/venv/lib/python3.11/site-packages/gymnasium/spaces/box.py:306: UserWarning: [33mWARN: Box high's precision lowered by casting to float32, current high.dtype=float64[0m
  gym.logger.warn(
/tmp/hudm-5090-20260924-0z4ayR/venv/lib/python3.11/site-packages/gymnasium/spaces/box.py:236: UserWarning: [33mWARN: Box low's precision lowered by casting to float32, current low.dtype=float64[0m
  gym.logger.warn(
/tmp/hudm-5090-20260924-0z4ayR/venv/lib/python3.11/site-packages/gymnasium/spaces/box.py:306: UserWarning: [33mWARN: Box high's precision lowered by casting to float32, current high.dtype=float64[0m
  gym.logger.warn(
Wrote MWM planning results to reports/research/k192_sepopt_published_parity_20260924/final_n100/ogb_cube/seed_82715/000_published/eval.json
