
{"started_at": "2026-09-24T22:02:42.856004+00:00", "command": ["/tmp/hudm-5090-20260924-0z4ayR/venv/bin/python", "/tmp/hudm-5090-20260924-0z4ayR/audit_paired.py", "reports/research/k192_sepopt_published_parity_20260924/generated_configs/final_n100/ogb_cube/seed_71623.yaml"]}
{"verified": true, "audit": "/tmp/hudm-5090-20260924-0z4ayR/HUDM/reports/research/k192_sepopt_published_parity_20260924/final_n100/ogb_cube/seed_71623/paired_audit.json", "roles": [{"role": "upstream_lewm_converted", "episodes": 100, "successes": 72, "success_rate": 72.0, "weights_sha256": "9400a6f64e7ad176ccd345556d107e927612070535adc6de7a2657bd136506a0", "trace_sha256": "d1a0373c3a8f7b994d37b0f7b4d68f8a25d31f5feddf660935f4364fd89c7595", "resolved_config_sha256": "eb3790cb283d9543a656e691103da15f3ae20f393498d3e5555096f5e2bfc71f", "manifest_sha256": "fa93ab615814c28e0cc2da9c4e6021b343d21213d2944ed882cf9ce7236cffc4", "dynamics_flops_total": 169599175200000}, {"role": "sepopt_k192_20260922", "episodes": 100, "successes": 68, "success_rate": 68.0, "weights_sha256": "f8f023c1bfd5fe6d6a176d8f138e0c650f0857ebe372868298ec08319bb48781", "trace_sha256": "7f6701fbd35c2b6d7d84500caad6059702d1c24c5f832539843daa3ec5333d00", "resolved_config_sha256": "425ee1128b8f1864bea4d257b1490d9adf1ab153e16e16ff3ea3acb8d8cf748c", "manifest_sha256": "fa93ab615814c28e0cc2da9c4e6021b343d21213d2944ed882cf9ce7236cffc4", "dynamics_flops_total": 169599175200000}]}
	Command being timed: "/tmp/hudm-5090-20260924-0z4ayR/venv/bin/python /tmp/hudm-5090-20260924-0z4ayR/audit_paired.py reports/research/k192_sepopt_published_parity_20260924/generated_configs/final_n100/ogb_cube/seed_71623.yaml"
	User time (seconds): 0.19
	System time (seconds): 0.03
	Percent of CPU this job got: 99%
	Elapsed (wall clock) time (h:mm:ss or m:ss): 0:00.22
	Average shared text size (kbytes): 0
	Average unshared data size (kbytes): 0
	Average stack size (kbytes): 0
	Average total size (kbytes): 0
	Maximum resident set size (kbytes): 78256
	Average resident set size (kbytes): 0
	Major (requiring I/O) page faults: 0
	Minor (reclaiming a frame) page faults: 22984
	Voluntary context switches: 1
	Involuntary context switches: 96
	Swaps: 0
	File system inputs: 0
	File system outputs: 48
	Socket messages sent: 0
	Socket messages received: 0
	Signals delivered: 0
	Page size (bytes): 4096
	Exit status: 0
