
{"started_at": "2026-09-24T15:36:18.120944+00:00", "command": ["/tmp/hudm-5090-20260924-0z4ayR/venv/bin/python", "-m", "mwm.benchmark.verify", "reports/research/k192_sepopt_published_parity_20260924/generated_configs/final_n100/reacher/seed_82715.yaml"]}
{
  "cells": [
    [
      "swm/ReacherDMControl-v0",
      82715,
      "sepopt_k192_20260922"
    ],
    [
      "swm/ReacherDMControl-v0",
      82715,
      "upstream_lewm_converted"
    ]
  ],
  "output_dir": "reports/research/k192_sepopt_published_parity_20260924/final_n100/reacher/seed_82715",
  "plots": [
    "efficiency_ratios.png",
    "paired_success_delta.png",
    "success_by_env_role.png",
    "success_vs_compute.png",
    "success_vs_wall_time.png"
  ],
  "runs": 2
}
	Command being timed: "/tmp/hudm-5090-20260924-0z4ayR/venv/bin/python -m mwm.benchmark.verify reports/research/k192_sepopt_published_parity_20260924/generated_configs/final_n100/reacher/seed_82715.yaml"
	User time (seconds): 1.00
	System time (seconds): 0.12
	Percent of CPU this job got: 119%
	Elapsed (wall clock) time (h:mm:ss or m:ss): 0:00.94
	Average shared text size (kbytes): 0
	Average unshared data size (kbytes): 0
	Average stack size (kbytes): 0
	Average total size (kbytes): 0
	Maximum resident set size (kbytes): 637832
	Average resident set size (kbytes): 0
	Major (requiring I/O) page faults: 0
	Minor (reclaiming a frame) page faults: 95877
	Voluntary context switches: 39
	Involuntary context switches: 495
	Swaps: 0
	File system inputs: 0
	File system outputs: 8
	Socket messages sent: 0
	Socket messages received: 0
	Signals delivered: 0
	Page size (bytes): 4096
	Exit status: 0

{"started_at": "2026-09-24T21:49:16.034413+00:00", "command": ["/tmp/hudm-5090-20260924-0z4ayR/venv/bin/python", "-m", "mwm.benchmark.verify", "reports/research/k192_sepopt_published_parity_20260924/generated_configs/final_n100/reacher/seed_82715.yaml"]}
{
  "cells": [
    [
      "swm/ReacherDMControl-v0",
      82715,
      "sepopt_k192_20260922"
    ],
    [
      "swm/ReacherDMControl-v0",
      82715,
      "upstream_lewm_converted"
    ]
  ],
  "output_dir": "reports/research/k192_sepopt_published_parity_20260924/final_n100/reacher/seed_82715",
  "plots": [
    "efficiency_ratios.png",
    "paired_success_delta.png",
    "success_by_env_role.png",
    "success_vs_compute.png",
    "success_vs_wall_time.png"
  ],
  "runs": 2
}
	Command being timed: "/tmp/hudm-5090-20260924-0z4ayR/venv/bin/python -m mwm.benchmark.verify reports/research/k192_sepopt_published_parity_20260924/generated_configs/final_n100/reacher/seed_82715.yaml"
	User time (seconds): 0.98
	System time (seconds): 0.13
	Percent of CPU this job got: 117%
	Elapsed (wall clock) time (h:mm:ss or m:ss): 0:00.95
	Average shared text size (kbytes): 0
	Average unshared data size (kbytes): 0
	Average stack size (kbytes): 0
	Average total size (kbytes): 0
	Maximum resident set size (kbytes): 637944
	Average resident set size (kbytes): 0
	Major (requiring I/O) page faults: 0
	Minor (reclaiming a frame) page faults: 95863
	Voluntary context switches: 84
	Involuntary context switches: 464
	Swaps: 0
	File system inputs: 10576
	File system outputs: 8
	Socket messages sent: 0
	Socket messages received: 0
	Signals delivered: 0
	Page size (bytes): 4096
	Exit status: 0
