
{"started_at": "2026-09-24T12:31:27.539660+00:00", "command": ["/tmp/hudm-5090-20260924-0z4ayR/venv/bin/python", "-m", "mwm.benchmark.verify", "reports/research/k192_sepopt_published_parity_20260924/generated_configs/final_n100/tworoom/seed_91943.yaml", "--static-only"]}
{
  "check_checkpoints": true,
  "checkpoint_contracts": [
    "checkpoints_mwm/mwm_paper10_tworoom_k192_sepopt_retrain_20260922",
    "checkpoints_mwm/upstream_lewm_tworoom"
  ],
  "config": "reports/research/k192_sepopt_published_parity_20260924/generated_configs/final_n100/tworoom/seed_91943.yaml",
  "env_id": "swm/TwoRoom-v1",
  "expected_cells": [
    [
      "swm/TwoRoom-v1",
      91943,
      "sepopt_k192_20260922"
    ],
    [
      "swm/TwoRoom-v1",
      91943,
      "upstream_lewm_converted"
    ]
  ],
  "manifest": {
    "group": "k192_sepopt_published_parity_swm/TwoRoom-v1_seed91943_n100",
    "path": "reports/research/k192_sepopt_published_parity_20260924/manifests/final_n100/tworoom_seed91943.json"
  },
  "output_dir": "reports/research/k192_sepopt_published_parity_20260924/final_n100/tworoom/seed_91943",
  "paper_targets": {},
  "runs": 2,
  "seed": 91943,
  "static_only": true
}
	Command being timed: "/tmp/hudm-5090-20260924-0z4ayR/venv/bin/python -m mwm.benchmark.verify reports/research/k192_sepopt_published_parity_20260924/generated_configs/final_n100/tworoom/seed_91943.yaml --static-only"
	User time (seconds): 0.90
	System time (seconds): 0.11
	Percent of CPU this job got: 121%
	Elapsed (wall clock) time (h:mm:ss or m:ss): 0:00.83
	Average shared text size (kbytes): 0
	Average unshared data size (kbytes): 0
	Average stack size (kbytes): 0
	Average total size (kbytes): 0
	Maximum resident set size (kbytes): 610684
	Average resident set size (kbytes): 0
	Major (requiring I/O) page faults: 0
	Minor (reclaiming a frame) page faults: 81465
	Voluntary context switches: 39
	Involuntary context switches: 450
	Swaps: 0
	File system inputs: 0
	File system outputs: 8
	Socket messages sent: 0
	Socket messages received: 0
	Signals delivered: 0
	Page size (bytes): 4096
	Exit status: 0

{"started_at": "2026-09-24T15:02:40.366158+00:00", "command": ["/tmp/hudm-5090-20260924-0z4ayR/venv/bin/python", "-m", "mwm.benchmark.verify", "reports/research/k192_sepopt_published_parity_20260924/generated_configs/final_n100/tworoom/seed_91943.yaml", "--static-only"]}
{
  "check_checkpoints": true,
  "checkpoint_contracts": [
    "checkpoints_mwm/mwm_paper10_tworoom_k192_sepopt_retrain_20260922",
    "checkpoints_mwm/upstream_lewm_tworoom"
  ],
  "config": "reports/research/k192_sepopt_published_parity_20260924/generated_configs/final_n100/tworoom/seed_91943.yaml",
  "env_id": "swm/TwoRoom-v1",
  "expected_cells": [
    [
      "swm/TwoRoom-v1",
      91943,
      "sepopt_k192_20260922"
    ],
    [
      "swm/TwoRoom-v1",
      91943,
      "upstream_lewm_converted"
    ]
  ],
  "manifest": {
    "group": "k192_sepopt_published_parity_swm/TwoRoom-v1_seed91943_n100",
    "path": "reports/research/k192_sepopt_published_parity_20260924/manifests/final_n100/tworoom_seed91943.json"
  },
  "output_dir": "reports/research/k192_sepopt_published_parity_20260924/final_n100/tworoom/seed_91943",
  "paper_targets": {},
  "runs": 2,
  "seed": 91943,
  "static_only": true
}
	Command being timed: "/tmp/hudm-5090-20260924-0z4ayR/venv/bin/python -m mwm.benchmark.verify reports/research/k192_sepopt_published_parity_20260924/generated_configs/final_n100/tworoom/seed_91943.yaml --static-only"
	User time (seconds): 0.87
	System time (seconds): 0.12
	Percent of CPU this job got: 121%
	Elapsed (wall clock) time (h:mm:ss or m:ss): 0:00.82
	Average shared text size (kbytes): 0
	Average unshared data size (kbytes): 0
	Average stack size (kbytes): 0
	Average total size (kbytes): 0
	Maximum resident set size (kbytes): 609244
	Average resident set size (kbytes): 0
	Major (requiring I/O) page faults: 0
	Minor (reclaiming a frame) page faults: 81472
	Voluntary context switches: 44
	Involuntary context switches: 419
	Swaps: 0
	File system inputs: 8
	File system outputs: 8
	Socket messages sent: 0
	Socket messages received: 0
	Signals delivered: 0
	Page size (bytes): 4096
	Exit status: 0

{"started_at": "2026-09-24T15:20:33.140184+00:00", "command": ["/tmp/hudm-5090-20260924-0z4ayR/venv/bin/python", "-m", "mwm.benchmark.verify", "reports/research/k192_sepopt_published_parity_20260924/generated_configs/final_n100/tworoom/seed_91943.yaml", "--static-only"]}
{
  "check_checkpoints": true,
  "checkpoint_contracts": [
    "checkpoints_mwm/mwm_paper10_tworoom_k192_sepopt_retrain_20260922",
    "checkpoints_mwm/upstream_lewm_tworoom"
  ],
  "config": "reports/research/k192_sepopt_published_parity_20260924/generated_configs/final_n100/tworoom/seed_91943.yaml",
  "env_id": "swm/TwoRoom-v1",
  "expected_cells": [
    [
      "swm/TwoRoom-v1",
      91943,
      "sepopt_k192_20260922"
    ],
    [
      "swm/TwoRoom-v1",
      91943,
      "upstream_lewm_converted"
    ]
  ],
  "manifest": {
    "group": "k192_sepopt_published_parity_swm/TwoRoom-v1_seed91943_n100",
    "path": "reports/research/k192_sepopt_published_parity_20260924/manifests/final_n100/tworoom_seed91943.json"
  },
  "output_dir": "reports/research/k192_sepopt_published_parity_20260924/final_n100/tworoom/seed_91943",
  "paper_targets": {},
  "runs": 2,
  "seed": 91943,
  "static_only": true
}
	Command being timed: "/tmp/hudm-5090-20260924-0z4ayR/venv/bin/python -m mwm.benchmark.verify reports/research/k192_sepopt_published_parity_20260924/generated_configs/final_n100/tworoom/seed_91943.yaml --static-only"
	User time (seconds): 0.86
	System time (seconds): 0.12
	Percent of CPU this job got: 122%
	Elapsed (wall clock) time (h:mm:ss or m:ss): 0:00.80
	Average shared text size (kbytes): 0
	Average unshared data size (kbytes): 0
	Average stack size (kbytes): 0
	Average total size (kbytes): 0
	Maximum resident set size (kbytes): 613084
	Average resident set size (kbytes): 0
	Major (requiring I/O) page faults: 0
	Minor (reclaiming a frame) page faults: 81477
	Voluntary context switches: 40
	Involuntary context switches: 385
	Swaps: 0
	File system inputs: 0
	File system outputs: 8
	Socket messages sent: 0
	Socket messages received: 0
	Signals delivered: 0
	Page size (bytes): 4096
	Exit status: 0

{"started_at": "2026-09-24T21:49:05.454916+00:00", "command": ["/tmp/hudm-5090-20260924-0z4ayR/venv/bin/python", "-m", "mwm.benchmark.verify", "reports/research/k192_sepopt_published_parity_20260924/generated_configs/final_n100/tworoom/seed_91943.yaml", "--static-only"]}
{
  "check_checkpoints": true,
  "checkpoint_contracts": [
    "checkpoints_mwm/mwm_paper10_tworoom_k192_sepopt_retrain_20260922",
    "checkpoints_mwm/upstream_lewm_tworoom"
  ],
  "config": "reports/research/k192_sepopt_published_parity_20260924/generated_configs/final_n100/tworoom/seed_91943.yaml",
  "env_id": "swm/TwoRoom-v1",
  "expected_cells": [
    [
      "swm/TwoRoom-v1",
      91943,
      "sepopt_k192_20260922"
    ],
    [
      "swm/TwoRoom-v1",
      91943,
      "upstream_lewm_converted"
    ]
  ],
  "manifest": {
    "group": "k192_sepopt_published_parity_swm/TwoRoom-v1_seed91943_n100",
    "path": "reports/research/k192_sepopt_published_parity_20260924/manifests/final_n100/tworoom_seed91943.json"
  },
  "output_dir": "reports/research/k192_sepopt_published_parity_20260924/final_n100/tworoom/seed_91943",
  "paper_targets": {},
  "runs": 2,
  "seed": 91943,
  "static_only": true
}
	Command being timed: "/tmp/hudm-5090-20260924-0z4ayR/venv/bin/python -m mwm.benchmark.verify reports/research/k192_sepopt_published_parity_20260924/generated_configs/final_n100/tworoom/seed_91943.yaml --static-only"
	User time (seconds): 0.85
	System time (seconds): 0.13
	Percent of CPU this job got: 122%
	Elapsed (wall clock) time (h:mm:ss or m:ss): 0:00.80
	Average shared text size (kbytes): 0
	Average unshared data size (kbytes): 0
	Average stack size (kbytes): 0
	Average total size (kbytes): 0
	Maximum resident set size (kbytes): 612808
	Average resident set size (kbytes): 0
	Major (requiring I/O) page faults: 0
	Minor (reclaiming a frame) page faults: 81495
	Voluntary context switches: 43
	Involuntary context switches: 387
	Swaps: 0
	File system inputs: 0
	File system outputs: 8
	Socket messages sent: 0
	Socket messages received: 0
	Signals delivered: 0
	Page size (bytes): 4096
	Exit status: 0
