
{"started_at": "2026-09-24T15:44:42.133497+00:00", "command": ["/tmp/hudm-5090-20260924-0z4ayR/venv/bin/python", "scripts/research/collect_k192_sepopt_published_parity_20260924.py", "--stage", "final", "--environment", "reacher"]}
{"environment": "reacher", "paired_delta_mean": 1.0, "published_mean": 96.6, "qualified_for_n100": null, "retrained_mean": 97.6, "stage": "final"}
	Command being timed: "/tmp/hudm-5090-20260924-0z4ayR/venv/bin/python scripts/research/collect_k192_sepopt_published_parity_20260924.py --stage final --environment reacher"
	User time (seconds): 0.01
	System time (seconds): 0.00
	Percent of CPU this job got: 88%
	Elapsed (wall clock) time (h:mm:ss or m:ss): 0:00.01
	Average shared text size (kbytes): 0
	Average unshared data size (kbytes): 0
	Average stack size (kbytes): 0
	Average total size (kbytes): 0
	Maximum resident set size (kbytes): 16620
	Average resident set size (kbytes): 0
	Major (requiring I/O) page faults: 0
	Minor (reclaiming a frame) page faults: 2106
	Voluntary context switches: 1
	Involuntary context switches: 14
	Swaps: 0
	File system inputs: 0
	File system outputs: 8
	Socket messages sent: 0
	Socket messages received: 0
	Signals delivered: 0
	Page size (bytes): 4096
	Exit status: 0

{"started_at": "2026-09-24T21:49:23.190702+00:00", "command": ["/tmp/hudm-5090-20260924-0z4ayR/venv/bin/python", "scripts/research/collect_k192_sepopt_published_parity_20260924.py", "--stage", "final", "--environment", "reacher"]}
{"environment": "reacher", "paired_delta_mean": 1.0, "published_mean": 96.6, "qualified_for_n100": null, "retrained_mean": 97.6, "stage": "final"}
	Command being timed: "/tmp/hudm-5090-20260924-0z4ayR/venv/bin/python scripts/research/collect_k192_sepopt_published_parity_20260924.py --stage final --environment reacher"
	User time (seconds): 0.01
	System time (seconds): 0.00
	Percent of CPU this job got: 93%
	Elapsed (wall clock) time (h:mm:ss or m:ss): 0:00.01
	Average shared text size (kbytes): 0
	Average unshared data size (kbytes): 0
	Average stack size (kbytes): 0
	Average total size (kbytes): 0
	Maximum resident set size (kbytes): 17436
	Average resident set size (kbytes): 0
	Major (requiring I/O) page faults: 0
	Minor (reclaiming a frame) page faults: 2108
	Voluntary context switches: 1
	Involuntary context switches: 9
	Swaps: 0
	File system inputs: 0
	File system outputs: 8
	Socket messages sent: 0
	Socket messages received: 0
	Signals delivered: 0
	Page size (bytes): 4096
	Exit status: 0
