
{"started_at": "2026-09-24T15:20:32.904514+00:00", "command": ["/tmp/hudm-5090-20260924-0z4ayR/venv/bin/python", "/tmp/hudm-5090-20260924-0z4ayR/audit_paired.py", "reports/research/k192_sepopt_published_parity_20260924/generated_configs/final_n100/tworoom/seed_86604.yaml"]}
{"verified": true, "audit": "/tmp/hudm-5090-20260924-0z4ayR/HUDM/reports/research/k192_sepopt_published_parity_20260924/final_n100/tworoom/seed_86604/paired_audit.json", "roles": [{"role": "upstream_lewm_converted", "episodes": 100, "successes": 86, "success_rate": 86.0, "weights_sha256": "ab3b34c0f3a9d7f4bcd4bd22060fc2bc02effeafbeb907b1927740bb9360485a", "trace_sha256": "79e6d2cfc1d878a6622ce7a5098a925d131c56687419ed0f7deb8cd5df1945b3", "resolved_config_sha256": "af9533aca61f848f542062605f79bb51e4f1d0a4628101beb7a158609d9b17f9", "manifest_sha256": "70328e5abbdbb7a1a2edbd9eb28db4ff9de18548d7761dd4cb60662473b29359", "dynamics_flops_total": 169596475200000}, {"role": "sepopt_k192_20260922", "episodes": 100, "successes": 93, "success_rate": 93.0, "weights_sha256": "0782bd7798c560178d7cea962790ff774fd2d60f7630e02cee80d3f8307f2cf4", "trace_sha256": "2ede6d40a663d8d24f8367c0cf67965aa895ac9eed1410d64d9a181b767102a6", "resolved_config_sha256": "1ed310b6ed941e9b6fa349352fb226abd4ba2f6fca6a5e5f9cc87566c4c32c65", "manifest_sha256": "70328e5abbdbb7a1a2edbd9eb28db4ff9de18548d7761dd4cb60662473b29359", "dynamics_flops_total": 72172296000000}]}
	Command being timed: "/tmp/hudm-5090-20260924-0z4ayR/venv/bin/python /tmp/hudm-5090-20260924-0z4ayR/audit_paired.py reports/research/k192_sepopt_published_parity_20260924/generated_configs/final_n100/tworoom/seed_86604.yaml"
	User time (seconds): 0.16
	System time (seconds): 0.03
	Percent of CPU this job got: 99%
	Elapsed (wall clock) time (h:mm:ss or m:ss): 0:00.20
	Average shared text size (kbytes): 0
	Average unshared data size (kbytes): 0
	Average stack size (kbytes): 0
	Average total size (kbytes): 0
	Maximum resident set size (kbytes): 69824
	Average resident set size (kbytes): 0
	Major (requiring I/O) page faults: 0
	Minor (reclaiming a frame) page faults: 19914
	Voluntary context switches: 1
	Involuntary context switches: 70
	Swaps: 0
	File system inputs: 0
	File system outputs: 48
	Socket messages sent: 0
	Socket messages received: 0
	Signals delivered: 0
	Page size (bytes): 4096
	Exit status: 0

{"started_at": "2026-09-24T21:49:05.192585+00:00", "command": ["/tmp/hudm-5090-20260924-0z4ayR/venv/bin/python", "/tmp/hudm-5090-20260924-0z4ayR/audit_paired.py", "reports/research/k192_sepopt_published_parity_20260924/generated_configs/final_n100/tworoom/seed_86604.yaml"]}
{"verified": true, "audit": "/tmp/hudm-5090-20260924-0z4ayR/HUDM/reports/research/k192_sepopt_published_parity_20260924/final_n100/tworoom/seed_86604/paired_audit.json", "roles": [{"role": "upstream_lewm_converted", "episodes": 100, "successes": 86, "success_rate": 86.0, "weights_sha256": "ab3b34c0f3a9d7f4bcd4bd22060fc2bc02effeafbeb907b1927740bb9360485a", "trace_sha256": "79e6d2cfc1d878a6622ce7a5098a925d131c56687419ed0f7deb8cd5df1945b3", "resolved_config_sha256": "af9533aca61f848f542062605f79bb51e4f1d0a4628101beb7a158609d9b17f9", "manifest_sha256": "70328e5abbdbb7a1a2edbd9eb28db4ff9de18548d7761dd4cb60662473b29359", "dynamics_flops_total": 169596475200000}, {"role": "sepopt_k192_20260922", "episodes": 100, "successes": 93, "success_rate": 93.0, "weights_sha256": "0782bd7798c560178d7cea962790ff774fd2d60f7630e02cee80d3f8307f2cf4", "trace_sha256": "2ede6d40a663d8d24f8367c0cf67965aa895ac9eed1410d64d9a181b767102a6", "resolved_config_sha256": "1ed310b6ed941e9b6fa349352fb226abd4ba2f6fca6a5e5f9cc87566c4c32c65", "manifest_sha256": "70328e5abbdbb7a1a2edbd9eb28db4ff9de18548d7761dd4cb60662473b29359", "dynamics_flops_total": 72172296000000}]}
	Command being timed: "/tmp/hudm-5090-20260924-0z4ayR/venv/bin/python /tmp/hudm-5090-20260924-0z4ayR/audit_paired.py reports/research/k192_sepopt_published_parity_20260924/generated_configs/final_n100/tworoom/seed_86604.yaml"
	User time (seconds): 0.17
	System time (seconds): 0.03
	Percent of CPU this job got: 99%
	Elapsed (wall clock) time (h:mm:ss or m:ss): 0:00.20
	Average shared text size (kbytes): 0
	Average unshared data size (kbytes): 0
	Average stack size (kbytes): 0
	Average total size (kbytes): 0
	Maximum resident set size (kbytes): 69456
	Average resident set size (kbytes): 0
	Major (requiring I/O) page faults: 0
	Minor (reclaiming a frame) page faults: 19736
	Voluntary context switches: 1
	Involuntary context switches: 77
	Swaps: 0
	File system inputs: 0
	File system outputs: 48
	Socket messages sent: 0
	Socket messages received: 0
	Signals delivered: 0
	Page size (bytes): 4096
	Exit status: 0
