
{"started_at": "2026-09-24T12:31:26.688460+00:00", "command": ["/tmp/hudm-5090-20260924-0z4ayR/venv/bin/python", "-m", "mwm.benchmark.verify", "reports/research/k192_sepopt_published_parity_20260924/generated_configs/final_n100/tworoom/seed_86604.yaml", "--static-only"]}
{
  "check_checkpoints": true,
  "checkpoint_contracts": [
    "checkpoints_mwm/mwm_paper10_tworoom_k192_sepopt_retrain_20260922",
    "checkpoints_mwm/upstream_lewm_tworoom"
  ],
  "config": "reports/research/k192_sepopt_published_parity_20260924/generated_configs/final_n100/tworoom/seed_86604.yaml",
  "env_id": "swm/TwoRoom-v1",
  "expected_cells": [
    [
      "swm/TwoRoom-v1",
      86604,
      "sepopt_k192_20260922"
    ],
    [
      "swm/TwoRoom-v1",
      86604,
      "upstream_lewm_converted"
    ]
  ],
  "manifest": {
    "group": "k192_sepopt_published_parity_swm/TwoRoom-v1_seed86604_n100",
    "path": "reports/research/k192_sepopt_published_parity_20260924/manifests/final_n100/tworoom_seed86604.json"
  },
  "output_dir": "reports/research/k192_sepopt_published_parity_20260924/final_n100/tworoom/seed_86604",
  "paper_targets": {},
  "runs": 2,
  "seed": 86604,
  "static_only": true
}
	Command being timed: "/tmp/hudm-5090-20260924-0z4ayR/venv/bin/python -m mwm.benchmark.verify reports/research/k192_sepopt_published_parity_20260924/generated_configs/final_n100/tworoom/seed_86604.yaml --static-only"
	User time (seconds): 0.90
	System time (seconds): 0.12
	Percent of CPU this job got: 121%
	Elapsed (wall clock) time (h:mm:ss or m:ss): 0:00.84
	Average shared text size (kbytes): 0
	Average unshared data size (kbytes): 0
	Average stack size (kbytes): 0
	Average total size (kbytes): 0
	Maximum resident set size (kbytes): 610556
	Average resident set size (kbytes): 0
	Major (requiring I/O) page faults: 0
	Minor (reclaiming a frame) page faults: 81477
	Voluntary context switches: 42
	Involuntary context switches: 535
	Swaps: 0
	File system inputs: 0
	File system outputs: 8
	Socket messages sent: 0
	Socket messages received: 0
	Signals delivered: 0
	Page size (bytes): 4096
	Exit status: 0

{"started_at": "2026-09-24T15:02:39.504077+00:00", "command": ["/tmp/hudm-5090-20260924-0z4ayR/venv/bin/python", "-m", "mwm.benchmark.verify", "reports/research/k192_sepopt_published_parity_20260924/generated_configs/final_n100/tworoom/seed_86604.yaml", "--static-only"]}
{
  "check_checkpoints": true,
  "checkpoint_contracts": [
    "checkpoints_mwm/mwm_paper10_tworoom_k192_sepopt_retrain_20260922",
    "checkpoints_mwm/upstream_lewm_tworoom"
  ],
  "config": "reports/research/k192_sepopt_published_parity_20260924/generated_configs/final_n100/tworoom/seed_86604.yaml",
  "env_id": "swm/TwoRoom-v1",
  "expected_cells": [
    [
      "swm/TwoRoom-v1",
      86604,
      "sepopt_k192_20260922"
    ],
    [
      "swm/TwoRoom-v1",
      86604,
      "upstream_lewm_converted"
    ]
  ],
  "manifest": {
    "group": "k192_sepopt_published_parity_swm/TwoRoom-v1_seed86604_n100",
    "path": "reports/research/k192_sepopt_published_parity_20260924/manifests/final_n100/tworoom_seed86604.json"
  },
  "output_dir": "reports/research/k192_sepopt_published_parity_20260924/final_n100/tworoom/seed_86604",
  "paper_targets": {},
  "runs": 2,
  "seed": 86604,
  "static_only": true
}
	Command being timed: "/tmp/hudm-5090-20260924-0z4ayR/venv/bin/python -m mwm.benchmark.verify reports/research/k192_sepopt_published_parity_20260924/generated_configs/final_n100/tworoom/seed_86604.yaml --static-only"
	User time (seconds): 0.87
	System time (seconds): 0.12
	Percent of CPU this job got: 121%
	Elapsed (wall clock) time (h:mm:ss or m:ss): 0:00.82
	Average shared text size (kbytes): 0
	Average unshared data size (kbytes): 0
	Average stack size (kbytes): 0
	Average total size (kbytes): 0
	Maximum resident set size (kbytes): 609628
	Average resident set size (kbytes): 0
	Major (requiring I/O) page faults: 0
	Minor (reclaiming a frame) page faults: 81469
	Voluntary context switches: 40
	Involuntary context switches: 410
	Swaps: 0
	File system inputs: 8
	File system outputs: 8
	Socket messages sent: 0
	Socket messages received: 0
	Signals delivered: 0
	Page size (bytes): 4096
	Exit status: 0

{"started_at": "2026-09-24T15:17:24.295613+00:00", "command": ["/tmp/hudm-5090-20260924-0z4ayR/venv/bin/python", "-m", "mwm.benchmark.verify", "reports/research/k192_sepopt_published_parity_20260924/generated_configs/final_n100/tworoom/seed_86604.yaml", "--static-only"]}
{
  "check_checkpoints": true,
  "checkpoint_contracts": [
    "checkpoints_mwm/mwm_paper10_tworoom_k192_sepopt_retrain_20260922",
    "checkpoints_mwm/upstream_lewm_tworoom"
  ],
  "config": "reports/research/k192_sepopt_published_parity_20260924/generated_configs/final_n100/tworoom/seed_86604.yaml",
  "env_id": "swm/TwoRoom-v1",
  "expected_cells": [
    [
      "swm/TwoRoom-v1",
      86604,
      "sepopt_k192_20260922"
    ],
    [
      "swm/TwoRoom-v1",
      86604,
      "upstream_lewm_converted"
    ]
  ],
  "manifest": {
    "group": "k192_sepopt_published_parity_swm/TwoRoom-v1_seed86604_n100",
    "path": "reports/research/k192_sepopt_published_parity_20260924/manifests/final_n100/tworoom_seed86604.json"
  },
  "output_dir": "reports/research/k192_sepopt_published_parity_20260924/final_n100/tworoom/seed_86604",
  "paper_targets": {},
  "runs": 2,
  "seed": 86604,
  "static_only": true
}
	Command being timed: "/tmp/hudm-5090-20260924-0z4ayR/venv/bin/python -m mwm.benchmark.verify reports/research/k192_sepopt_published_parity_20260924/generated_configs/final_n100/tworoom/seed_86604.yaml --static-only"
	User time (seconds): 0.87
	System time (seconds): 0.12
	Percent of CPU this job got: 121%
	Elapsed (wall clock) time (h:mm:ss or m:ss): 0:00.82
	Average shared text size (kbytes): 0
	Average unshared data size (kbytes): 0
	Average stack size (kbytes): 0
	Average total size (kbytes): 0
	Maximum resident set size (kbytes): 611432
	Average resident set size (kbytes): 0
	Major (requiring I/O) page faults: 0
	Minor (reclaiming a frame) page faults: 81485
	Voluntary context switches: 40
	Involuntary context switches: 392
	Swaps: 0
	File system inputs: 0
	File system outputs: 8
	Socket messages sent: 0
	Socket messages received: 0
	Signals delivered: 0
	Page size (bytes): 4096
	Exit status: 0

{"started_at": "2026-09-24T21:49:02.471921+00:00", "command": ["/tmp/hudm-5090-20260924-0z4ayR/venv/bin/python", "-m", "mwm.benchmark.verify", "reports/research/k192_sepopt_published_parity_20260924/generated_configs/final_n100/tworoom/seed_86604.yaml", "--static-only"]}
{
  "check_checkpoints": true,
  "checkpoint_contracts": [
    "checkpoints_mwm/mwm_paper10_tworoom_k192_sepopt_retrain_20260922",
    "checkpoints_mwm/upstream_lewm_tworoom"
  ],
  "config": "reports/research/k192_sepopt_published_parity_20260924/generated_configs/final_n100/tworoom/seed_86604.yaml",
  "env_id": "swm/TwoRoom-v1",
  "expected_cells": [
    [
      "swm/TwoRoom-v1",
      86604,
      "sepopt_k192_20260922"
    ],
    [
      "swm/TwoRoom-v1",
      86604,
      "upstream_lewm_converted"
    ]
  ],
  "manifest": {
    "group": "k192_sepopt_published_parity_swm/TwoRoom-v1_seed86604_n100",
    "path": "reports/research/k192_sepopt_published_parity_20260924/manifests/final_n100/tworoom_seed86604.json"
  },
  "output_dir": "reports/research/k192_sepopt_published_parity_20260924/final_n100/tworoom/seed_86604",
  "paper_targets": {},
  "runs": 2,
  "seed": 86604,
  "static_only": true
}
	Command being timed: "/tmp/hudm-5090-20260924-0z4ayR/venv/bin/python -m mwm.benchmark.verify reports/research/k192_sepopt_published_parity_20260924/generated_configs/final_n100/tworoom/seed_86604.yaml --static-only"
	User time (seconds): 0.87
	System time (seconds): 0.11
	Percent of CPU this job got: 122%
	Elapsed (wall clock) time (h:mm:ss or m:ss): 0:00.81
	Average shared text size (kbytes): 0
	Average unshared data size (kbytes): 0
	Average stack size (kbytes): 0
	Average total size (kbytes): 0
	Maximum resident set size (kbytes): 612464
	Average resident set size (kbytes): 0
	Major (requiring I/O) page faults: 0
	Minor (reclaiming a frame) page faults: 81493
	Voluntary context switches: 41
	Involuntary context switches: 400
	Swaps: 0
	File system inputs: 0
	File system outputs: 8
	Socket messages sent: 0
	Socket messages received: 0
	Signals delivered: 0
	Page size (bytes): 4096
	Exit status: 0
