
{"started_at": "2026-09-24T21:56:11.919252+00:00", "command": ["/tmp/hudm-5090-20260924-0z4ayR/venv/bin/python", "/tmp/hudm-5090-20260924-0z4ayR/audit_paired.py", "reports/research/k192_sepopt_published_parity_20260924/generated_configs/final_n100/ogb_cube/seed_2002.yaml"]}
{"verified": true, "audit": "/tmp/hudm-5090-20260924-0z4ayR/HUDM/reports/research/k192_sepopt_published_parity_20260924/final_n100/ogb_cube/seed_2002/paired_audit.json", "roles": [{"role": "upstream_lewm_converted", "episodes": 100, "successes": 69, "success_rate": 69.0, "weights_sha256": "9400a6f64e7ad176ccd345556d107e927612070535adc6de7a2657bd136506a0", "trace_sha256": "1f84c2d04f6d4e85a5e101db16dbca00c05442fbe48642063a14209795bceab8", "resolved_config_sha256": "e9ac79e1b8e3d72af962f84ac6b0ef50bdd2f1e407e3e385b68826b63401b315", "manifest_sha256": "6b78567566069fbb9726e6bf25cebbcfd98c671f82e1ccaf13643c678cf3cdf5", "dynamics_flops_total": 169599175200000}, {"role": "sepopt_k192_20260922", "episodes": 100, "successes": 71, "success_rate": 71.0, "weights_sha256": "f8f023c1bfd5fe6d6a176d8f138e0c650f0857ebe372868298ec08319bb48781", "trace_sha256": "0b0752cc3289e0dd211fa3e3c0dfcf7cf3bb1ba974b52703fd9147d77e1aadcb", "resolved_config_sha256": "2955ee8ee1d95e1f94a214b7879759227b31172e56b54c611afe244195004a30", "manifest_sha256": "6b78567566069fbb9726e6bf25cebbcfd98c671f82e1ccaf13643c678cf3cdf5", "dynamics_flops_total": 169599175200000}]}
	Command being timed: "/tmp/hudm-5090-20260924-0z4ayR/venv/bin/python /tmp/hudm-5090-20260924-0z4ayR/audit_paired.py reports/research/k192_sepopt_published_parity_20260924/generated_configs/final_n100/ogb_cube/seed_2002.yaml"
	User time (seconds): 0.18
	System time (seconds): 0.03
	Percent of CPU this job got: 99%
	Elapsed (wall clock) time (h:mm:ss or m:ss): 0:00.22
	Average shared text size (kbytes): 0
	Average unshared data size (kbytes): 0
	Average stack size (kbytes): 0
	Average total size (kbytes): 0
	Maximum resident set size (kbytes): 78292
	Average resident set size (kbytes): 0
	Major (requiring I/O) page faults: 0
	Minor (reclaiming a frame) page faults: 22981
	Voluntary context switches: 1
	Involuntary context switches: 107
	Swaps: 0
	File system inputs: 0
	File system outputs: 48
	Socket messages sent: 0
	Socket messages received: 0
	Signals delivered: 0
	Page size (bytes): 4096
	Exit status: 0
