
{"started_at": "2026-09-24T15:44:41.899438+00:00", "command": ["/tmp/hudm-5090-20260924-0z4ayR/venv/bin/python", "/tmp/hudm-5090-20260924-0z4ayR/audit_paired.py", "reports/research/k192_sepopt_published_parity_20260924/generated_configs/final_n100/reacher/seed_91943.yaml"]}
{"verified": true, "audit": "/tmp/hudm-5090-20260924-0z4ayR/HUDM/reports/research/k192_sepopt_published_parity_20260924/final_n100/reacher/seed_91943/paired_audit.json", "roles": [{"role": "upstream_lewm_converted", "episodes": 100, "successes": 96, "success_rate": 96.0, "weights_sha256": "351d9c40922fb99bc46017392a372df59c3b26ba4c7af00cb7b6bcd85b6f78fd", "trace_sha256": "925569a4247b72fa3b0aae80b203942de9f8b12ed5235679159240b6fc015563", "resolved_config_sha256": "22f36072db4bb05cd8d86a6d365ab61e17d0602bdf3750796481865bf89fb9d8", "manifest_sha256": "d67c959db19e6c529e689264a4c34e2e466fff6ca2ea7b2af9c88e58f5141a1f", "dynamics_flops_total": 169596475200000}, {"role": "sepopt_k192_20260922", "episodes": 100, "successes": 99, "success_rate": 99.0, "weights_sha256": "2993c6146f5ad6ec160c35422c75c89113d25b51c6de2552f1ecc5b30fe891ff", "trace_sha256": "b09e24f3dd0ab3551fa4732062942187d9014f72c0804288c36d406430ee233d", "resolved_config_sha256": "296d42a3fbadcf611c25da09d4deb9551775ec592e6a339d8dded3139091555e", "manifest_sha256": "d67c959db19e6c529e689264a4c34e2e466fff6ca2ea7b2af9c88e58f5141a1f", "dynamics_flops_total": 169596475200000}]}
	Command being timed: "/tmp/hudm-5090-20260924-0z4ayR/venv/bin/python /tmp/hudm-5090-20260924-0z4ayR/audit_paired.py reports/research/k192_sepopt_published_parity_20260924/generated_configs/final_n100/reacher/seed_91943.yaml"
	User time (seconds): 0.17
	System time (seconds): 0.03
	Percent of CPU this job got: 99%
	Elapsed (wall clock) time (h:mm:ss or m:ss): 0:00.21
	Average shared text size (kbytes): 0
	Average unshared data size (kbytes): 0
	Average stack size (kbytes): 0
	Average total size (kbytes): 0
	Maximum resident set size (kbytes): 69144
	Average resident set size (kbytes): 0
	Major (requiring I/O) page faults: 0
	Minor (reclaiming a frame) page faults: 19926
	Voluntary context switches: 1
	Involuntary context switches: 79
	Swaps: 0
	File system inputs: 0
	File system outputs: 48
	Socket messages sent: 0
	Socket messages received: 0
	Signals delivered: 0
	Page size (bytes): 4096
	Exit status: 0

{"started_at": "2026-09-24T21:49:22.932060+00:00", "command": ["/tmp/hudm-5090-20260924-0z4ayR/venv/bin/python", "/tmp/hudm-5090-20260924-0z4ayR/audit_paired.py", "reports/research/k192_sepopt_published_parity_20260924/generated_configs/final_n100/reacher/seed_91943.yaml"]}
{"verified": true, "audit": "/tmp/hudm-5090-20260924-0z4ayR/HUDM/reports/research/k192_sepopt_published_parity_20260924/final_n100/reacher/seed_91943/paired_audit.json", "roles": [{"role": "upstream_lewm_converted", "episodes": 100, "successes": 96, "success_rate": 96.0, "weights_sha256": "351d9c40922fb99bc46017392a372df59c3b26ba4c7af00cb7b6bcd85b6f78fd", "trace_sha256": "925569a4247b72fa3b0aae80b203942de9f8b12ed5235679159240b6fc015563", "resolved_config_sha256": "22f36072db4bb05cd8d86a6d365ab61e17d0602bdf3750796481865bf89fb9d8", "manifest_sha256": "d67c959db19e6c529e689264a4c34e2e466fff6ca2ea7b2af9c88e58f5141a1f", "dynamics_flops_total": 169596475200000}, {"role": "sepopt_k192_20260922", "episodes": 100, "successes": 99, "success_rate": 99.0, "weights_sha256": "2993c6146f5ad6ec160c35422c75c89113d25b51c6de2552f1ecc5b30fe891ff", "trace_sha256": "b09e24f3dd0ab3551fa4732062942187d9014f72c0804288c36d406430ee233d", "resolved_config_sha256": "296d42a3fbadcf611c25da09d4deb9551775ec592e6a339d8dded3139091555e", "manifest_sha256": "d67c959db19e6c529e689264a4c34e2e466fff6ca2ea7b2af9c88e58f5141a1f", "dynamics_flops_total": 169596475200000}]}
	Command being timed: "/tmp/hudm-5090-20260924-0z4ayR/venv/bin/python /tmp/hudm-5090-20260924-0z4ayR/audit_paired.py reports/research/k192_sepopt_published_parity_20260924/generated_configs/final_n100/reacher/seed_91943.yaml"
	User time (seconds): 0.17
	System time (seconds): 0.02
	Percent of CPU this job got: 99%
	Elapsed (wall clock) time (h:mm:ss or m:ss): 0:00.20
	Average shared text size (kbytes): 0
	Average unshared data size (kbytes): 0
	Average stack size (kbytes): 0
	Average total size (kbytes): 0
	Maximum resident set size (kbytes): 70036
	Average resident set size (kbytes): 0
	Major (requiring I/O) page faults: 0
	Minor (reclaiming a frame) page faults: 19744
	Voluntary context switches: 1
	Involuntary context switches: 79
	Swaps: 0
	File system inputs: 0
	File system outputs: 48
	Socket messages sent: 0
	Socket messages received: 0
	Signals delivered: 0
	Page size (bytes): 4096
	Exit status: 0
