
{"started_at": "2026-09-24T16:30:57.784883+00:00", "command": ["/tmp/hudm-5090-20260924-0z4ayR/venv/bin/python", "-m", "mwm.benchmark.verify", "reports/research/k192_sepopt_published_parity_20260924/generated_configs/final_n100/pusht/seed_91943.yaml"]}
{
  "cells": [
    [
      "swm/PushT-v1",
      91943,
      "sepopt_k192_20260922"
    ],
    [
      "swm/PushT-v1",
      91943,
      "upstream_lewm_converted"
    ]
  ],
  "output_dir": "reports/research/k192_sepopt_published_parity_20260924/final_n100/pusht/seed_91943",
  "plots": [
    "efficiency_ratios.png",
    "paired_success_delta.png",
    "success_by_env_role.png",
    "success_vs_compute.png",
    "success_vs_wall_time.png"
  ],
  "runs": 2
}
	Command being timed: "/tmp/hudm-5090-20260924-0z4ayR/venv/bin/python -m mwm.benchmark.verify reports/research/k192_sepopt_published_parity_20260924/generated_configs/final_n100/pusht/seed_91943.yaml"
	User time (seconds): 1.11
	System time (seconds): 0.15
	Percent of CPU this job got: 116%
	Elapsed (wall clock) time (h:mm:ss or m:ss): 0:01.09
	Average shared text size (kbytes): 0
	Average unshared data size (kbytes): 0
	Average stack size (kbytes): 0
	Average total size (kbytes): 0
	Maximum resident set size (kbytes): 671468
	Average resident set size (kbytes): 0
	Major (requiring I/O) page faults: 0
	Minor (reclaiming a frame) page faults: 115702
	Voluntary context switches: 42
	Involuntary context switches: 524
	Swaps: 0
	File system inputs: 0
	File system outputs: 8
	Socket messages sent: 0
	Socket messages received: 0
	Signals delivered: 0
	Page size (bytes): 4096
	Exit status: 0

{"started_at": "2026-09-24T21:49:38.830556+00:00", "command": ["/tmp/hudm-5090-20260924-0z4ayR/venv/bin/python", "-m", "mwm.benchmark.verify", "reports/research/k192_sepopt_published_parity_20260924/generated_configs/final_n100/pusht/seed_91943.yaml"]}
{
  "cells": [
    [
      "swm/PushT-v1",
      91943,
      "sepopt_k192_20260922"
    ],
    [
      "swm/PushT-v1",
      91943,
      "upstream_lewm_converted"
    ]
  ],
  "output_dir": "reports/research/k192_sepopt_published_parity_20260924/final_n100/pusht/seed_91943",
  "plots": [
    "efficiency_ratios.png",
    "paired_success_delta.png",
    "success_by_env_role.png",
    "success_vs_compute.png",
    "success_vs_wall_time.png"
  ],
  "runs": 2
}
	Command being timed: "/tmp/hudm-5090-20260924-0z4ayR/venv/bin/python -m mwm.benchmark.verify reports/research/k192_sepopt_published_parity_20260924/generated_configs/final_n100/pusht/seed_91943.yaml"
	User time (seconds): 1.12
	System time (seconds): 0.16
	Percent of CPU this job got: 114%
	Elapsed (wall clock) time (h:mm:ss or m:ss): 0:01.12
	Average shared text size (kbytes): 0
	Average unshared data size (kbytes): 0
	Average stack size (kbytes): 0
	Average total size (kbytes): 0
	Maximum resident set size (kbytes): 670176
	Average resident set size (kbytes): 0
	Major (requiring I/O) page faults: 0
	Minor (reclaiming a frame) page faults: 115692
	Voluntary context switches: 165
	Involuntary context switches: 507
	Swaps: 0
	File system inputs: 31728
	File system outputs: 8
	Socket messages sent: 0
	Socket messages received: 0
	Signals delivered: 0
	Page size (bytes): 4096
	Exit status: 0
