
{"started_at": "2026-09-24T15:36:19.106428+00:00", "command": ["/tmp/hudm-5090-20260924-0z4ayR/venv/bin/python", "/tmp/hudm-5090-20260924-0z4ayR/audit_paired.py", "reports/research/k192_sepopt_published_parity_20260924/generated_configs/final_n100/reacher/seed_82715.yaml"]}
{"verified": true, "audit": "/tmp/hudm-5090-20260924-0z4ayR/HUDM/reports/research/k192_sepopt_published_parity_20260924/final_n100/reacher/seed_82715/paired_audit.json", "roles": [{"role": "upstream_lewm_converted", "episodes": 100, "successes": 97, "success_rate": 97.0, "weights_sha256": "351d9c40922fb99bc46017392a372df59c3b26ba4c7af00cb7b6bcd85b6f78fd", "trace_sha256": "d35d4325cbcb622833704d976283e5b5841e0996a99029777233d174e46365b3", "resolved_config_sha256": "c62941c23cf82b526b7501210ba240e75ff9908aa50508172971df95b78b834c", "manifest_sha256": "5115b89e36b27f8994576e7c9b8c5e5d7ff74a56bae886c32aee7a7d879521db", "dynamics_flops_total": 169596475200000}, {"role": "sepopt_k192_20260922", "episodes": 100, "successes": 96, "success_rate": 96.0, "weights_sha256": "2993c6146f5ad6ec160c35422c75c89113d25b51c6de2552f1ecc5b30fe891ff", "trace_sha256": "4b248bb68813665f60af1edf8f07784ccb46f3f4c8929108b3b04d7a42d555e3", "resolved_config_sha256": "36b845b754dd54523c186145f0291bb8da7d3031bf6a105aa7f72eb693f114f7", "manifest_sha256": "5115b89e36b27f8994576e7c9b8c5e5d7ff74a56bae886c32aee7a7d879521db", "dynamics_flops_total": 169596475200000}]}
	Command being timed: "/tmp/hudm-5090-20260924-0z4ayR/venv/bin/python /tmp/hudm-5090-20260924-0z4ayR/audit_paired.py reports/research/k192_sepopt_published_parity_20260924/generated_configs/final_n100/reacher/seed_82715.yaml"
	User time (seconds): 0.17
	System time (seconds): 0.03
	Percent of CPU this job got: 99%
	Elapsed (wall clock) time (h:mm:ss or m:ss): 0:00.20
	Average shared text size (kbytes): 0
	Average unshared data size (kbytes): 0
	Average stack size (kbytes): 0
	Average total size (kbytes): 0
	Maximum resident set size (kbytes): 69492
	Average resident set size (kbytes): 0
	Major (requiring I/O) page faults: 0
	Minor (reclaiming a frame) page faults: 19924
	Voluntary context switches: 1
	Involuntary context switches: 82
	Swaps: 0
	File system inputs: 0
	File system outputs: 48
	Socket messages sent: 0
	Socket messages received: 0
	Signals delivered: 0
	Page size (bytes): 4096
	Exit status: 0

{"started_at": "2026-09-24T21:49:17.038969+00:00", "command": ["/tmp/hudm-5090-20260924-0z4ayR/venv/bin/python", "/tmp/hudm-5090-20260924-0z4ayR/audit_paired.py", "reports/research/k192_sepopt_published_parity_20260924/generated_configs/final_n100/reacher/seed_82715.yaml"]}
{"verified": true, "audit": "/tmp/hudm-5090-20260924-0z4ayR/HUDM/reports/research/k192_sepopt_published_parity_20260924/final_n100/reacher/seed_82715/paired_audit.json", "roles": [{"role": "upstream_lewm_converted", "episodes": 100, "successes": 97, "success_rate": 97.0, "weights_sha256": "351d9c40922fb99bc46017392a372df59c3b26ba4c7af00cb7b6bcd85b6f78fd", "trace_sha256": "d35d4325cbcb622833704d976283e5b5841e0996a99029777233d174e46365b3", "resolved_config_sha256": "c62941c23cf82b526b7501210ba240e75ff9908aa50508172971df95b78b834c", "manifest_sha256": "5115b89e36b27f8994576e7c9b8c5e5d7ff74a56bae886c32aee7a7d879521db", "dynamics_flops_total": 169596475200000}, {"role": "sepopt_k192_20260922", "episodes": 100, "successes": 96, "success_rate": 96.0, "weights_sha256": "2993c6146f5ad6ec160c35422c75c89113d25b51c6de2552f1ecc5b30fe891ff", "trace_sha256": "4b248bb68813665f60af1edf8f07784ccb46f3f4c8929108b3b04d7a42d555e3", "resolved_config_sha256": "36b845b754dd54523c186145f0291bb8da7d3031bf6a105aa7f72eb693f114f7", "manifest_sha256": "5115b89e36b27f8994576e7c9b8c5e5d7ff74a56bae886c32aee7a7d879521db", "dynamics_flops_total": 169596475200000}]}
	Command being timed: "/tmp/hudm-5090-20260924-0z4ayR/venv/bin/python /tmp/hudm-5090-20260924-0z4ayR/audit_paired.py reports/research/k192_sepopt_published_parity_20260924/generated_configs/final_n100/reacher/seed_82715.yaml"
	User time (seconds): 0.16
	System time (seconds): 0.04
	Percent of CPU this job got: 99%
	Elapsed (wall clock) time (h:mm:ss or m:ss): 0:00.20
	Average shared text size (kbytes): 0
	Average unshared data size (kbytes): 0
	Average stack size (kbytes): 0
	Average total size (kbytes): 0
	Maximum resident set size (kbytes): 69268
	Average resident set size (kbytes): 0
	Major (requiring I/O) page faults: 0
	Minor (reclaiming a frame) page faults: 19913
	Voluntary context switches: 1
	Involuntary context switches: 86
	Swaps: 0
	File system inputs: 0
	File system outputs: 48
	Socket messages sent: 0
	Socket messages received: 0
	Signals delivered: 0
	Page size (bytes): 4096
	Exit status: 0
