
{"started_at": "2026-09-24T21:49:41.204014+00:00", "command": ["/tmp/hudm-5090-20260924-0z4ayR/venv/bin/python", "-m", "mwm.benchmark.matrix", "reports/research/k192_sepopt_published_parity_20260924/generated_configs/final_n100/ogb_cube/seed_2002.yaml", "--resume"]}
[benchmark] 1/2 published
[benchmark] 2/2 sepopt_k192_20260922
[benchmark] wrote reports/research/k192_sepopt_published_parity_20260924/final_n100/ogb_cube/seed_2002/summary.json
[benchmark] wrote reports/research/k192_sepopt_published_parity_20260924/final_n100/ogb_cube/seed_2002/review.html
[benchmark] inspect rollout videos with: python -m mwm.benchmark.render_review reports/research/k192_sepopt_published_parity_20260924/final_n100/ogb_cube/seed_2002 --serve
	Command being timed: "/tmp/hudm-5090-20260924-0z4ayR/venv/bin/python -m mwm.benchmark.matrix reports/research/k192_sepopt_published_parity_20260924/generated_configs/final_n100/ogb_cube/seed_2002.yaml --resume"
	User time (seconds): 383.01
	System time (seconds): 18.96
	Percent of CPU this job got: 103%
	Elapsed (wall clock) time (h:mm:ss or m:ss): 6:29.54
	Average shared text size (kbytes): 0
	Average unshared data size (kbytes): 0
	Average stack size (kbytes): 0
	Average total size (kbytes): 0
	Maximum resident set size (kbytes): 15175400
	Average resident set size (kbytes): 0
	Major (requiring I/O) page faults: 0
	Minor (reclaiming a frame) page faults: 10128086
	Voluntary context switches: 158626
	Involuntary context switches: 108640
	Swaps: 0
	File system inputs: 80864
	File system outputs: 112352
	Socket messages sent: 0
	Socket messages received: 0
	Signals delivered: 0
	Page size (bytes): 4096
	Exit status: 0
