
{"started_at": "2026-09-24T12:31:25.002171+00:00", "command": ["/tmp/hudm-5090-20260924-0z4ayR/venv/bin/python", "-m", "mwm.benchmark.verify", "reports/research/k192_sepopt_published_parity_20260924/generated_configs/final_n100/tworoom/seed_71623.yaml", "--static-only"]}
{
  "check_checkpoints": true,
  "checkpoint_contracts": [
    "checkpoints_mwm/mwm_paper10_tworoom_k192_sepopt_retrain_20260922",
    "checkpoints_mwm/upstream_lewm_tworoom"
  ],
  "config": "reports/research/k192_sepopt_published_parity_20260924/generated_configs/final_n100/tworoom/seed_71623.yaml",
  "env_id": "swm/TwoRoom-v1",
  "expected_cells": [
    [
      "swm/TwoRoom-v1",
      71623,
      "sepopt_k192_20260922"
    ],
    [
      "swm/TwoRoom-v1",
      71623,
      "upstream_lewm_converted"
    ]
  ],
  "manifest": {
    "group": "k192_sepopt_published_parity_swm/TwoRoom-v1_seed71623_n100",
    "path": "reports/research/k192_sepopt_published_parity_20260924/manifests/final_n100/tworoom_seed71623.json"
  },
  "output_dir": "reports/research/k192_sepopt_published_parity_20260924/final_n100/tworoom/seed_71623",
  "paper_targets": {},
  "runs": 2,
  "seed": 71623,
  "static_only": true
}
	Command being timed: "/tmp/hudm-5090-20260924-0z4ayR/venv/bin/python -m mwm.benchmark.verify reports/research/k192_sepopt_published_parity_20260924/generated_configs/final_n100/tworoom/seed_71623.yaml --static-only"
	User time (seconds): 0.89
	System time (seconds): 0.11
	Percent of CPU this job got: 121%
	Elapsed (wall clock) time (h:mm:ss or m:ss): 0:00.82
	Average shared text size (kbytes): 0
	Average unshared data size (kbytes): 0
	Average stack size (kbytes): 0
	Average total size (kbytes): 0
	Maximum resident set size (kbytes): 611016
	Average resident set size (kbytes): 0
	Major (requiring I/O) page faults: 0
	Minor (reclaiming a frame) page faults: 81472
	Voluntary context switches: 40
	Involuntary context switches: 459
	Swaps: 0
	File system inputs: 0
	File system outputs: 8
	Socket messages sent: 0
	Socket messages received: 0
	Signals delivered: 0
	Page size (bytes): 4096
	Exit status: 0

{"started_at": "2026-09-24T15:02:37.789229+00:00", "command": ["/tmp/hudm-5090-20260924-0z4ayR/venv/bin/python", "-m", "mwm.benchmark.verify", "reports/research/k192_sepopt_published_parity_20260924/generated_configs/final_n100/tworoom/seed_71623.yaml", "--static-only"]}
{
  "check_checkpoints": true,
  "checkpoint_contracts": [
    "checkpoints_mwm/mwm_paper10_tworoom_k192_sepopt_retrain_20260922",
    "checkpoints_mwm/upstream_lewm_tworoom"
  ],
  "config": "reports/research/k192_sepopt_published_parity_20260924/generated_configs/final_n100/tworoom/seed_71623.yaml",
  "env_id": "swm/TwoRoom-v1",
  "expected_cells": [
    [
      "swm/TwoRoom-v1",
      71623,
      "sepopt_k192_20260922"
    ],
    [
      "swm/TwoRoom-v1",
      71623,
      "upstream_lewm_converted"
    ]
  ],
  "manifest": {
    "group": "k192_sepopt_published_parity_swm/TwoRoom-v1_seed71623_n100",
    "path": "reports/research/k192_sepopt_published_parity_20260924/manifests/final_n100/tworoom_seed71623.json"
  },
  "output_dir": "reports/research/k192_sepopt_published_parity_20260924/final_n100/tworoom/seed_71623",
  "paper_targets": {},
  "runs": 2,
  "seed": 71623,
  "static_only": true
}
	Command being timed: "/tmp/hudm-5090-20260924-0z4ayR/venv/bin/python -m mwm.benchmark.verify reports/research/k192_sepopt_published_parity_20260924/generated_configs/final_n100/tworoom/seed_71623.yaml --static-only"
	User time (seconds): 0.87
	System time (seconds): 0.11
	Percent of CPU this job got: 121%
	Elapsed (wall clock) time (h:mm:ss or m:ss): 0:00.81
	Average shared text size (kbytes): 0
	Average unshared data size (kbytes): 0
	Average stack size (kbytes): 0
	Average total size (kbytes): 0
	Maximum resident set size (kbytes): 610848
	Average resident set size (kbytes): 0
	Major (requiring I/O) page faults: 0
	Minor (reclaiming a frame) page faults: 81475
	Voluntary context switches: 42
	Involuntary context switches: 506
	Swaps: 0
	File system inputs: 8
	File system outputs: 8
	Socket messages sent: 0
	Socket messages received: 0
	Signals delivered: 0
	Page size (bytes): 4096
	Exit status: 0

{"started_at": "2026-09-24T15:11:06.770641+00:00", "command": ["/tmp/hudm-5090-20260924-0z4ayR/venv/bin/python", "-m", "mwm.benchmark.verify", "reports/research/k192_sepopt_published_parity_20260924/generated_configs/final_n100/tworoom/seed_71623.yaml", "--static-only"]}
{
  "check_checkpoints": true,
  "checkpoint_contracts": [
    "checkpoints_mwm/mwm_paper10_tworoom_k192_sepopt_retrain_20260922",
    "checkpoints_mwm/upstream_lewm_tworoom"
  ],
  "config": "reports/research/k192_sepopt_published_parity_20260924/generated_configs/final_n100/tworoom/seed_71623.yaml",
  "env_id": "swm/TwoRoom-v1",
  "expected_cells": [
    [
      "swm/TwoRoom-v1",
      71623,
      "sepopt_k192_20260922"
    ],
    [
      "swm/TwoRoom-v1",
      71623,
      "upstream_lewm_converted"
    ]
  ],
  "manifest": {
    "group": "k192_sepopt_published_parity_swm/TwoRoom-v1_seed71623_n100",
    "path": "reports/research/k192_sepopt_published_parity_20260924/manifests/final_n100/tworoom_seed71623.json"
  },
  "output_dir": "reports/research/k192_sepopt_published_parity_20260924/final_n100/tworoom/seed_71623",
  "paper_targets": {},
  "runs": 2,
  "seed": 71623,
  "static_only": true
}
	Command being timed: "/tmp/hudm-5090-20260924-0z4ayR/venv/bin/python -m mwm.benchmark.verify reports/research/k192_sepopt_published_parity_20260924/generated_configs/final_n100/tworoom/seed_71623.yaml --static-only"
	User time (seconds): 0.86
	System time (seconds): 0.12
	Percent of CPU this job got: 122%
	Elapsed (wall clock) time (h:mm:ss or m:ss): 0:00.81
	Average shared text size (kbytes): 0
	Average unshared data size (kbytes): 0
	Average stack size (kbytes): 0
	Average total size (kbytes): 0
	Maximum resident set size (kbytes): 611320
	Average resident set size (kbytes): 0
	Major (requiring I/O) page faults: 0
	Minor (reclaiming a frame) page faults: 81476
	Voluntary context switches: 42
	Involuntary context switches: 377
	Swaps: 0
	File system inputs: 0
	File system outputs: 8
	Socket messages sent: 0
	Socket messages received: 0
	Signals delivered: 0
	Page size (bytes): 4096
	Exit status: 0

{"started_at": "2026-09-24T21:48:56.593124+00:00", "command": ["/tmp/hudm-5090-20260924-0z4ayR/venv/bin/python", "-m", "mwm.benchmark.verify", "reports/research/k192_sepopt_published_parity_20260924/generated_configs/final_n100/tworoom/seed_71623.yaml", "--static-only"]}
{
  "check_checkpoints": true,
  "checkpoint_contracts": [
    "checkpoints_mwm/mwm_paper10_tworoom_k192_sepopt_retrain_20260922",
    "checkpoints_mwm/upstream_lewm_tworoom"
  ],
  "config": "reports/research/k192_sepopt_published_parity_20260924/generated_configs/final_n100/tworoom/seed_71623.yaml",
  "env_id": "swm/TwoRoom-v1",
  "expected_cells": [
    [
      "swm/TwoRoom-v1",
      71623,
      "sepopt_k192_20260922"
    ],
    [
      "swm/TwoRoom-v1",
      71623,
      "upstream_lewm_converted"
    ]
  ],
  "manifest": {
    "group": "k192_sepopt_published_parity_swm/TwoRoom-v1_seed71623_n100",
    "path": "reports/research/k192_sepopt_published_parity_20260924/manifests/final_n100/tworoom_seed71623.json"
  },
  "output_dir": "reports/research/k192_sepopt_published_parity_20260924/final_n100/tworoom/seed_71623",
  "paper_targets": {},
  "runs": 2,
  "seed": 71623,
  "static_only": true
}
	Command being timed: "/tmp/hudm-5090-20260924-0z4ayR/venv/bin/python -m mwm.benchmark.verify reports/research/k192_sepopt_published_parity_20260924/generated_configs/final_n100/tworoom/seed_71623.yaml --static-only"
	User time (seconds): 0.87
	System time (seconds): 0.12
	Percent of CPU this job got: 122%
	Elapsed (wall clock) time (h:mm:ss or m:ss): 0:00.81
	Average shared text size (kbytes): 0
	Average unshared data size (kbytes): 0
	Average stack size (kbytes): 0
	Average total size (kbytes): 0
	Maximum resident set size (kbytes): 612440
	Average resident set size (kbytes): 0
	Major (requiring I/O) page faults: 0
	Minor (reclaiming a frame) page faults: 81486
	Voluntary context switches: 41
	Involuntary context switches: 380
	Swaps: 0
	File system inputs: 0
	File system outputs: 8
	Socket messages sent: 0
	Socket messages received: 0
	Signals delivered: 0
	Page size (bytes): 4096
	Exit status: 0
