
{"started_at": "2026-09-24T12:31:32.646212+00:00", "command": ["/tmp/hudm-5090-20260924-0z4ayR/venv/bin/python", "-m", "mwm.benchmark.verify", "reports/research/k192_sepopt_published_parity_20260924/generated_configs/final_n100/pusht/seed_2002.yaml", "--static-only"]}
{
  "check_checkpoints": true,
  "checkpoint_contracts": [
    "checkpoints_mwm/mwm_paper10_pusht_k192_sepopt_retrain_20260922",
    "checkpoints_mwm/upstream_lewm_pusht"
  ],
  "config": "reports/research/k192_sepopt_published_parity_20260924/generated_configs/final_n100/pusht/seed_2002.yaml",
  "env_id": "swm/PushT-v1",
  "expected_cells": [
    [
      "swm/PushT-v1",
      2002,
      "sepopt_k192_20260922"
    ],
    [
      "swm/PushT-v1",
      2002,
      "upstream_lewm_converted"
    ]
  ],
  "manifest": {
    "group": "k192_sepopt_published_parity_swm/PushT-v1_seed2002_n100",
    "path": "reports/research/k192_sepopt_published_parity_20260924/manifests/final_n100/pusht_seed2002.json"
  },
  "output_dir": "reports/research/k192_sepopt_published_parity_20260924/final_n100/pusht/seed_2002",
  "paper_targets": {},
  "runs": 2,
  "seed": 2002,
  "static_only": true
}
	Command being timed: "/tmp/hudm-5090-20260924-0z4ayR/venv/bin/python -m mwm.benchmark.verify reports/research/k192_sepopt_published_parity_20260924/generated_configs/final_n100/pusht/seed_2002.yaml --static-only"
	User time (seconds): 0.91
	System time (seconds): 0.10
	Percent of CPU this job got: 121%
	Elapsed (wall clock) time (h:mm:ss or m:ss): 0:00.83
	Average shared text size (kbytes): 0
	Average unshared data size (kbytes): 0
	Average stack size (kbytes): 0
	Average total size (kbytes): 0
	Maximum resident set size (kbytes): 612568
	Average resident set size (kbytes): 0
	Major (requiring I/O) page faults: 0
	Minor (reclaiming a frame) page faults: 81491
	Voluntary context switches: 43
	Involuntary context switches: 465
	Swaps: 0
	File system inputs: 0
	File system outputs: 8
	Socket messages sent: 0
	Socket messages received: 0
	Signals delivered: 0
	Page size (bytes): 4096
	Exit status: 0

{"started_at": "2026-09-24T15:02:45.592901+00:00", "command": ["/tmp/hudm-5090-20260924-0z4ayR/venv/bin/python", "-m", "mwm.benchmark.verify", "reports/research/k192_sepopt_published_parity_20260924/generated_configs/final_n100/pusht/seed_2002.yaml", "--static-only"]}
{
  "check_checkpoints": true,
  "checkpoint_contracts": [
    "checkpoints_mwm/mwm_paper10_pusht_k192_sepopt_retrain_20260922",
    "checkpoints_mwm/upstream_lewm_pusht"
  ],
  "config": "reports/research/k192_sepopt_published_parity_20260924/generated_configs/final_n100/pusht/seed_2002.yaml",
  "env_id": "swm/PushT-v1",
  "expected_cells": [
    [
      "swm/PushT-v1",
      2002,
      "sepopt_k192_20260922"
    ],
    [
      "swm/PushT-v1",
      2002,
      "upstream_lewm_converted"
    ]
  ],
  "manifest": {
    "group": "k192_sepopt_published_parity_swm/PushT-v1_seed2002_n100",
    "path": "reports/research/k192_sepopt_published_parity_20260924/manifests/final_n100/pusht_seed2002.json"
  },
  "output_dir": "reports/research/k192_sepopt_published_parity_20260924/final_n100/pusht/seed_2002",
  "paper_targets": {},
  "runs": 2,
  "seed": 2002,
  "static_only": true
}
	Command being timed: "/tmp/hudm-5090-20260924-0z4ayR/venv/bin/python -m mwm.benchmark.verify reports/research/k192_sepopt_published_parity_20260924/generated_configs/final_n100/pusht/seed_2002.yaml --static-only"
	User time (seconds): 0.87
	System time (seconds): 0.13
	Percent of CPU this job got: 115%
	Elapsed (wall clock) time (h:mm:ss or m:ss): 0:00.87
	Average shared text size (kbytes): 0
	Average unshared data size (kbytes): 0
	Average stack size (kbytes): 0
	Average total size (kbytes): 0
	Maximum resident set size (kbytes): 609728
	Average resident set size (kbytes): 0
	Major (requiring I/O) page faults: 0
	Minor (reclaiming a frame) page faults: 81493
	Voluntary context switches: 935
	Involuntary context switches: 419
	Swaps: 0
	File system inputs: 306264
	File system outputs: 8
	Socket messages sent: 0
	Socket messages received: 0
	Signals delivered: 0
	Page size (bytes): 4096
	Exit status: 0

{"started_at": "2026-09-24T15:44:42.157033+00:00", "command": ["/tmp/hudm-5090-20260924-0z4ayR/venv/bin/python", "-m", "mwm.benchmark.verify", "reports/research/k192_sepopt_published_parity_20260924/generated_configs/final_n100/pusht/seed_2002.yaml", "--static-only"]}
{
  "check_checkpoints": true,
  "checkpoint_contracts": [
    "checkpoints_mwm/mwm_paper10_pusht_k192_sepopt_retrain_20260922",
    "checkpoints_mwm/upstream_lewm_pusht"
  ],
  "config": "reports/research/k192_sepopt_published_parity_20260924/generated_configs/final_n100/pusht/seed_2002.yaml",
  "env_id": "swm/PushT-v1",
  "expected_cells": [
    [
      "swm/PushT-v1",
      2002,
      "sepopt_k192_20260922"
    ],
    [
      "swm/PushT-v1",
      2002,
      "upstream_lewm_converted"
    ]
  ],
  "manifest": {
    "group": "k192_sepopt_published_parity_swm/PushT-v1_seed2002_n100",
    "path": "reports/research/k192_sepopt_published_parity_20260924/manifests/final_n100/pusht_seed2002.json"
  },
  "output_dir": "reports/research/k192_sepopt_published_parity_20260924/final_n100/pusht/seed_2002",
  "paper_targets": {},
  "runs": 2,
  "seed": 2002,
  "static_only": true
}
	Command being timed: "/tmp/hudm-5090-20260924-0z4ayR/venv/bin/python -m mwm.benchmark.verify reports/research/k192_sepopt_published_parity_20260924/generated_configs/final_n100/pusht/seed_2002.yaml --static-only"
	User time (seconds): 0.89
	System time (seconds): 0.11
	Percent of CPU this job got: 121%
	Elapsed (wall clock) time (h:mm:ss or m:ss): 0:00.82
	Average shared text size (kbytes): 0
	Average unshared data size (kbytes): 0
	Average stack size (kbytes): 0
	Average total size (kbytes): 0
	Maximum resident set size (kbytes): 610968
	Average resident set size (kbytes): 0
	Major (requiring I/O) page faults: 0
	Minor (reclaiming a frame) page faults: 81477
	Voluntary context switches: 41
	Involuntary context switches: 475
	Swaps: 0
	File system inputs: 0
	File system outputs: 8
	Socket messages sent: 0
	Socket messages received: 0
	Signals delivered: 0
	Page size (bytes): 4096
	Exit status: 0

{"started_at": "2026-09-24T21:49:23.233576+00:00", "command": ["/tmp/hudm-5090-20260924-0z4ayR/venv/bin/python", "-m", "mwm.benchmark.verify", "reports/research/k192_sepopt_published_parity_20260924/generated_configs/final_n100/pusht/seed_2002.yaml", "--static-only"]}
{
  "check_checkpoints": true,
  "checkpoint_contracts": [
    "checkpoints_mwm/mwm_paper10_pusht_k192_sepopt_retrain_20260922",
    "checkpoints_mwm/upstream_lewm_pusht"
  ],
  "config": "reports/research/k192_sepopt_published_parity_20260924/generated_configs/final_n100/pusht/seed_2002.yaml",
  "env_id": "swm/PushT-v1",
  "expected_cells": [
    [
      "swm/PushT-v1",
      2002,
      "sepopt_k192_20260922"
    ],
    [
      "swm/PushT-v1",
      2002,
      "upstream_lewm_converted"
    ]
  ],
  "manifest": {
    "group": "k192_sepopt_published_parity_swm/PushT-v1_seed2002_n100",
    "path": "reports/research/k192_sepopt_published_parity_20260924/manifests/final_n100/pusht_seed2002.json"
  },
  "output_dir": "reports/research/k192_sepopt_published_parity_20260924/final_n100/pusht/seed_2002",
  "paper_targets": {},
  "runs": 2,
  "seed": 2002,
  "static_only": true
}
	Command being timed: "/tmp/hudm-5090-20260924-0z4ayR/venv/bin/python -m mwm.benchmark.verify reports/research/k192_sepopt_published_parity_20260924/generated_configs/final_n100/pusht/seed_2002.yaml --static-only"
	User time (seconds): 0.87
	System time (seconds): 0.13
	Percent of CPU this job got: 121%
	Elapsed (wall clock) time (h:mm:ss or m:ss): 0:00.82
	Average shared text size (kbytes): 0
	Average unshared data size (kbytes): 0
	Average stack size (kbytes): 0
	Average total size (kbytes): 0
	Maximum resident set size (kbytes): 612140
	Average resident set size (kbytes): 0
	Major (requiring I/O) page faults: 0
	Minor (reclaiming a frame) page faults: 81509
	Voluntary context switches: 42
	Involuntary context switches: 426
	Swaps: 0
	File system inputs: 0
	File system outputs: 8
	Socket messages sent: 0
	Socket messages received: 0
	Signals delivered: 0
	Page size (bytes): 4096
	Exit status: 0
