
{"started_at": "2026-09-24T22:15:42.313746+00:00", "command": ["/tmp/hudm-5090-20260924-0z4ayR/venv/bin/python", "/tmp/hudm-5090-20260924-0z4ayR/audit_paired.py", "reports/research/k192_sepopt_published_parity_20260924/generated_configs/final_n100/ogb_cube/seed_86604.yaml"]}
{"verified": true, "audit": "/tmp/hudm-5090-20260924-0z4ayR/HUDM/reports/research/k192_sepopt_published_parity_20260924/final_n100/ogb_cube/seed_86604/paired_audit.json", "roles": [{"role": "upstream_lewm_converted", "episodes": 100, "successes": 74, "success_rate": 74.0, "weights_sha256": "9400a6f64e7ad176ccd345556d107e927612070535adc6de7a2657bd136506a0", "trace_sha256": "606dc126e282d2165b5018b5744703fe3fcb9d604c5fa7625083e27b08484264", "resolved_config_sha256": "8c77d417017babb310202a31996edf2515c6c0cdc71d1d989b4ec94338a51a3b", "manifest_sha256": "8b2a3158996ed3c81d3eba1f3d4c32d25c09f0057629b6268afaa4c48a3ba02a", "dynamics_flops_total": 169599175200000}, {"role": "sepopt_k192_20260922", "episodes": 100, "successes": 72, "success_rate": 72.0, "weights_sha256": "f8f023c1bfd5fe6d6a176d8f138e0c650f0857ebe372868298ec08319bb48781", "trace_sha256": "1bdda6a0a62bbca7274b4230008e6f9a02b10fb50421c1e348226f922e8d5457", "resolved_config_sha256": "b7aa55e537a30ed49a2378f723db2c26848cf1687853feb46eda45174e2b611f", "manifest_sha256": "8b2a3158996ed3c81d3eba1f3d4c32d25c09f0057629b6268afaa4c48a3ba02a", "dynamics_flops_total": 169599175200000}]}
	Command being timed: "/tmp/hudm-5090-20260924-0z4ayR/venv/bin/python /tmp/hudm-5090-20260924-0z4ayR/audit_paired.py reports/research/k192_sepopt_published_parity_20260924/generated_configs/final_n100/ogb_cube/seed_86604.yaml"
	User time (seconds): 0.18
	System time (seconds): 0.04
	Percent of CPU this job got: 99%
	Elapsed (wall clock) time (h:mm:ss or m:ss): 0:00.22
	Average shared text size (kbytes): 0
	Average unshared data size (kbytes): 0
	Average stack size (kbytes): 0
	Average total size (kbytes): 0
	Maximum resident set size (kbytes): 70624
	Average resident set size (kbytes): 0
	Major (requiring I/O) page faults: 0
	Minor (reclaiming a frame) page faults: 25079
	Voluntary context switches: 1
	Involuntary context switches: 88
	Swaps: 0
	File system inputs: 0
	File system outputs: 48
	Socket messages sent: 0
	Socket messages received: 0
	Signals delivered: 0
	Page size (bytes): 4096
	Exit status: 0
