
{"started_at": "2026-09-24T12:31:30.950449+00:00", "command": ["/tmp/hudm-5090-20260924-0z4ayR/venv/bin/python", "-m", "mwm.benchmark.verify", "reports/research/k192_sepopt_published_parity_20260924/generated_configs/final_n100/reacher/seed_86604.yaml", "--static-only"]}
{
  "check_checkpoints": true,
  "checkpoint_contracts": [
    "checkpoints_mwm/mwm_paper10_reacher_k192_sepopt_retrain_20260922",
    "checkpoints_mwm/upstream_lewm_reacher"
  ],
  "config": "reports/research/k192_sepopt_published_parity_20260924/generated_configs/final_n100/reacher/seed_86604.yaml",
  "env_id": "swm/ReacherDMControl-v0",
  "expected_cells": [
    [
      "swm/ReacherDMControl-v0",
      86604,
      "sepopt_k192_20260922"
    ],
    [
      "swm/ReacherDMControl-v0",
      86604,
      "upstream_lewm_converted"
    ]
  ],
  "manifest": {
    "group": "k192_sepopt_published_parity_swm/ReacherDMControl-v0_seed86604_n100",
    "path": "reports/research/k192_sepopt_published_parity_20260924/manifests/final_n100/reacher_seed86604.json"
  },
  "output_dir": "reports/research/k192_sepopt_published_parity_20260924/final_n100/reacher/seed_86604",
  "paper_targets": {},
  "runs": 2,
  "seed": 86604,
  "static_only": true
}
	Command being timed: "/tmp/hudm-5090-20260924-0z4ayR/venv/bin/python -m mwm.benchmark.verify reports/research/k192_sepopt_published_parity_20260924/generated_configs/final_n100/reacher/seed_86604.yaml --static-only"
	User time (seconds): 0.89
	System time (seconds): 0.12
	Percent of CPU this job got: 121%
	Elapsed (wall clock) time (h:mm:ss or m:ss): 0:00.84
	Average shared text size (kbytes): 0
	Average unshared data size (kbytes): 0
	Average stack size (kbytes): 0
	Average total size (kbytes): 0
	Maximum resident set size (kbytes): 610452
	Average resident set size (kbytes): 0
	Major (requiring I/O) page faults: 0
	Minor (reclaiming a frame) page faults: 81488
	Voluntary context switches: 43
	Involuntary context switches: 512
	Swaps: 0
	File system inputs: 0
	File system outputs: 8
	Socket messages sent: 0
	Socket messages received: 0
	Signals delivered: 0
	Page size (bytes): 4096
	Exit status: 0

{"started_at": "2026-09-24T15:02:43.862566+00:00", "command": ["/tmp/hudm-5090-20260924-0z4ayR/venv/bin/python", "-m", "mwm.benchmark.verify", "reports/research/k192_sepopt_published_parity_20260924/generated_configs/final_n100/reacher/seed_86604.yaml", "--static-only"]}
{
  "check_checkpoints": true,
  "checkpoint_contracts": [
    "checkpoints_mwm/mwm_paper10_reacher_k192_sepopt_retrain_20260922",
    "checkpoints_mwm/upstream_lewm_reacher"
  ],
  "config": "reports/research/k192_sepopt_published_parity_20260924/generated_configs/final_n100/reacher/seed_86604.yaml",
  "env_id": "swm/ReacherDMControl-v0",
  "expected_cells": [
    [
      "swm/ReacherDMControl-v0",
      86604,
      "sepopt_k192_20260922"
    ],
    [
      "swm/ReacherDMControl-v0",
      86604,
      "upstream_lewm_converted"
    ]
  ],
  "manifest": {
    "group": "k192_sepopt_published_parity_swm/ReacherDMControl-v0_seed86604_n100",
    "path": "reports/research/k192_sepopt_published_parity_20260924/manifests/final_n100/reacher_seed86604.json"
  },
  "output_dir": "reports/research/k192_sepopt_published_parity_20260924/final_n100/reacher/seed_86604",
  "paper_targets": {},
  "runs": 2,
  "seed": 86604,
  "static_only": true
}
	Command being timed: "/tmp/hudm-5090-20260924-0z4ayR/venv/bin/python -m mwm.benchmark.verify reports/research/k192_sepopt_published_parity_20260924/generated_configs/final_n100/reacher/seed_86604.yaml --static-only"
	User time (seconds): 0.87
	System time (seconds): 0.12
	Percent of CPU this job got: 121%
	Elapsed (wall clock) time (h:mm:ss or m:ss): 0:00.82
	Average shared text size (kbytes): 0
	Average unshared data size (kbytes): 0
	Average stack size (kbytes): 0
	Average total size (kbytes): 0
	Maximum resident set size (kbytes): 610264
	Average resident set size (kbytes): 0
	Major (requiring I/O) page faults: 0
	Minor (reclaiming a frame) page faults: 81501
	Voluntary context switches: 39
	Involuntary context switches: 481
	Swaps: 0
	File system inputs: 8
	File system outputs: 8
	Socket messages sent: 0
	Socket messages received: 0
	Signals delivered: 0
	Page size (bytes): 4096
	Exit status: 0

{"started_at": "2026-09-24T15:36:19.342982+00:00", "command": ["/tmp/hudm-5090-20260924-0z4ayR/venv/bin/python", "-m", "mwm.benchmark.verify", "reports/research/k192_sepopt_published_parity_20260924/generated_configs/final_n100/reacher/seed_86604.yaml", "--static-only"]}
{
  "check_checkpoints": true,
  "checkpoint_contracts": [
    "checkpoints_mwm/mwm_paper10_reacher_k192_sepopt_retrain_20260922",
    "checkpoints_mwm/upstream_lewm_reacher"
  ],
  "config": "reports/research/k192_sepopt_published_parity_20260924/generated_configs/final_n100/reacher/seed_86604.yaml",
  "env_id": "swm/ReacherDMControl-v0",
  "expected_cells": [
    [
      "swm/ReacherDMControl-v0",
      86604,
      "sepopt_k192_20260922"
    ],
    [
      "swm/ReacherDMControl-v0",
      86604,
      "upstream_lewm_converted"
    ]
  ],
  "manifest": {
    "group": "k192_sepopt_published_parity_swm/ReacherDMControl-v0_seed86604_n100",
    "path": "reports/research/k192_sepopt_published_parity_20260924/manifests/final_n100/reacher_seed86604.json"
  },
  "output_dir": "reports/research/k192_sepopt_published_parity_20260924/final_n100/reacher/seed_86604",
  "paper_targets": {},
  "runs": 2,
  "seed": 86604,
  "static_only": true
}
	Command being timed: "/tmp/hudm-5090-20260924-0z4ayR/venv/bin/python -m mwm.benchmark.verify reports/research/k192_sepopt_published_parity_20260924/generated_configs/final_n100/reacher/seed_86604.yaml --static-only"
	User time (seconds): 0.88
	System time (seconds): 0.12
	Percent of CPU this job got: 122%
	Elapsed (wall clock) time (h:mm:ss or m:ss): 0:00.82
	Average shared text size (kbytes): 0
	Average unshared data size (kbytes): 0
	Average stack size (kbytes): 0
	Average total size (kbytes): 0
	Maximum resident set size (kbytes): 612920
	Average resident set size (kbytes): 0
	Major (requiring I/O) page faults: 0
	Minor (reclaiming a frame) page faults: 81535
	Voluntary context switches: 42
	Involuntary context switches: 449
	Swaps: 0
	File system inputs: 0
	File system outputs: 8
	Socket messages sent: 0
	Socket messages received: 0
	Signals delivered: 0
	Page size (bytes): 4096
	Exit status: 0

{"started_at": "2026-09-24T21:49:17.298857+00:00", "command": ["/tmp/hudm-5090-20260924-0z4ayR/venv/bin/python", "-m", "mwm.benchmark.verify", "reports/research/k192_sepopt_published_parity_20260924/generated_configs/final_n100/reacher/seed_86604.yaml", "--static-only"]}
{
  "check_checkpoints": true,
  "checkpoint_contracts": [
    "checkpoints_mwm/mwm_paper10_reacher_k192_sepopt_retrain_20260922",
    "checkpoints_mwm/upstream_lewm_reacher"
  ],
  "config": "reports/research/k192_sepopt_published_parity_20260924/generated_configs/final_n100/reacher/seed_86604.yaml",
  "env_id": "swm/ReacherDMControl-v0",
  "expected_cells": [
    [
      "swm/ReacherDMControl-v0",
      86604,
      "sepopt_k192_20260922"
    ],
    [
      "swm/ReacherDMControl-v0",
      86604,
      "upstream_lewm_converted"
    ]
  ],
  "manifest": {
    "group": "k192_sepopt_published_parity_swm/ReacherDMControl-v0_seed86604_n100",
    "path": "reports/research/k192_sepopt_published_parity_20260924/manifests/final_n100/reacher_seed86604.json"
  },
  "output_dir": "reports/research/k192_sepopt_published_parity_20260924/final_n100/reacher/seed_86604",
  "paper_targets": {},
  "runs": 2,
  "seed": 86604,
  "static_only": true
}
	Command being timed: "/tmp/hudm-5090-20260924-0z4ayR/venv/bin/python -m mwm.benchmark.verify reports/research/k192_sepopt_published_parity_20260924/generated_configs/final_n100/reacher/seed_86604.yaml --static-only"
	User time (seconds): 0.87
	System time (seconds): 0.12
	Percent of CPU this job got: 122%
	Elapsed (wall clock) time (h:mm:ss or m:ss): 0:00.81
	Average shared text size (kbytes): 0
	Average unshared data size (kbytes): 0
	Average stack size (kbytes): 0
	Average total size (kbytes): 0
	Maximum resident set size (kbytes): 611432
	Average resident set size (kbytes): 0
	Major (requiring I/O) page faults: 0
	Minor (reclaiming a frame) page faults: 81497
	Voluntary context switches: 39
	Involuntary context switches: 421
	Swaps: 0
	File system inputs: 0
	File system outputs: 8
	Socket messages sent: 0
	Socket messages received: 0
	Signals delivered: 0
	Page size (bytes): 4096
	Exit status: 0
