
{"started_at": "2026-09-24T16:30:59.255026+00:00", "command": ["/tmp/hudm-5090-20260924-0z4ayR/venv/bin/python", "scripts/research/collect_k192_sepopt_published_parity_20260924.py", "--stage", "final", "--environment", "pusht"]}
{"environment": "pusht", "paired_delta_mean": 6.0, "published_mean": 86.4, "qualified_for_n100": null, "retrained_mean": 92.4, "stage": "final"}
	Command being timed: "/tmp/hudm-5090-20260924-0z4ayR/venv/bin/python scripts/research/collect_k192_sepopt_published_parity_20260924.py --stage final --environment pusht"
	User time (seconds): 0.01
	System time (seconds): 0.00
	Percent of CPU this job got: 94%
	Elapsed (wall clock) time (h:mm:ss or m:ss): 0:00.01
	Average shared text size (kbytes): 0
	Average unshared data size (kbytes): 0
	Average stack size (kbytes): 0
	Average total size (kbytes): 0
	Maximum resident set size (kbytes): 16524
	Average resident set size (kbytes): 0
	Major (requiring I/O) page faults: 0
	Minor (reclaiming a frame) page faults: 2106
	Voluntary context switches: 1
	Involuntary context switches: 18
	Swaps: 0
	File system inputs: 0
	File system outputs: 8
	Socket messages sent: 0
	Socket messages received: 0
	Signals delivered: 0
	Page size (bytes): 4096
	Exit status: 0

{"started_at": "2026-09-24T21:49:40.337451+00:00", "command": ["/tmp/hudm-5090-20260924-0z4ayR/venv/bin/python", "scripts/research/collect_k192_sepopt_published_parity_20260924.py", "--stage", "final", "--environment", "pusht"]}
{"environment": "pusht", "paired_delta_mean": 6.0, "published_mean": 86.4, "qualified_for_n100": null, "retrained_mean": 92.4, "stage": "final"}
	Command being timed: "/tmp/hudm-5090-20260924-0z4ayR/venv/bin/python scripts/research/collect_k192_sepopt_published_parity_20260924.py --stage final --environment pusht"
	User time (seconds): 0.01
	System time (seconds): 0.00
	Percent of CPU this job got: 100%
	Elapsed (wall clock) time (h:mm:ss or m:ss): 0:00.01
	Average shared text size (kbytes): 0
	Average unshared data size (kbytes): 0
	Average stack size (kbytes): 0
	Average total size (kbytes): 0
	Maximum resident set size (kbytes): 16992
	Average resident set size (kbytes): 0
	Major (requiring I/O) page faults: 0
	Minor (reclaiming a frame) page faults: 2109
	Voluntary context switches: 1
	Involuntary context switches: 10
	Swaps: 0
	File system inputs: 0
	File system outputs: 8
	Socket messages sent: 0
	Socket messages received: 0
	Signals delivered: 0
	Page size (bytes): 4096
	Exit status: 0
