
{"started_at": "2026-09-24T15:32:08.088110+00:00", "command": ["/tmp/hudm-5090-20260924-0z4ayR/venv/bin/python", "/tmp/hudm-5090-20260924-0z4ayR/audit_paired.py", "reports/research/k192_sepopt_published_parity_20260924/generated_configs/final_n100/reacher/seed_71623.yaml"]}
{"verified": true, "audit": "/tmp/hudm-5090-20260924-0z4ayR/HUDM/reports/research/k192_sepopt_published_parity_20260924/final_n100/reacher/seed_71623/paired_audit.json", "roles": [{"role": "upstream_lewm_converted", "episodes": 100, "successes": 99, "success_rate": 99.0, "weights_sha256": "351d9c40922fb99bc46017392a372df59c3b26ba4c7af00cb7b6bcd85b6f78fd", "trace_sha256": "b15c63e9658afef21304c9582da7a9b057556a337edf0ea0a85f813f23e63dad", "resolved_config_sha256": "2825fae0c458bacacf334012e8647bcb56d677dd27c5445c3a72eb8d03f00964", "manifest_sha256": "8561d7a100b6c6be65bb26048045014fccba9ffa7caeff9e744fd888bc6b0bf1", "dynamics_flops_total": 169596475200000}, {"role": "sepopt_k192_20260922", "episodes": 100, "successes": 99, "success_rate": 99.0, "weights_sha256": "2993c6146f5ad6ec160c35422c75c89113d25b51c6de2552f1ecc5b30fe891ff", "trace_sha256": "850d32750f5c70c12f6483e30528d5b7602b398dc4f7121cb29e2bd87eced987", "resolved_config_sha256": "91e049cf465fea8f76a52d868432494c4a245f31f3bd76d2e1fc346fd7e31210", "manifest_sha256": "8561d7a100b6c6be65bb26048045014fccba9ffa7caeff9e744fd888bc6b0bf1", "dynamics_flops_total": 169596475200000}]}
	Command being timed: "/tmp/hudm-5090-20260924-0z4ayR/venv/bin/python /tmp/hudm-5090-20260924-0z4ayR/audit_paired.py reports/research/k192_sepopt_published_parity_20260924/generated_configs/final_n100/reacher/seed_71623.yaml"
	User time (seconds): 0.17
	System time (seconds): 0.03
	Percent of CPU this job got: 99%
	Elapsed (wall clock) time (h:mm:ss or m:ss): 0:00.20
	Average shared text size (kbytes): 0
	Average unshared data size (kbytes): 0
	Average stack size (kbytes): 0
	Average total size (kbytes): 0
	Maximum resident set size (kbytes): 69988
	Average resident set size (kbytes): 0
	Major (requiring I/O) page faults: 0
	Minor (reclaiming a frame) page faults: 19927
	Voluntary context switches: 1
	Involuntary context switches: 61
	Swaps: 0
	File system inputs: 0
	File system outputs: 48
	Socket messages sent: 0
	Socket messages received: 0
	Signals delivered: 0
	Page size (bytes): 4096
	Exit status: 0

{"started_at": "2026-09-24T21:49:14.056256+00:00", "command": ["/tmp/hudm-5090-20260924-0z4ayR/venv/bin/python", "/tmp/hudm-5090-20260924-0z4ayR/audit_paired.py", "reports/research/k192_sepopt_published_parity_20260924/generated_configs/final_n100/reacher/seed_71623.yaml"]}
{"verified": true, "audit": "/tmp/hudm-5090-20260924-0z4ayR/HUDM/reports/research/k192_sepopt_published_parity_20260924/final_n100/reacher/seed_71623/paired_audit.json", "roles": [{"role": "upstream_lewm_converted", "episodes": 100, "successes": 99, "success_rate": 99.0, "weights_sha256": "351d9c40922fb99bc46017392a372df59c3b26ba4c7af00cb7b6bcd85b6f78fd", "trace_sha256": "b15c63e9658afef21304c9582da7a9b057556a337edf0ea0a85f813f23e63dad", "resolved_config_sha256": "2825fae0c458bacacf334012e8647bcb56d677dd27c5445c3a72eb8d03f00964", "manifest_sha256": "8561d7a100b6c6be65bb26048045014fccba9ffa7caeff9e744fd888bc6b0bf1", "dynamics_flops_total": 169596475200000}, {"role": "sepopt_k192_20260922", "episodes": 100, "successes": 99, "success_rate": 99.0, "weights_sha256": "2993c6146f5ad6ec160c35422c75c89113d25b51c6de2552f1ecc5b30fe891ff", "trace_sha256": "850d32750f5c70c12f6483e30528d5b7602b398dc4f7121cb29e2bd87eced987", "resolved_config_sha256": "91e049cf465fea8f76a52d868432494c4a245f31f3bd76d2e1fc346fd7e31210", "manifest_sha256": "8561d7a100b6c6be65bb26048045014fccba9ffa7caeff9e744fd888bc6b0bf1", "dynamics_flops_total": 169596475200000}]}
	Command being timed: "/tmp/hudm-5090-20260924-0z4ayR/venv/bin/python /tmp/hudm-5090-20260924-0z4ayR/audit_paired.py reports/research/k192_sepopt_published_parity_20260924/generated_configs/final_n100/reacher/seed_71623.yaml"
	User time (seconds): 0.17
	System time (seconds): 0.03
	Percent of CPU this job got: 99%
	Elapsed (wall clock) time (h:mm:ss or m:ss): 0:00.20
	Average shared text size (kbytes): 0
	Average unshared data size (kbytes): 0
	Average stack size (kbytes): 0
	Average total size (kbytes): 0
	Maximum resident set size (kbytes): 69080
	Average resident set size (kbytes): 0
	Major (requiring I/O) page faults: 0
	Minor (reclaiming a frame) page faults: 19736
	Voluntary context switches: 1
	Involuntary context switches: 76
	Swaps: 0
	File system inputs: 0
	File system outputs: 48
	Socket messages sent: 0
	Socket messages received: 0
	Signals delivered: 0
	Page size (bytes): 4096
	Exit status: 0
