
{"started_at": "2026-09-24T12:31:38.502884+00:00", "command": ["/tmp/hudm-5090-20260924-0z4ayR/venv/bin/python", "-m", "mwm.benchmark.verify", "reports/research/k192_sepopt_published_parity_20260924/generated_configs/final_n100/ogb_cube/seed_82715.yaml", "--static-only"]}
{
  "check_checkpoints": true,
  "checkpoint_contracts": [
    "checkpoints_mwm/mwm_paper10_ogb_cube_k192_sepopt_retrain_20260922",
    "checkpoints_mwm/upstream_lewm_ogb_cube"
  ],
  "config": "reports/research/k192_sepopt_published_parity_20260924/generated_configs/final_n100/ogb_cube/seed_82715.yaml",
  "env_id": "swm/OGBCube-v0",
  "expected_cells": [
    [
      "swm/OGBCube-v0",
      82715,
      "sepopt_k192_20260922"
    ],
    [
      "swm/OGBCube-v0",
      82715,
      "upstream_lewm_converted"
    ]
  ],
  "manifest": {
    "group": "k192_sepopt_published_parity_swm/OGBCube-v0_seed82715_n100",
    "path": "reports/research/k192_sepopt_published_parity_20260924/manifests/final_n100/ogb_cube_seed82715.json"
  },
  "output_dir": "reports/research/k192_sepopt_published_parity_20260924/final_n100/ogb_cube/seed_82715",
  "paper_targets": {},
  "runs": 2,
  "seed": 82715,
  "static_only": true
}
	Command being timed: "/tmp/hudm-5090-20260924-0z4ayR/venv/bin/python -m mwm.benchmark.verify reports/research/k192_sepopt_published_parity_20260924/generated_configs/final_n100/ogb_cube/seed_82715.yaml --static-only"
	User time (seconds): 0.91
	System time (seconds): 0.10
	Percent of CPU this job got: 121%
	Elapsed (wall clock) time (h:mm:ss or m:ss): 0:00.83
	Average shared text size (kbytes): 0
	Average unshared data size (kbytes): 0
	Average stack size (kbytes): 0
	Average total size (kbytes): 0
	Maximum resident set size (kbytes): 612212
	Average resident set size (kbytes): 0
	Major (requiring I/O) page faults: 0
	Minor (reclaiming a frame) page faults: 81505
	Voluntary context switches: 41
	Involuntary context switches: 466
	Swaps: 0
	File system inputs: 0
	File system outputs: 8
	Socket messages sent: 0
	Socket messages received: 0
	Signals delivered: 0
	Page size (bytes): 4096
	Exit status: 0

{"started_at": "2026-09-24T22:02:43.092853+00:00", "command": ["/tmp/hudm-5090-20260924-0z4ayR/venv/bin/python", "-m", "mwm.benchmark.verify", "reports/research/k192_sepopt_published_parity_20260924/generated_configs/final_n100/ogb_cube/seed_82715.yaml", "--static-only"]}
{
  "check_checkpoints": true,
  "checkpoint_contracts": [
    "checkpoints_mwm/mwm_paper10_ogb_cube_k192_sepopt_retrain_20260922",
    "checkpoints_mwm/upstream_lewm_ogb_cube"
  ],
  "config": "reports/research/k192_sepopt_published_parity_20260924/generated_configs/final_n100/ogb_cube/seed_82715.yaml",
  "env_id": "swm/OGBCube-v0",
  "expected_cells": [
    [
      "swm/OGBCube-v0",
      82715,
      "sepopt_k192_20260922"
    ],
    [
      "swm/OGBCube-v0",
      82715,
      "upstream_lewm_converted"
    ]
  ],
  "manifest": {
    "group": "k192_sepopt_published_parity_swm/OGBCube-v0_seed82715_n100",
    "path": "reports/research/k192_sepopt_published_parity_20260924/manifests/final_n100/ogb_cube_seed82715.json"
  },
  "output_dir": "reports/research/k192_sepopt_published_parity_20260924/final_n100/ogb_cube/seed_82715",
  "paper_targets": {},
  "runs": 2,
  "seed": 82715,
  "static_only": true
}
	Command being timed: "/tmp/hudm-5090-20260924-0z4ayR/venv/bin/python -m mwm.benchmark.verify reports/research/k192_sepopt_published_parity_20260924/generated_configs/final_n100/ogb_cube/seed_82715.yaml --static-only"
	User time (seconds): 0.88
	System time (seconds): 0.11
	Percent of CPU this job got: 122%
	Elapsed (wall clock) time (h:mm:ss or m:ss): 0:00.82
	Average shared text size (kbytes): 0
	Average unshared data size (kbytes): 0
	Average stack size (kbytes): 0
	Average total size (kbytes): 0
	Maximum resident set size (kbytes): 611944
	Average resident set size (kbytes): 0
	Major (requiring I/O) page faults: 0
	Minor (reclaiming a frame) page faults: 81500
	Voluntary context switches: 41
	Involuntary context switches: 435
	Swaps: 0
	File system inputs: 0
	File system outputs: 8
	Socket messages sent: 0
	Socket messages received: 0
	Signals delivered: 0
	Page size (bytes): 4096
	Exit status: 0
