
{"started_at": "2026-09-24T13:29:31.299136+00:00", "command": ["/tmp/hudm-5090-20260924-0z4ayR/venv/bin/python", "-m", "mwm.benchmark.verify", "reports/research/k192_sepopt_published_parity_20260924/generated_configs/local_smoke/ogb_cube.yaml", "--static-only"]}
{
  "check_checkpoints": true,
  "checkpoint_contracts": [
    "checkpoints_mwm/mwm_paper10_ogb_cube_k192_sepopt_retrain_20260922",
    "checkpoints_mwm/upstream_lewm_ogb_cube"
  ],
  "config": "reports/research/k192_sepopt_published_parity_20260924/generated_configs/local_smoke/ogb_cube.yaml",
  "env_id": "swm/OGBCube-v0",
  "expected_cells": [
    [
      "swm/OGBCube-v0",
      42,
      "sepopt_k192_20260922"
    ],
    [
      "swm/OGBCube-v0",
      42,
      "upstream_lewm_converted"
    ]
  ],
  "manifest": {
    "group": "local_5090_smoke_ogb_cube",
    "path": "reports/research/k192_sepopt_published_parity_20260924/manifests/local_smoke/ogb_cube.json"
  },
  "output_dir": "reports/research/k192_sepopt_published_parity_20260924/local_smoke/ogb_cube",
  "paper_targets": {},
  "runs": 2,
  "seed": 42,
  "static_only": true
}
	Command being timed: "/tmp/hudm-5090-20260924-0z4ayR/venv/bin/python -m mwm.benchmark.verify reports/research/k192_sepopt_published_parity_20260924/generated_configs/local_smoke/ogb_cube.yaml --static-only"
	User time (seconds): 0.89
	System time (seconds): 0.13
	Percent of CPU this job got: 104%
	Elapsed (wall clock) time (h:mm:ss or m:ss): 0:00.98
	Average shared text size (kbytes): 0
	Average unshared data size (kbytes): 0
	Average stack size (kbytes): 0
	Average total size (kbytes): 0
	Maximum resident set size (kbytes): 609248
	Average resident set size (kbytes): 0
	Major (requiring I/O) page faults: 28
	Minor (reclaiming a frame) page faults: 81490
	Voluntary context switches: 1865
	Involuntary context switches: 487
	Swaps: 0
	File system inputs: 350376
	File system outputs: 8
	Socket messages sent: 0
	Socket messages received: 0
	Signals delivered: 0
	Page size (bytes): 4096
	Exit status: 0
