
{"started_at": "2026-09-24T13:58:19.627369+00:00", "command": ["/tmp/hudm-5090-20260924-0z4ayR/venv/bin/python", "-m", "mwm.benchmark.verify", "reports/research/k192_sepopt_published_parity_20260924/generated_configs/local_smoke/reacher.yaml", "--static-only"]}
{
  "check_checkpoints": true,
  "checkpoint_contracts": [
    "checkpoints_mwm/mwm_paper10_reacher_k192_sepopt_retrain_20260922",
    "checkpoints_mwm/upstream_lewm_reacher"
  ],
  "config": "reports/research/k192_sepopt_published_parity_20260924/generated_configs/local_smoke/reacher.yaml",
  "env_id": "swm/ReacherDMControl-v0",
  "expected_cells": [
    [
      "swm/ReacherDMControl-v0",
      42,
      "sepopt_k192_20260922"
    ],
    [
      "swm/ReacherDMControl-v0",
      42,
      "upstream_lewm_converted"
    ]
  ],
  "manifest": {
    "group": "local_5090_smoke_reacher",
    "path": "reports/research/k192_sepopt_published_parity_20260924/manifests/local_smoke/reacher.json"
  },
  "output_dir": "reports/research/k192_sepopt_published_parity_20260924/local_smoke/reacher",
  "paper_targets": {},
  "runs": 2,
  "seed": 42,
  "static_only": true
}
	Command being timed: "/tmp/hudm-5090-20260924-0z4ayR/venv/bin/python -m mwm.benchmark.verify reports/research/k192_sepopt_published_parity_20260924/generated_configs/local_smoke/reacher.yaml --static-only"
	User time (seconds): 0.85
	System time (seconds): 0.14
	Percent of CPU this job got: 115%
	Elapsed (wall clock) time (h:mm:ss or m:ss): 0:00.86
	Average shared text size (kbytes): 0
	Average unshared data size (kbytes): 0
	Average stack size (kbytes): 0
	Average total size (kbytes): 0
	Maximum resident set size (kbytes): 612760
	Average resident set size (kbytes): 0
	Major (requiring I/O) page faults: 0
	Minor (reclaiming a frame) page faults: 81491
	Voluntary context switches: 934
	Involuntary context switches: 511
	Swaps: 0
	File system inputs: 306280
	File system outputs: 8
	Socket messages sent: 0
	Socket messages received: 0
	Signals delivered: 0
	Page size (bytes): 4096
	Exit status: 0
