
{"started_at": "2026-09-24T13:44:04.700907+00:00", "command": ["/tmp/hudm-5090-20260924-0z4ayR/venv/bin/python", "-m", "mwm.benchmark.matrix", "reports/research/k192_sepopt_published_parity_20260924/generated_configs/local_smoke/pusht.yaml", "--resume"]}
[benchmark] 1/2 published
[benchmark] 2/2 sepopt_k192_20260922
[benchmark] wrote reports/research/k192_sepopt_published_parity_20260924/local_smoke/pusht/summary.json
[benchmark] wrote reports/research/k192_sepopt_published_parity_20260924/local_smoke/pusht/review.html
[benchmark] inspect rollout videos with: python -m mwm.benchmark.render_review reports/research/k192_sepopt_published_parity_20260924/local_smoke/pusht --serve
	Command being timed: "/tmp/hudm-5090-20260924-0z4ayR/venv/bin/python -m mwm.benchmark.matrix reports/research/k192_sepopt_published_parity_20260924/generated_configs/local_smoke/pusht.yaml --resume"
	User time (seconds): 50.80
	System time (seconds): 1.44
	Percent of CPU this job got: 101%
	Elapsed (wall clock) time (h:mm:ss or m:ss): 0:51.44
	Average shared text size (kbytes): 0
	Average unshared data size (kbytes): 0
	Average stack size (kbytes): 0
	Average total size (kbytes): 0
	Maximum resident set size (kbytes): 3184228
	Average resident set size (kbytes): 0
	Major (requiring I/O) page faults: 204
	Minor (reclaiming a frame) page faults: 863625
	Voluntary context switches: 25880
	Involuntary context switches: 13387
	Swaps: 0
	File system inputs: 403424
	File system outputs: 12488
	Socket messages sent: 0
	Socket messages received: 0
	Signals delivered: 0
	Page size (bytes): 4096
	Exit status: 0
