
{"started_at": "2026-09-24T14:02:27.528434+00:00", "command": ["/tmp/hudm-5090-20260924-0z4ayR/venv/bin/python", "/tmp/hudm-5090-20260924-0z4ayR/audit_paired.py", "reports/research/k192_sepopt_published_parity_20260924/generated_configs/local_smoke/tworoom.yaml"]}
{"verified": true, "audit": "/tmp/hudm-5090-20260924-0z4ayR/HUDM/reports/research/k192_sepopt_published_parity_20260924/local_smoke/tworoom/paired_audit.json", "roles": [{"role": "upstream_lewm_converted", "episodes": 2, "successes": 2, "success_rate": 100.0, "weights_sha256": "ab3b34c0f3a9d7f4bcd4bd22060fc2bc02effeafbeb907b1927740bb9360485a", "trace_sha256": "91aedcfe5700c67989be9d62c6d2f1a09dc84d4f4513cbcbc902391b19349243", "resolved_config_sha256": "578d2ecced6fe491a390e221f530eb6bc0b0972c8a553a5d2d7130e36af7650b", "manifest_sha256": "6eea6b4986ae8b8ade873fb46569fe8d85b5d095654286f436a706609f24098c", "dynamics_flops_total": 1695964752000}, {"role": "sepopt_k192_20260922", "episodes": 2, "successes": 2, "success_rate": 100.0, "weights_sha256": "0782bd7798c560178d7cea962790ff774fd2d60f7630e02cee80d3f8307f2cf4", "trace_sha256": "91aedcfe5700c67989be9d62c6d2f1a09dc84d4f4513cbcbc902391b19349243", "resolved_config_sha256": "5c2a76c7132b9b7040bc6ca1e5557e41f75012cee0a23d42969f27d30c286fed", "manifest_sha256": "6eea6b4986ae8b8ade873fb46569fe8d85b5d095654286f436a706609f24098c", "dynamics_flops_total": 721722960000}]}
	Command being timed: "/tmp/hudm-5090-20260924-0z4ayR/venv/bin/python /tmp/hudm-5090-20260924-0z4ayR/audit_paired.py reports/research/k192_sepopt_published_parity_20260924/generated_configs/local_smoke/tworoom.yaml"
	User time (seconds): 0.10
	System time (seconds): 0.01
	Percent of CPU this job got: 100%
	Elapsed (wall clock) time (h:mm:ss or m:ss): 0:00.12
	Average shared text size (kbytes): 0
	Average unshared data size (kbytes): 0
	Average stack size (kbytes): 0
	Average total size (kbytes): 0
	Maximum resident set size (kbytes): 26584
	Average resident set size (kbytes): 0
	Major (requiring I/O) page faults: 0
	Minor (reclaiming a frame) page faults: 4176
	Voluntary context switches: 1
	Involuntary context switches: 37
	Swaps: 0
	File system inputs: 0
	File system outputs: 8
	Socket messages sent: 0
	Socket messages received: 0
	Signals delivered: 0
	Page size (bytes): 4096
	Exit status: 0
