
{"started_at": "2026-09-24T13:31:35.455242+00:00", "command": ["/tmp/hudm-5090-20260924-0z4ayR/venv/bin/python", "/tmp/hudm-5090-20260924-0z4ayR/audit_paired.py", "reports/research/k192_sepopt_published_parity_20260924/generated_configs/local_smoke/ogb_cube.yaml"]}
Traceback (most recent call last):
  File "/tmp/hudm-5090-20260924-0z4ayR/audit_paired.py", line 120, in <module>
    main(sys.argv[1])
  File "/tmp/hudm-5090-20260924-0z4ayR/audit_paired.py", line 77, in main
    manifest_path = Path(cfg.eval.manifest_path)
                    ^^^^^^^^^^^^^^^^^^^^^^^^^^^^
  File "/home/somatic/.local/share/uv/python/cpython-3.11.15-linux-x86_64-gnu/lib/python3.11/pathlib.py", line 871, in __new__
    self = cls._from_parts(args)
           ^^^^^^^^^^^^^^^^^^^^^
  File "/home/somatic/.local/share/uv/python/cpython-3.11.15-linux-x86_64-gnu/lib/python3.11/pathlib.py", line 509, in _from_parts
    drv, root, parts = self._parse_args(args)
                       ^^^^^^^^^^^^^^^^^^^^^^
  File "/home/somatic/.local/share/uv/python/cpython-3.11.15-linux-x86_64-gnu/lib/python3.11/pathlib.py", line 493, in _parse_args
    a = os.fspath(a)
        ^^^^^^^^^^^^
TypeError: expected str, bytes or os.PathLike object, not NoneType
Command exited with non-zero status 1
	Command being timed: "/tmp/hudm-5090-20260924-0z4ayR/venv/bin/python /tmp/hudm-5090-20260924-0z4ayR/audit_paired.py reports/research/k192_sepopt_published_parity_20260924/generated_configs/local_smoke/ogb_cube.yaml"
	User time (seconds): 0.07
	System time (seconds): 0.01
	Percent of CPU this job got: 97%
	Elapsed (wall clock) time (h:mm:ss or m:ss): 0:00.08
	Average shared text size (kbytes): 0
	Average unshared data size (kbytes): 0
	Average stack size (kbytes): 0
	Average total size (kbytes): 0
	Maximum resident set size (kbytes): 26096
	Average resident set size (kbytes): 0
	Major (requiring I/O) page faults: 0
	Minor (reclaiming a frame) page faults: 4283
	Voluntary context switches: 5
	Involuntary context switches: 39
	Swaps: 0
	File system inputs: 112
	File system outputs: 0
	Socket messages sent: 0
	Socket messages received: 0
	Signals delivered: 0
	Page size (bytes): 4096
	Exit status: 1

{"started_at": "2026-09-24T13:35:46.803175+00:00", "command": ["/tmp/hudm-5090-20260924-0z4ayR/venv/bin/python", "/tmp/hudm-5090-20260924-0z4ayR/audit_paired.py", "reports/research/k192_sepopt_published_parity_20260924/generated_configs/local_smoke/ogb_cube.yaml"]}
{"verified": true, "audit": "/tmp/hudm-5090-20260924-0z4ayR/HUDM/reports/research/k192_sepopt_published_parity_20260924/local_smoke/ogb_cube/paired_audit.json", "roles": [{"role": "upstream_lewm_converted", "episodes": 2, "successes": 1, "success_rate": 50.0, "weights_sha256": "9400a6f64e7ad176ccd345556d107e927612070535adc6de7a2657bd136506a0", "trace_sha256": "8fd1a0f9c15ab58d9b130bfe2eec8a9f996f881b9bda21ba198ab602e4ea73bc", "resolved_config_sha256": "12bb420f75371569bb8126c85437aca2534877299f1a5493d4bba499f66e99c4", "manifest_sha256": "bcb45ad172cf49877f921988cce773301f60f99a3b2649dfe4100a3dd02f497a", "dynamics_flops_total": 3391983504000}, {"role": "sepopt_k192_20260922", "episodes": 2, "successes": 1, "success_rate": 50.0, "weights_sha256": "f8f023c1bfd5fe6d6a176d8f138e0c650f0857ebe372868298ec08319bb48781", "trace_sha256": "8fd1a0f9c15ab58d9b130bfe2eec8a9f996f881b9bda21ba198ab602e4ea73bc", "resolved_config_sha256": "facb45a6b260cd6776c6c1364f2b27e8ec84f9805d9077bacb9986f4aff0fd31", "manifest_sha256": "bcb45ad172cf49877f921988cce773301f60f99a3b2649dfe4100a3dd02f497a", "dynamics_flops_total": 3391983504000}]}
	Command being timed: "/tmp/hudm-5090-20260924-0z4ayR/venv/bin/python /tmp/hudm-5090-20260924-0z4ayR/audit_paired.py reports/research/k192_sepopt_published_parity_20260924/generated_configs/local_smoke/ogb_cube.yaml"
	User time (seconds): 0.11
	System time (seconds): 0.01
	Percent of CPU this job got: 100%
	Elapsed (wall clock) time (h:mm:ss or m:ss): 0:00.12
	Average shared text size (kbytes): 0
	Average unshared data size (kbytes): 0
	Average stack size (kbytes): 0
	Average total size (kbytes): 0
	Maximum resident set size (kbytes): 26560
	Average resident set size (kbytes): 0
	Major (requiring I/O) page faults: 0
	Minor (reclaiming a frame) page faults: 4456
	Voluntary context switches: 1
	Involuntary context switches: 44
	Swaps: 0
	File system inputs: 0
	File system outputs: 8
	Socket messages sent: 0
	Socket messages received: 0
	Signals delivered: 0
	Page size (bytes): 4096
	Exit status: 0
