
{"started_at": "2026-09-24T14:50:54.472714+00:00", "command": ["/tmp/hudm-5090-20260924-0z4ayR/venv/bin/python", "/tmp/hudm-5090-20260924-0z4ayR/audit_paired.py", "reports/research/k192_sepopt_published_parity_20260924/generated_configs/screen_n50/pusht/seed_42.yaml"]}
{"verified": true, "audit": "/tmp/hudm-5090-20260924-0z4ayR/HUDM/reports/research/k192_sepopt_published_parity_20260924/screen_n50/pusht/seed_42/paired_audit.json", "roles": [{"role": "upstream_lewm_converted", "episodes": 50, "successes": 47, "success_rate": 94.0, "weights_sha256": "f900533bc36164475063cf1939c55bccbde1aaf1b35a5811301413b81689ed93", "trace_sha256": "32c52a2fd83551be102749ffd19c8e6d1df4dd2adca6cd1036287bd2e4f791eb", "resolved_config_sha256": "708c74073d2dc06701253362f7c08c440135a6ab20cdb49f0a0853a3c7eb0dd1", "manifest_sha256": "103ae5af5d47daa618b6f1e93fb36e47719b7181e80fdaada5660cccf0183a40", "dynamics_flops_total": 254394712800000}, {"role": "sepopt_k192_20260922", "episodes": 50, "successes": 48, "success_rate": 96.0, "weights_sha256": "7d4bb58ba598efa8e7520d2ea2732c9d6a1d359db91ae1e7cc012c77b119417c", "trace_sha256": "62cbb3fcf0d30e7939f2a6115f41144753d3f072266894632a6afb947df11c80", "resolved_config_sha256": "830e97a7ffaab5c11d3eedb1a8a9912cf499660aecc7817ede453581c6a8c892", "manifest_sha256": "103ae5af5d47daa618b6f1e93fb36e47719b7181e80fdaada5660cccf0183a40", "dynamics_flops_total": 254394712800000}]}
	Command being timed: "/tmp/hudm-5090-20260924-0z4ayR/venv/bin/python /tmp/hudm-5090-20260924-0z4ayR/audit_paired.py reports/research/k192_sepopt_published_parity_20260924/generated_configs/screen_n50/pusht/seed_42.yaml"
	User time (seconds): 0.16
	System time (seconds): 0.04
	Percent of CPU this job got: 99%
	Elapsed (wall clock) time (h:mm:ss or m:ss): 0:00.21
	Average shared text size (kbytes): 0
	Average unshared data size (kbytes): 0
	Average stack size (kbytes): 0
	Average total size (kbytes): 0
	Maximum resident set size (kbytes): 75296
	Average resident set size (kbytes): 0
	Major (requiring I/O) page faults: 0
	Minor (reclaiming a frame) page faults: 21844
	Voluntary context switches: 1
	Involuntary context switches: 119
	Swaps: 0
	File system inputs: 0
	File system outputs: 24
	Socket messages sent: 0
	Socket messages received: 0
	Signals delivered: 0
	Page size (bytes): 4096
	Exit status: 0

{"started_at": "2026-09-24T21:27:38.038688+00:00", "command": ["/tmp/hudm-5090-20260924-0z4ayR/venv/bin/python", "/tmp/hudm-5090-20260924-0z4ayR/audit_paired.py", "reports/research/k192_sepopt_published_parity_20260924/generated_configs/screen_n50/pusht/seed_42.yaml"]}
{"verified": true, "audit": "/tmp/hudm-5090-20260924-0z4ayR/HUDM/reports/research/k192_sepopt_published_parity_20260924/screen_n50/pusht/seed_42/paired_audit.json", "roles": [{"role": "upstream_lewm_converted", "episodes": 50, "successes": 47, "success_rate": 94.0, "weights_sha256": "f900533bc36164475063cf1939c55bccbde1aaf1b35a5811301413b81689ed93", "trace_sha256": "32c52a2fd83551be102749ffd19c8e6d1df4dd2adca6cd1036287bd2e4f791eb", "resolved_config_sha256": "708c74073d2dc06701253362f7c08c440135a6ab20cdb49f0a0853a3c7eb0dd1", "manifest_sha256": "103ae5af5d47daa618b6f1e93fb36e47719b7181e80fdaada5660cccf0183a40", "dynamics_flops_total": 254394712800000}, {"role": "sepopt_k192_20260922", "episodes": 50, "successes": 48, "success_rate": 96.0, "weights_sha256": "7d4bb58ba598efa8e7520d2ea2732c9d6a1d359db91ae1e7cc012c77b119417c", "trace_sha256": "62cbb3fcf0d30e7939f2a6115f41144753d3f072266894632a6afb947df11c80", "resolved_config_sha256": "830e97a7ffaab5c11d3eedb1a8a9912cf499660aecc7817ede453581c6a8c892", "manifest_sha256": "103ae5af5d47daa618b6f1e93fb36e47719b7181e80fdaada5660cccf0183a40", "dynamics_flops_total": 254394712800000}]}
	Command being timed: "/tmp/hudm-5090-20260924-0z4ayR/venv/bin/python /tmp/hudm-5090-20260924-0z4ayR/audit_paired.py reports/research/k192_sepopt_published_parity_20260924/generated_configs/screen_n50/pusht/seed_42.yaml"
	User time (seconds): 0.18
	System time (seconds): 0.03
	Percent of CPU this job got: 99%
	Elapsed (wall clock) time (h:mm:ss or m:ss): 0:00.22
	Average shared text size (kbytes): 0
	Average unshared data size (kbytes): 0
	Average stack size (kbytes): 0
	Average total size (kbytes): 0
	Maximum resident set size (kbytes): 74616
	Average resident set size (kbytes): 0
	Major (requiring I/O) page faults: 0
	Minor (reclaiming a frame) page faults: 21740
	Voluntary context switches: 1
	Involuntary context switches: 77
	Swaps: 0
	File system inputs: 0
	File system outputs: 24
	Socket messages sent: 0
	Socket messages received: 0
	Signals delivered: 0
	Page size (bytes): 4096
	Exit status: 0
