
{"started_at": "2026-09-24T21:31:57.196070+00:00", "command": ["/tmp/hudm-5090-20260924-0z4ayR/venv/bin/python", "/tmp/hudm-5090-20260924-0z4ayR/audit_paired.py", "reports/research/k192_sepopt_published_parity_20260924/generated_configs/screen_n50/ogb_cube/seed_0.yaml"]}
{"verified": true, "audit": "/tmp/hudm-5090-20260924-0z4ayR/HUDM/reports/research/k192_sepopt_published_parity_20260924/screen_n50/ogb_cube/seed_0/paired_audit.json", "roles": [{"role": "upstream_lewm_converted", "episodes": 50, "successes": 36, "success_rate": 72.0, "weights_sha256": "9400a6f64e7ad176ccd345556d107e927612070535adc6de7a2657bd136506a0", "trace_sha256": "1268169e36734d059e5660e245e4e4dee9efaef3484ca5f169f3345ec4c4cb8b", "resolved_config_sha256": "2c736b75593753f685d35e972dfa72ea6316c810b0373b2010c4bc8af3075e84", "manifest_sha256": "776006d039b28a2db5a2ff9ff69a04874a424c1089430f4d2a63dd96aea0457e", "dynamics_flops_total": 84799587600000}, {"role": "sepopt_k192_20260922", "episodes": 50, "successes": 39, "success_rate": 78.0, "weights_sha256": "f8f023c1bfd5fe6d6a176d8f138e0c650f0857ebe372868298ec08319bb48781", "trace_sha256": "e0fbcbeef1eb827bc9152f654aa15479866ceecca664bf53c95ad150ab2e83bf", "resolved_config_sha256": "8ea206d9a6f05a312e650d022872a2b7bec41f3de5f667cbd3f50189c530fe16", "manifest_sha256": "776006d039b28a2db5a2ff9ff69a04874a424c1089430f4d2a63dd96aea0457e", "dynamics_flops_total": 84799587600000}]}
	Command being timed: "/tmp/hudm-5090-20260924-0z4ayR/venv/bin/python /tmp/hudm-5090-20260924-0z4ayR/audit_paired.py reports/research/k192_sepopt_published_parity_20260924/generated_configs/screen_n50/ogb_cube/seed_0.yaml"
	User time (seconds): 0.15
	System time (seconds): 0.02
	Percent of CPU this job got: 98%
	Elapsed (wall clock) time (h:mm:ss or m:ss): 0:00.17
	Average shared text size (kbytes): 0
	Average unshared data size (kbytes): 0
	Average stack size (kbytes): 0
	Average total size (kbytes): 0
	Maximum resident set size (kbytes): 48040
	Average resident set size (kbytes): 0
	Major (requiring I/O) page faults: 0
	Minor (reclaiming a frame) page faults: 14615
	Voluntary context switches: 1
	Involuntary context switches: 62
	Swaps: 0
	File system inputs: 0
	File system outputs: 32
	Socket messages sent: 0
	Socket messages received: 0
	Signals delivered: 0
	Page size (bytes): 4096
	Exit status: 0
