
{"started_at": "2026-09-24T14:30:49.715930+00:00", "command": ["/tmp/hudm-5090-20260924-0z4ayR/venv/bin/python", "/tmp/hudm-5090-20260924-0z4ayR/audit_paired.py", "reports/research/k192_sepopt_published_parity_20260924/generated_configs/screen_n50/reacher/seed_100.yaml"]}
{"verified": true, "audit": "/tmp/hudm-5090-20260924-0z4ayR/HUDM/reports/research/k192_sepopt_published_parity_20260924/screen_n50/reacher/seed_100/paired_audit.json", "roles": [{"role": "upstream_lewm_converted", "episodes": 50, "successes": 49, "success_rate": 98.0, "weights_sha256": "351d9c40922fb99bc46017392a372df59c3b26ba4c7af00cb7b6bcd85b6f78fd", "trace_sha256": "a02c56a49f263f93ae3a915349fe2f809a6cc0e680b7e44cd32ac7a78439fb7b", "resolved_config_sha256": "1cf0e45d5470f8e25396915a965ac40f7e2fdc03f1313787fb21a2b80bb7787d", "manifest_sha256": "f10e7171acfc60a2edae160ccf38d10a8acc532d78f8f90119a929a3e754bcaa", "dynamics_flops_total": 84798237600000}, {"role": "sepopt_k192_20260922", "episodes": 50, "successes": 47, "success_rate": 94.0, "weights_sha256": "2993c6146f5ad6ec160c35422c75c89113d25b51c6de2552f1ecc5b30fe891ff", "trace_sha256": "d4d02d3651cf3d49fc4740b68278ebbaacf42c53b3c04967044729da86b1d77e", "resolved_config_sha256": "e4b7467e86a675c2b1c6a0131ff17fcac565bd7241380e43c6640ba0dfbd9f27", "manifest_sha256": "f10e7171acfc60a2edae160ccf38d10a8acc532d78f8f90119a929a3e754bcaa", "dynamics_flops_total": 84798237600000}]}
	Command being timed: "/tmp/hudm-5090-20260924-0z4ayR/venv/bin/python /tmp/hudm-5090-20260924-0z4ayR/audit_paired.py reports/research/k192_sepopt_published_parity_20260924/generated_configs/screen_n50/reacher/seed_100.yaml"
	User time (seconds): 0.13
	System time (seconds): 0.02
	Percent of CPU this job got: 98%
	Elapsed (wall clock) time (h:mm:ss or m:ss): 0:00.16
	Average shared text size (kbytes): 0
	Average unshared data size (kbytes): 0
	Average stack size (kbytes): 0
	Average total size (kbytes): 0
	Maximum resident set size (kbytes): 47568
	Average resident set size (kbytes): 0
	Major (requiring I/O) page faults: 0
	Minor (reclaiming a frame) page faults: 11950
	Voluntary context switches: 1
	Involuntary context switches: 43
	Swaps: 0
	File system inputs: 0
	File system outputs: 32
	Socket messages sent: 0
	Socket messages received: 0
	Signals delivered: 0
	Page size (bytes): 4096
	Exit status: 0

{"started_at": "2026-09-24T21:27:26.134506+00:00", "command": ["/tmp/hudm-5090-20260924-0z4ayR/venv/bin/python", "/tmp/hudm-5090-20260924-0z4ayR/audit_paired.py", "reports/research/k192_sepopt_published_parity_20260924/generated_configs/screen_n50/reacher/seed_100.yaml"]}
{"verified": true, "audit": "/tmp/hudm-5090-20260924-0z4ayR/HUDM/reports/research/k192_sepopt_published_parity_20260924/screen_n50/reacher/seed_100/paired_audit.json", "roles": [{"role": "upstream_lewm_converted", "episodes": 50, "successes": 49, "success_rate": 98.0, "weights_sha256": "351d9c40922fb99bc46017392a372df59c3b26ba4c7af00cb7b6bcd85b6f78fd", "trace_sha256": "a02c56a49f263f93ae3a915349fe2f809a6cc0e680b7e44cd32ac7a78439fb7b", "resolved_config_sha256": "1cf0e45d5470f8e25396915a965ac40f7e2fdc03f1313787fb21a2b80bb7787d", "manifest_sha256": "f10e7171acfc60a2edae160ccf38d10a8acc532d78f8f90119a929a3e754bcaa", "dynamics_flops_total": 84798237600000}, {"role": "sepopt_k192_20260922", "episodes": 50, "successes": 47, "success_rate": 94.0, "weights_sha256": "2993c6146f5ad6ec160c35422c75c89113d25b51c6de2552f1ecc5b30fe891ff", "trace_sha256": "d4d02d3651cf3d49fc4740b68278ebbaacf42c53b3c04967044729da86b1d77e", "resolved_config_sha256": "e4b7467e86a675c2b1c6a0131ff17fcac565bd7241380e43c6640ba0dfbd9f27", "manifest_sha256": "f10e7171acfc60a2edae160ccf38d10a8acc532d78f8f90119a929a3e754bcaa", "dynamics_flops_total": 84798237600000}]}
	Command being timed: "/tmp/hudm-5090-20260924-0z4ayR/venv/bin/python /tmp/hudm-5090-20260924-0z4ayR/audit_paired.py reports/research/k192_sepopt_published_parity_20260924/generated_configs/screen_n50/reacher/seed_100.yaml"
	User time (seconds): 0.13
	System time (seconds): 0.03
	Percent of CPU this job got: 100%
	Elapsed (wall clock) time (h:mm:ss or m:ss): 0:00.16
	Average shared text size (kbytes): 0
	Average unshared data size (kbytes): 0
	Average stack size (kbytes): 0
	Average total size (kbytes): 0
	Maximum resident set size (kbytes): 47584
	Average resident set size (kbytes): 0
	Major (requiring I/O) page faults: 0
	Minor (reclaiming a frame) page faults: 11850
	Voluntary context switches: 1
	Involuntary context switches: 37
	Swaps: 0
	File system inputs: 0
	File system outputs: 32
	Socket messages sent: 0
	Socket messages received: 0
	Signals delivered: 0
	Page size (bytes): 4096
	Exit status: 0
