
{"started_at": "2026-09-24T14:28:18.834804+00:00", "command": ["/tmp/hudm-5090-20260924-0z4ayR/venv/bin/python", "-m", "mwm.benchmark.verify", "reports/research/k192_sepopt_published_parity_20260924/generated_configs/screen_n50/reacher/seed_42.yaml"]}
{
  "cells": [
    [
      "swm/ReacherDMControl-v0",
      42,
      "sepopt_k192_20260922"
    ],
    [
      "swm/ReacherDMControl-v0",
      42,
      "upstream_lewm_converted"
    ]
  ],
  "output_dir": "reports/research/k192_sepopt_published_parity_20260924/screen_n50/reacher/seed_42",
  "plots": [
    "efficiency_ratios.png",
    "paired_success_delta.png",
    "success_by_env_role.png",
    "success_vs_compute.png",
    "success_vs_wall_time.png"
  ],
  "runs": 2
}
	Command being timed: "/tmp/hudm-5090-20260924-0z4ayR/venv/bin/python -m mwm.benchmark.verify reports/research/k192_sepopt_published_parity_20260924/generated_configs/screen_n50/reacher/seed_42.yaml"
	User time (seconds): 0.89
	System time (seconds): 0.13
	Percent of CPU this job got: 121%
	Elapsed (wall clock) time (h:mm:ss or m:ss): 0:00.84
	Average shared text size (kbytes): 0
	Average unshared data size (kbytes): 0
	Average stack size (kbytes): 0
	Average total size (kbytes): 0
	Maximum resident set size (kbytes): 626364
	Average resident set size (kbytes): 0
	Major (requiring I/O) page faults: 0
	Minor (reclaiming a frame) page faults: 88296
	Voluntary context switches: 42
	Involuntary context switches: 414
	Swaps: 0
	File system inputs: 0
	File system outputs: 8
	Socket messages sent: 0
	Socket messages received: 0
	Signals delivered: 0
	Page size (bytes): 4096
	Exit status: 0

{"started_at": "2026-09-24T21:27:22.498444+00:00", "command": ["/tmp/hudm-5090-20260924-0z4ayR/venv/bin/python", "-m", "mwm.benchmark.verify", "reports/research/k192_sepopt_published_parity_20260924/generated_configs/screen_n50/reacher/seed_42.yaml"]}
{
  "cells": [
    [
      "swm/ReacherDMControl-v0",
      42,
      "sepopt_k192_20260922"
    ],
    [
      "swm/ReacherDMControl-v0",
      42,
      "upstream_lewm_converted"
    ]
  ],
  "output_dir": "reports/research/k192_sepopt_published_parity_20260924/screen_n50/reacher/seed_42",
  "plots": [
    "efficiency_ratios.png",
    "paired_success_delta.png",
    "success_by_env_role.png",
    "success_vs_compute.png",
    "success_vs_wall_time.png"
  ],
  "runs": 2
}
	Command being timed: "/tmp/hudm-5090-20260924-0z4ayR/venv/bin/python -m mwm.benchmark.verify reports/research/k192_sepopt_published_parity_20260924/generated_configs/screen_n50/reacher/seed_42.yaml"
	User time (seconds): 0.92
	System time (seconds): 0.13
	Percent of CPU this job got: 120%
	Elapsed (wall clock) time (h:mm:ss or m:ss): 0:00.87
	Average shared text size (kbytes): 0
	Average unshared data size (kbytes): 0
	Average stack size (kbytes): 0
	Average total size (kbytes): 0
	Maximum resident set size (kbytes): 626200
	Average resident set size (kbytes): 0
	Major (requiring I/O) page faults: 0
	Minor (reclaiming a frame) page faults: 88172
	Voluntary context switches: 57
	Involuntary context switches: 449
	Swaps: 0
	File system inputs: 5320
	File system outputs: 8
	Socket messages sent: 0
	Socket messages received: 0
	Signals delivered: 0
	Page size (bytes): 4096
	Exit status: 0
