
{"started_at": "2026-09-24T14:35:50.425609+00:00", "command": ["/tmp/hudm-5090-20260924-0z4ayR/venv/bin/python", "-m", "mwm.benchmark.verify", "reports/research/k192_sepopt_published_parity_20260924/generated_configs/screen_n50/pusht/seed_0.yaml"]}
{
  "cells": [
    [
      "swm/PushT-v1",
      0,
      "sepopt_k192_20260922"
    ],
    [
      "swm/PushT-v1",
      0,
      "upstream_lewm_converted"
    ]
  ],
  "output_dir": "reports/research/k192_sepopt_published_parity_20260924/screen_n50/pusht/seed_0",
  "plots": [
    "efficiency_ratios.png",
    "paired_success_delta.png",
    "success_by_env_role.png",
    "success_vs_compute.png",
    "success_vs_wall_time.png"
  ],
  "runs": 2
}
	Command being timed: "/tmp/hudm-5090-20260924-0z4ayR/venv/bin/python -m mwm.benchmark.verify reports/research/k192_sepopt_published_parity_20260924/generated_configs/screen_n50/pusht/seed_0.yaml"
	User time (seconds): 0.98
	System time (seconds): 0.13
	Percent of CPU this job got: 119%
	Elapsed (wall clock) time (h:mm:ss or m:ss): 0:00.93
	Average shared text size (kbytes): 0
	Average unshared data size (kbytes): 0
	Average stack size (kbytes): 0
	Average total size (kbytes): 0
	Maximum resident set size (kbytes): 620000
	Average resident set size (kbytes): 0
	Major (requiring I/O) page faults: 0
	Minor (reclaiming a frame) page faults: 97969
	Voluntary context switches: 43
	Involuntary context switches: 412
	Swaps: 0
	File system inputs: 0
	File system outputs: 8
	Socket messages sent: 0
	Socket messages received: 0
	Signals delivered: 0
	Page size (bytes): 4096
	Exit status: 0

{"started_at": "2026-09-24T21:27:28.097235+00:00", "command": ["/tmp/hudm-5090-20260924-0z4ayR/venv/bin/python", "-m", "mwm.benchmark.verify", "reports/research/k192_sepopt_published_parity_20260924/generated_configs/screen_n50/pusht/seed_0.yaml"]}
{
  "cells": [
    [
      "swm/PushT-v1",
      0,
      "sepopt_k192_20260922"
    ],
    [
      "swm/PushT-v1",
      0,
      "upstream_lewm_converted"
    ]
  ],
  "output_dir": "reports/research/k192_sepopt_published_parity_20260924/screen_n50/pusht/seed_0",
  "plots": [
    "efficiency_ratios.png",
    "paired_success_delta.png",
    "success_by_env_role.png",
    "success_vs_compute.png",
    "success_vs_wall_time.png"
  ],
  "runs": 2
}
	Command being timed: "/tmp/hudm-5090-20260924-0z4ayR/venv/bin/python -m mwm.benchmark.verify reports/research/k192_sepopt_published_parity_20260924/generated_configs/screen_n50/pusht/seed_0.yaml"
	User time (seconds): 0.99
	System time (seconds): 0.14
	Percent of CPU this job got: 118%
	Elapsed (wall clock) time (h:mm:ss or m:ss): 0:00.96
	Average shared text size (kbytes): 0
	Average unshared data size (kbytes): 0
	Average stack size (kbytes): 0
	Average total size (kbytes): 0
	Maximum resident set size (kbytes): 620796
	Average resident set size (kbytes): 0
	Major (requiring I/O) page faults: 0
	Minor (reclaiming a frame) page faults: 97997
	Voluntary context switches: 106
	Involuntary context switches: 411
	Swaps: 0
	File system inputs: 15904
	File system outputs: 8
	Socket messages sent: 0
	Socket messages received: 0
	Signals delivered: 0
	Page size (bytes): 4096
	Exit status: 0
