
{"started_at": "2026-09-24T14:18:22.636080+00:00", "command": ["/tmp/hudm-5090-20260924-0z4ayR/venv/bin/python", "/tmp/hudm-5090-20260924-0z4ayR/audit_paired.py", "reports/research/k192_sepopt_published_parity_20260924/generated_configs/screen_n50/tworoom/seed_100.yaml"]}
{"verified": true, "audit": "/tmp/hudm-5090-20260924-0z4ayR/HUDM/reports/research/k192_sepopt_published_parity_20260924/screen_n50/tworoom/seed_100/paired_audit.json", "roles": [{"role": "upstream_lewm_converted", "episodes": 50, "successes": 39, "success_rate": 78.0, "weights_sha256": "ab3b34c0f3a9d7f4bcd4bd22060fc2bc02effeafbeb907b1927740bb9360485a", "trace_sha256": "733f077a3af536f6884b0ea93d788c5e661050149af9d1971be4a55004fd6ac1", "resolved_config_sha256": "84dc4d3441b00b4c6d72d812c00859bfa95cf7bc1112a5d052b60e1fc5acd41e", "manifest_sha256": "53e6ca05c8cdb672631be7433c1c15733c1ca1684ba77441b00cc82a604422d3", "dynamics_flops_total": 84798237600000}, {"role": "sepopt_k192_20260922", "episodes": 50, "successes": 44, "success_rate": 88.0, "weights_sha256": "0782bd7798c560178d7cea962790ff774fd2d60f7630e02cee80d3f8307f2cf4", "trace_sha256": "37896f4803f99c492fb8fe2c225c632c9f1cd17fd79aa58f50d5840823c7d8d1", "resolved_config_sha256": "a3ad7c0ecf0e6f43d519a24f36ab78a4416d944bc6129ac078c4bf7fbbc90c12", "manifest_sha256": "53e6ca05c8cdb672631be7433c1c15733c1ca1684ba77441b00cc82a604422d3", "dynamics_flops_total": 36086148000000}]}
	Command being timed: "/tmp/hudm-5090-20260924-0z4ayR/venv/bin/python /tmp/hudm-5090-20260924-0z4ayR/audit_paired.py reports/research/k192_sepopt_published_parity_20260924/generated_configs/screen_n50/tworoom/seed_100.yaml"
	User time (seconds): 0.14
	System time (seconds): 0.02
	Percent of CPU this job got: 98%
	Elapsed (wall clock) time (h:mm:ss or m:ss): 0:00.16
	Average shared text size (kbytes): 0
	Average unshared data size (kbytes): 0
	Average stack size (kbytes): 0
	Average total size (kbytes): 0
	Maximum resident set size (kbytes): 47920
	Average resident set size (kbytes): 0
	Major (requiring I/O) page faults: 0
	Minor (reclaiming a frame) page faults: 11875
	Voluntary context switches: 0
	Involuntary context switches: 57
	Swaps: 0
	File system inputs: 0
	File system outputs: 24
	Socket messages sent: 0
	Socket messages received: 0
	Signals delivered: 0
	Page size (bytes): 4096
	Exit status: 0

{"started_at": "2026-09-24T21:27:12.481523+00:00", "command": ["/tmp/hudm-5090-20260924-0z4ayR/venv/bin/python", "/tmp/hudm-5090-20260924-0z4ayR/audit_paired.py", "reports/research/k192_sepopt_published_parity_20260924/generated_configs/screen_n50/tworoom/seed_100.yaml"]}
{"verified": true, "audit": "/tmp/hudm-5090-20260924-0z4ayR/HUDM/reports/research/k192_sepopt_published_parity_20260924/screen_n50/tworoom/seed_100/paired_audit.json", "roles": [{"role": "upstream_lewm_converted", "episodes": 50, "successes": 39, "success_rate": 78.0, "weights_sha256": "ab3b34c0f3a9d7f4bcd4bd22060fc2bc02effeafbeb907b1927740bb9360485a", "trace_sha256": "733f077a3af536f6884b0ea93d788c5e661050149af9d1971be4a55004fd6ac1", "resolved_config_sha256": "84dc4d3441b00b4c6d72d812c00859bfa95cf7bc1112a5d052b60e1fc5acd41e", "manifest_sha256": "53e6ca05c8cdb672631be7433c1c15733c1ca1684ba77441b00cc82a604422d3", "dynamics_flops_total": 84798237600000}, {"role": "sepopt_k192_20260922", "episodes": 50, "successes": 44, "success_rate": 88.0, "weights_sha256": "0782bd7798c560178d7cea962790ff774fd2d60f7630e02cee80d3f8307f2cf4", "trace_sha256": "37896f4803f99c492fb8fe2c225c632c9f1cd17fd79aa58f50d5840823c7d8d1", "resolved_config_sha256": "a3ad7c0ecf0e6f43d519a24f36ab78a4416d944bc6129ac078c4bf7fbbc90c12", "manifest_sha256": "53e6ca05c8cdb672631be7433c1c15733c1ca1684ba77441b00cc82a604422d3", "dynamics_flops_total": 36086148000000}]}
	Command being timed: "/tmp/hudm-5090-20260924-0z4ayR/venv/bin/python /tmp/hudm-5090-20260924-0z4ayR/audit_paired.py reports/research/k192_sepopt_published_parity_20260924/generated_configs/screen_n50/tworoom/seed_100.yaml"
	User time (seconds): 0.14
	System time (seconds): 0.02
	Percent of CPU this job got: 98%
	Elapsed (wall clock) time (h:mm:ss or m:ss): 0:00.16
	Average shared text size (kbytes): 0
	Average unshared data size (kbytes): 0
	Average stack size (kbytes): 0
	Average total size (kbytes): 0
	Maximum resident set size (kbytes): 47552
	Average resident set size (kbytes): 0
	Major (requiring I/O) page faults: 0
	Minor (reclaiming a frame) page faults: 11860
	Voluntary context switches: 1
	Involuntary context switches: 52
	Swaps: 0
	File system inputs: 0
	File system outputs: 24
	Socket messages sent: 0
	Socket messages received: 0
	Signals delivered: 0
	Page size (bytes): 4096
	Exit status: 0
