
{"started_at": "2026-09-24T14:55:55.527850+00:00", "command": ["/tmp/hudm-5090-20260924-0z4ayR/venv/bin/python", "/tmp/hudm-5090-20260924-0z4ayR/audit_paired.py", "reports/research/k192_sepopt_published_parity_20260924/generated_configs/screen_n50/pusht/seed_100.yaml"]}
{"verified": true, "audit": "/tmp/hudm-5090-20260924-0z4ayR/HUDM/reports/research/k192_sepopt_published_parity_20260924/screen_n50/pusht/seed_100/paired_audit.json", "roles": [{"role": "upstream_lewm_converted", "episodes": 50, "successes": 42, "success_rate": 84.0, "weights_sha256": "f900533bc36164475063cf1939c55bccbde1aaf1b35a5811301413b81689ed93", "trace_sha256": "50d176c4be083cb41106d5dd805247b55c4626ae7b9671536f00653b2717b36f", "resolved_config_sha256": "9394aaa5da84c1811ec9bfd5aa3fcfa9e8dfb0e898ea4e2f22ade81858a810cc", "manifest_sha256": "1bba42ca6652a53669fcb0d37692524cd7c5792f21962b12aab9e5737f2d67ff", "dynamics_flops_total": 254394712800000}, {"role": "sepopt_k192_20260922", "episodes": 50, "successes": 45, "success_rate": 90.0, "weights_sha256": "7d4bb58ba598efa8e7520d2ea2732c9d6a1d359db91ae1e7cc012c77b119417c", "trace_sha256": "887122c1018548ac364be3f6fc266b27a524bcbd1ae3ff9d4fb445d58b0fcc70", "resolved_config_sha256": "f60cadace8ac133e06f38ea54e840044430dfbfe3745b5a5eb6b3ed0de6f7a45", "manifest_sha256": "1bba42ca6652a53669fcb0d37692524cd7c5792f21962b12aab9e5737f2d67ff", "dynamics_flops_total": 254394712800000}]}
	Command being timed: "/tmp/hudm-5090-20260924-0z4ayR/venv/bin/python /tmp/hudm-5090-20260924-0z4ayR/audit_paired.py reports/research/k192_sepopt_published_parity_20260924/generated_configs/screen_n50/pusht/seed_100.yaml"
	User time (seconds): 0.18
	System time (seconds): 0.03
	Percent of CPU this job got: 98%
	Elapsed (wall clock) time (h:mm:ss or m:ss): 0:00.21
	Average shared text size (kbytes): 0
	Average unshared data size (kbytes): 0
	Average stack size (kbytes): 0
	Average total size (kbytes): 0
	Maximum resident set size (kbytes): 74652
	Average resident set size (kbytes): 0
	Major (requiring I/O) page faults: 0
	Minor (reclaiming a frame) page faults: 21762
	Voluntary context switches: 1
	Involuntary context switches: 66
	Swaps: 0
	File system inputs: 0
	File system outputs: 24
	Socket messages sent: 0
	Socket messages received: 0
	Signals delivered: 0
	Page size (bytes): 4096
	Exit status: 0

{"started_at": "2026-09-24T21:27:41.024136+00:00", "command": ["/tmp/hudm-5090-20260924-0z4ayR/venv/bin/python", "/tmp/hudm-5090-20260924-0z4ayR/audit_paired.py", "reports/research/k192_sepopt_published_parity_20260924/generated_configs/screen_n50/pusht/seed_100.yaml"]}
{"verified": true, "audit": "/tmp/hudm-5090-20260924-0z4ayR/HUDM/reports/research/k192_sepopt_published_parity_20260924/screen_n50/pusht/seed_100/paired_audit.json", "roles": [{"role": "upstream_lewm_converted", "episodes": 50, "successes": 42, "success_rate": 84.0, "weights_sha256": "f900533bc36164475063cf1939c55bccbde1aaf1b35a5811301413b81689ed93", "trace_sha256": "50d176c4be083cb41106d5dd805247b55c4626ae7b9671536f00653b2717b36f", "resolved_config_sha256": "9394aaa5da84c1811ec9bfd5aa3fcfa9e8dfb0e898ea4e2f22ade81858a810cc", "manifest_sha256": "1bba42ca6652a53669fcb0d37692524cd7c5792f21962b12aab9e5737f2d67ff", "dynamics_flops_total": 254394712800000}, {"role": "sepopt_k192_20260922", "episodes": 50, "successes": 45, "success_rate": 90.0, "weights_sha256": "7d4bb58ba598efa8e7520d2ea2732c9d6a1d359db91ae1e7cc012c77b119417c", "trace_sha256": "887122c1018548ac364be3f6fc266b27a524bcbd1ae3ff9d4fb445d58b0fcc70", "resolved_config_sha256": "f60cadace8ac133e06f38ea54e840044430dfbfe3745b5a5eb6b3ed0de6f7a45", "manifest_sha256": "1bba42ca6652a53669fcb0d37692524cd7c5792f21962b12aab9e5737f2d67ff", "dynamics_flops_total": 254394712800000}]}
	Command being timed: "/tmp/hudm-5090-20260924-0z4ayR/venv/bin/python /tmp/hudm-5090-20260924-0z4ayR/audit_paired.py reports/research/k192_sepopt_published_parity_20260924/generated_configs/screen_n50/pusht/seed_100.yaml"
	User time (seconds): 0.18
	System time (seconds): 0.03
	Percent of CPU this job got: 99%
	Elapsed (wall clock) time (h:mm:ss or m:ss): 0:00.22
	Average shared text size (kbytes): 0
	Average unshared data size (kbytes): 0
	Average stack size (kbytes): 0
	Average total size (kbytes): 0
	Maximum resident set size (kbytes): 74124
	Average resident set size (kbytes): 0
	Major (requiring I/O) page faults: 0
	Minor (reclaiming a frame) page faults: 21750
	Voluntary context switches: 1
	Involuntary context switches: 91
	Swaps: 0
	File system inputs: 0
	File system outputs: 24
	Socket messages sent: 0
	Socket messages received: 0
	Signals delivered: 0
	Page size (bytes): 4096
	Exit status: 0
