
{"started_at": "2026-09-24T14:13:12.809247+00:00", "command": ["/tmp/hudm-5090-20260924-0z4ayR/venv/bin/python", "/tmp/hudm-5090-20260924-0z4ayR/audit_paired.py", "reports/research/k192_sepopt_published_parity_20260924/generated_configs/screen_n50/tworoom/seed_1.yaml"]}
{"verified": true, "audit": "/tmp/hudm-5090-20260924-0z4ayR/HUDM/reports/research/k192_sepopt_published_parity_20260924/screen_n50/tworoom/seed_1/paired_audit.json", "roles": [{"role": "upstream_lewm_converted", "episodes": 50, "successes": 48, "success_rate": 96.0, "weights_sha256": "ab3b34c0f3a9d7f4bcd4bd22060fc2bc02effeafbeb907b1927740bb9360485a", "trace_sha256": "9e7dd0d2b8f77edaeaa9e2a267ddaeca3a8fb80316c688fa17527af79e53209d", "resolved_config_sha256": "b378bfd0771b106ae9689773cadcde26a86c03c52b740fa6a3c85390d4a22990", "manifest_sha256": "ffb05fbe610ba55ba32dcfbc01cbac01105461292cacd07a98ccb756a7ab15ab", "dynamics_flops_total": 84798237600000}, {"role": "sepopt_k192_20260922", "episodes": 50, "successes": 49, "success_rate": 98.0, "weights_sha256": "0782bd7798c560178d7cea962790ff774fd2d60f7630e02cee80d3f8307f2cf4", "trace_sha256": "9e201a0015d7725ec0bddb4fb912639c81224f4c5e7d2c52223a00c373b3d871", "resolved_config_sha256": "a95ec43682722e46fa3ca0378c63edcd367cc6bced6527e45e81d2c1bb6a3934", "manifest_sha256": "ffb05fbe610ba55ba32dcfbc01cbac01105461292cacd07a98ccb756a7ab15ab", "dynamics_flops_total": 36086148000000}]}
	Command being timed: "/tmp/hudm-5090-20260924-0z4ayR/venv/bin/python /tmp/hudm-5090-20260924-0z4ayR/audit_paired.py reports/research/k192_sepopt_published_parity_20260924/generated_configs/screen_n50/tworoom/seed_1.yaml"
	User time (seconds): 0.13
	System time (seconds): 0.02
	Percent of CPU this job got: 99%
	Elapsed (wall clock) time (h:mm:ss or m:ss): 0:00.15
	Average shared text size (kbytes): 0
	Average unshared data size (kbytes): 0
	Average stack size (kbytes): 0
	Average total size (kbytes): 0
	Maximum resident set size (kbytes): 47184
	Average resident set size (kbytes): 0
	Major (requiring I/O) page faults: 0
	Minor (reclaiming a frame) page faults: 11851
	Voluntary context switches: 1
	Involuntary context switches: 49
	Swaps: 0
	File system inputs: 0
	File system outputs: 24
	Socket messages sent: 0
	Socket messages received: 0
	Signals delivered: 0
	Page size (bytes): 4096
	Exit status: 0

{"started_at": "2026-09-24T21:27:04.298515+00:00", "command": ["/tmp/hudm-5090-20260924-0z4ayR/venv/bin/python", "/tmp/hudm-5090-20260924-0z4ayR/audit_paired.py", "reports/research/k192_sepopt_published_parity_20260924/generated_configs/screen_n50/tworoom/seed_1.yaml"]}
{"verified": true, "audit": "/tmp/hudm-5090-20260924-0z4ayR/HUDM/reports/research/k192_sepopt_published_parity_20260924/screen_n50/tworoom/seed_1/paired_audit.json", "roles": [{"role": "upstream_lewm_converted", "episodes": 50, "successes": 48, "success_rate": 96.0, "weights_sha256": "ab3b34c0f3a9d7f4bcd4bd22060fc2bc02effeafbeb907b1927740bb9360485a", "trace_sha256": "9e7dd0d2b8f77edaeaa9e2a267ddaeca3a8fb80316c688fa17527af79e53209d", "resolved_config_sha256": "b378bfd0771b106ae9689773cadcde26a86c03c52b740fa6a3c85390d4a22990", "manifest_sha256": "ffb05fbe610ba55ba32dcfbc01cbac01105461292cacd07a98ccb756a7ab15ab", "dynamics_flops_total": 84798237600000}, {"role": "sepopt_k192_20260922", "episodes": 50, "successes": 49, "success_rate": 98.0, "weights_sha256": "0782bd7798c560178d7cea962790ff774fd2d60f7630e02cee80d3f8307f2cf4", "trace_sha256": "9e201a0015d7725ec0bddb4fb912639c81224f4c5e7d2c52223a00c373b3d871", "resolved_config_sha256": "a95ec43682722e46fa3ca0378c63edcd367cc6bced6527e45e81d2c1bb6a3934", "manifest_sha256": "ffb05fbe610ba55ba32dcfbc01cbac01105461292cacd07a98ccb756a7ab15ab", "dynamics_flops_total": 36086148000000}]}
	Command being timed: "/tmp/hudm-5090-20260924-0z4ayR/venv/bin/python /tmp/hudm-5090-20260924-0z4ayR/audit_paired.py reports/research/k192_sepopt_published_parity_20260924/generated_configs/screen_n50/tworoom/seed_1.yaml"
	User time (seconds): 0.13
	System time (seconds): 0.02
	Percent of CPU this job got: 99%
	Elapsed (wall clock) time (h:mm:ss or m:ss): 0:00.16
	Average shared text size (kbytes): 0
	Average unshared data size (kbytes): 0
	Average stack size (kbytes): 0
	Average total size (kbytes): 0
	Maximum resident set size (kbytes): 47956
	Average resident set size (kbytes): 0
	Major (requiring I/O) page faults: 0
	Minor (reclaiming a frame) page faults: 11859
	Voluntary context switches: 1
	Involuntary context switches: 49
	Swaps: 0
	File system inputs: 0
	File system outputs: 24
	Socket messages sent: 0
	Socket messages received: 0
	Signals delivered: 0
	Page size (bytes): 4096
	Exit status: 0
