
{"started_at": "2026-09-24T12:31:15.632548+00:00", "command": ["/tmp/hudm-5090-20260924-0z4ayR/venv/bin/python", "-m", "mwm.benchmark.verify", "reports/research/k192_sepopt_published_parity_20260924/generated_configs/screen_n50/pusht/seed_0.yaml", "--static-only"]}
{
  "check_checkpoints": true,
  "checkpoint_contracts": [
    "checkpoints_mwm/mwm_paper10_pusht_k192_sepopt_retrain_20260922",
    "checkpoints_mwm/upstream_lewm_pusht"
  ],
  "config": "reports/research/k192_sepopt_published_parity_20260924/generated_configs/screen_n50/pusht/seed_0.yaml",
  "env_id": "swm/PushT-v1",
  "expected_cells": [
    [
      "swm/PushT-v1",
      0,
      "sepopt_k192_20260922"
    ],
    [
      "swm/PushT-v1",
      0,
      "upstream_lewm_converted"
    ]
  ],
  "manifest": {
    "group": "k192_sepopt_published_parity_swm/PushT-v1_seed0_n50",
    "path": "reports/research/k192_sepopt_published_parity_20260924/manifests/screen_n50/pusht_seed0.json"
  },
  "output_dir": "reports/research/k192_sepopt_published_parity_20260924/screen_n50/pusht/seed_0",
  "paper_targets": {},
  "runs": 2,
  "seed": 0,
  "static_only": true
}
	Command being timed: "/tmp/hudm-5090-20260924-0z4ayR/venv/bin/python -m mwm.benchmark.verify reports/research/k192_sepopt_published_parity_20260924/generated_configs/screen_n50/pusht/seed_0.yaml --static-only"
	User time (seconds): 0.91
	System time (seconds): 0.11
	Percent of CPU this job got: 114%
	Elapsed (wall clock) time (h:mm:ss or m:ss): 0:00.89
	Average shared text size (kbytes): 0
	Average unshared data size (kbytes): 0
	Average stack size (kbytes): 0
	Average total size (kbytes): 0
	Maximum resident set size (kbytes): 612112
	Average resident set size (kbytes): 0
	Major (requiring I/O) page faults: 0
	Minor (reclaiming a frame) page faults: 81506
	Voluntary context switches: 946
	Involuntary context switches: 682
	Swaps: 0
	File system inputs: 306200
	File system outputs: 8
	Socket messages sent: 0
	Socket messages received: 0
	Signals delivered: 0
	Page size (bytes): 4096
	Exit status: 0

{"started_at": "2026-09-24T14:30:49.928000+00:00", "command": ["/tmp/hudm-5090-20260924-0z4ayR/venv/bin/python", "-m", "mwm.benchmark.verify", "reports/research/k192_sepopt_published_parity_20260924/generated_configs/screen_n50/pusht/seed_0.yaml", "--static-only"]}
{
  "check_checkpoints": true,
  "checkpoint_contracts": [
    "checkpoints_mwm/mwm_paper10_pusht_k192_sepopt_retrain_20260922",
    "checkpoints_mwm/upstream_lewm_pusht"
  ],
  "config": "reports/research/k192_sepopt_published_parity_20260924/generated_configs/screen_n50/pusht/seed_0.yaml",
  "env_id": "swm/PushT-v1",
  "expected_cells": [
    [
      "swm/PushT-v1",
      0,
      "sepopt_k192_20260922"
    ],
    [
      "swm/PushT-v1",
      0,
      "upstream_lewm_converted"
    ]
  ],
  "manifest": {
    "group": "k192_sepopt_published_parity_swm/PushT-v1_seed0_n50",
    "path": "reports/research/k192_sepopt_published_parity_20260924/manifests/screen_n50/pusht_seed0.json"
  },
  "output_dir": "reports/research/k192_sepopt_published_parity_20260924/screen_n50/pusht/seed_0",
  "paper_targets": {},
  "runs": 2,
  "seed": 0,
  "static_only": true
}
	Command being timed: "/tmp/hudm-5090-20260924-0z4ayR/venv/bin/python -m mwm.benchmark.verify reports/research/k192_sepopt_published_parity_20260924/generated_configs/screen_n50/pusht/seed_0.yaml --static-only"
	User time (seconds): 0.89
	System time (seconds): 0.11
	Percent of CPU this job got: 121%
	Elapsed (wall clock) time (h:mm:ss or m:ss): 0:00.82
	Average shared text size (kbytes): 0
	Average unshared data size (kbytes): 0
	Average stack size (kbytes): 0
	Average total size (kbytes): 0
	Maximum resident set size (kbytes): 612736
	Average resident set size (kbytes): 0
	Major (requiring I/O) page faults: 0
	Minor (reclaiming a frame) page faults: 81481
	Voluntary context switches: 38
	Involuntary context switches: 416
	Swaps: 0
	File system inputs: 0
	File system outputs: 8
	Socket messages sent: 0
	Socket messages received: 0
	Signals delivered: 0
	Page size (bytes): 4096
	Exit status: 0

{"started_at": "2026-09-24T21:27:26.390832+00:00", "command": ["/tmp/hudm-5090-20260924-0z4ayR/venv/bin/python", "-m", "mwm.benchmark.verify", "reports/research/k192_sepopt_published_parity_20260924/generated_configs/screen_n50/pusht/seed_0.yaml", "--static-only"]}
{
  "check_checkpoints": true,
  "checkpoint_contracts": [
    "checkpoints_mwm/mwm_paper10_pusht_k192_sepopt_retrain_20260922",
    "checkpoints_mwm/upstream_lewm_pusht"
  ],
  "config": "reports/research/k192_sepopt_published_parity_20260924/generated_configs/screen_n50/pusht/seed_0.yaml",
  "env_id": "swm/PushT-v1",
  "expected_cells": [
    [
      "swm/PushT-v1",
      0,
      "sepopt_k192_20260922"
    ],
    [
      "swm/PushT-v1",
      0,
      "upstream_lewm_converted"
    ]
  ],
  "manifest": {
    "group": "k192_sepopt_published_parity_swm/PushT-v1_seed0_n50",
    "path": "reports/research/k192_sepopt_published_parity_20260924/manifests/screen_n50/pusht_seed0.json"
  },
  "output_dir": "reports/research/k192_sepopt_published_parity_20260924/screen_n50/pusht/seed_0",
  "paper_targets": {},
  "runs": 2,
  "seed": 0,
  "static_only": true
}
	Command being timed: "/tmp/hudm-5090-20260924-0z4ayR/venv/bin/python -m mwm.benchmark.verify reports/research/k192_sepopt_published_parity_20260924/generated_configs/screen_n50/pusht/seed_0.yaml --static-only"
	User time (seconds): 0.87
	System time (seconds): 0.11
	Percent of CPU this job got: 121%
	Elapsed (wall clock) time (h:mm:ss or m:ss): 0:00.81
	Average shared text size (kbytes): 0
	Average unshared data size (kbytes): 0
	Average stack size (kbytes): 0
	Average total size (kbytes): 0
	Maximum resident set size (kbytes): 612312
	Average resident set size (kbytes): 0
	Major (requiring I/O) page faults: 0
	Minor (reclaiming a frame) page faults: 81483
	Voluntary context switches: 40
	Involuntary context switches: 363
	Swaps: 0
	File system inputs: 8
	File system outputs: 8
	Socket messages sent: 0
	Socket messages received: 0
	Signals delivered: 0
	Page size (bytes): 4096
	Exit status: 0
