
{"started_at": "2026-09-24T21:48:53.472647+00:00", "command": ["/tmp/hudm-5090-20260924-0z4ayR/venv/bin/python", "/tmp/hudm-5090-20260924-0z4ayR/audit_paired.py", "reports/research/k192_sepopt_published_parity_20260924/generated_configs/screen_n50/ogb_cube/seed_100.yaml"]}
{"verified": true, "audit": "/tmp/hudm-5090-20260924-0z4ayR/HUDM/reports/research/k192_sepopt_published_parity_20260924/screen_n50/ogb_cube/seed_100/paired_audit.json", "roles": [{"role": "upstream_lewm_converted", "episodes": 50, "successes": 35, "success_rate": 70.0, "weights_sha256": "9400a6f64e7ad176ccd345556d107e927612070535adc6de7a2657bd136506a0", "trace_sha256": "e7ddfa585a834d8342eca915d204977701da52a63f67759dfe09f2c72797ca0f", "resolved_config_sha256": "acbece1f5d1e9d0b9c945433a1585ee9099774153c6253659150b86b275dff94", "manifest_sha256": "fb672659489f85d08d1184da31d3debb2c50dcbc4f630deb79ea7e5efbc01f65", "dynamics_flops_total": 84799587600000}, {"role": "sepopt_k192_20260922", "episodes": 50, "successes": 33, "success_rate": 66.0, "weights_sha256": "f8f023c1bfd5fe6d6a176d8f138e0c650f0857ebe372868298ec08319bb48781", "trace_sha256": "1fbdc34688ac5f0f4f10a0211ada4b4ece563abaa1fb1cfecbd750a57ba9f2eb", "resolved_config_sha256": "247f0b914dde215034a7cb8d9af7d4cc42c79708af2ee9c631ec0c2506b9aa70", "manifest_sha256": "fb672659489f85d08d1184da31d3debb2c50dcbc4f630deb79ea7e5efbc01f65", "dynamics_flops_total": 84799587600000}]}
	Command being timed: "/tmp/hudm-5090-20260924-0z4ayR/venv/bin/python /tmp/hudm-5090-20260924-0z4ayR/audit_paired.py reports/research/k192_sepopt_published_parity_20260924/generated_configs/screen_n50/ogb_cube/seed_100.yaml"
	User time (seconds): 0.15
	System time (seconds): 0.02
	Percent of CPU this job got: 99%
	Elapsed (wall clock) time (h:mm:ss or m:ss): 0:00.17
	Average shared text size (kbytes): 0
	Average unshared data size (kbytes): 0
	Average stack size (kbytes): 0
	Average total size (kbytes): 0
	Maximum resident set size (kbytes): 52128
	Average resident set size (kbytes): 0
	Major (requiring I/O) page faults: 0
	Minor (reclaiming a frame) page faults: 13471
	Voluntary context switches: 1
	Involuntary context switches: 55
	Swaps: 0
	File system inputs: 0
	File system outputs: 32
	Socket messages sent: 0
	Socket messages received: 0
	Signals delivered: 0
	Page size (bytes): 4096
	Exit status: 0
