
{"started_at": "2026-09-24T14:28:19.719491+00:00", "command": ["/tmp/hudm-5090-20260924-0z4ayR/venv/bin/python", "/tmp/hudm-5090-20260924-0z4ayR/audit_paired.py", "reports/research/k192_sepopt_published_parity_20260924/generated_configs/screen_n50/reacher/seed_42.yaml"]}
{"verified": true, "audit": "/tmp/hudm-5090-20260924-0z4ayR/HUDM/reports/research/k192_sepopt_published_parity_20260924/screen_n50/reacher/seed_42/paired_audit.json", "roles": [{"role": "upstream_lewm_converted", "episodes": 50, "successes": 45, "success_rate": 90.0, "weights_sha256": "351d9c40922fb99bc46017392a372df59c3b26ba4c7af00cb7b6bcd85b6f78fd", "trace_sha256": "6199e0ce15e5ad1a2eef3be70b4aa9fecc51d28f2667142e11f950d2e0fdff72", "resolved_config_sha256": "925d2b7a3726f994c47b79a2a4e36cfb0d41615399ab8c21a73bea7b386a9670", "manifest_sha256": "901abde97fcbd0c4b518160602af991576e410c65dca502628fba4330c7fc7ce", "dynamics_flops_total": 84798237600000}, {"role": "sepopt_k192_20260922", "episodes": 50, "successes": 47, "success_rate": 94.0, "weights_sha256": "2993c6146f5ad6ec160c35422c75c89113d25b51c6de2552f1ecc5b30fe891ff", "trace_sha256": "ff3081fbc4738b4de2a9bf875675ce288f28bcec98fcd613893b00a237f2ff6a", "resolved_config_sha256": "eb411ee8ce10fbd98bae10bd31eef8cb85df93b41069326c19c52ae2fc059aba", "manifest_sha256": "901abde97fcbd0c4b518160602af991576e410c65dca502628fba4330c7fc7ce", "dynamics_flops_total": 84798237600000}]}
	Command being timed: "/tmp/hudm-5090-20260924-0z4ayR/venv/bin/python /tmp/hudm-5090-20260924-0z4ayR/audit_paired.py reports/research/k192_sepopt_published_parity_20260924/generated_configs/screen_n50/reacher/seed_42.yaml"
	User time (seconds): 0.13
	System time (seconds): 0.02
	Percent of CPU this job got: 100%
	Elapsed (wall clock) time (h:mm:ss or m:ss): 0:00.15
	Average shared text size (kbytes): 0
	Average unshared data size (kbytes): 0
	Average stack size (kbytes): 0
	Average total size (kbytes): 0
	Maximum resident set size (kbytes): 47576
	Average resident set size (kbytes): 0
	Major (requiring I/O) page faults: 0
	Minor (reclaiming a frame) page faults: 11867
	Voluntary context switches: 1
	Involuntary context switches: 50
	Swaps: 0
	File system inputs: 0
	File system outputs: 32
	Socket messages sent: 0
	Socket messages received: 0
	Signals delivered: 0
	Page size (bytes): 4096
	Exit status: 0

{"started_at": "2026-09-24T21:27:23.408922+00:00", "command": ["/tmp/hudm-5090-20260924-0z4ayR/venv/bin/python", "/tmp/hudm-5090-20260924-0z4ayR/audit_paired.py", "reports/research/k192_sepopt_published_parity_20260924/generated_configs/screen_n50/reacher/seed_42.yaml"]}
{"verified": true, "audit": "/tmp/hudm-5090-20260924-0z4ayR/HUDM/reports/research/k192_sepopt_published_parity_20260924/screen_n50/reacher/seed_42/paired_audit.json", "roles": [{"role": "upstream_lewm_converted", "episodes": 50, "successes": 45, "success_rate": 90.0, "weights_sha256": "351d9c40922fb99bc46017392a372df59c3b26ba4c7af00cb7b6bcd85b6f78fd", "trace_sha256": "6199e0ce15e5ad1a2eef3be70b4aa9fecc51d28f2667142e11f950d2e0fdff72", "resolved_config_sha256": "925d2b7a3726f994c47b79a2a4e36cfb0d41615399ab8c21a73bea7b386a9670", "manifest_sha256": "901abde97fcbd0c4b518160602af991576e410c65dca502628fba4330c7fc7ce", "dynamics_flops_total": 84798237600000}, {"role": "sepopt_k192_20260922", "episodes": 50, "successes": 47, "success_rate": 94.0, "weights_sha256": "2993c6146f5ad6ec160c35422c75c89113d25b51c6de2552f1ecc5b30fe891ff", "trace_sha256": "ff3081fbc4738b4de2a9bf875675ce288f28bcec98fcd613893b00a237f2ff6a", "resolved_config_sha256": "eb411ee8ce10fbd98bae10bd31eef8cb85df93b41069326c19c52ae2fc059aba", "manifest_sha256": "901abde97fcbd0c4b518160602af991576e410c65dca502628fba4330c7fc7ce", "dynamics_flops_total": 84798237600000}]}
	Command being timed: "/tmp/hudm-5090-20260924-0z4ayR/venv/bin/python /tmp/hudm-5090-20260924-0z4ayR/audit_paired.py reports/research/k192_sepopt_published_parity_20260924/generated_configs/screen_n50/reacher/seed_42.yaml"
	User time (seconds): 0.13
	System time (seconds): 0.02
	Percent of CPU this job got: 98%
	Elapsed (wall clock) time (h:mm:ss or m:ss): 0:00.16
	Average shared text size (kbytes): 0
	Average unshared data size (kbytes): 0
	Average stack size (kbytes): 0
	Average total size (kbytes): 0
	Maximum resident set size (kbytes): 48016
	Average resident set size (kbytes): 0
	Major (requiring I/O) page faults: 0
	Minor (reclaiming a frame) page faults: 11854
	Voluntary context switches: 1
	Involuntary context switches: 49
	Swaps: 0
	File system inputs: 0
	File system outputs: 32
	Socket messages sent: 0
	Socket messages received: 0
	Signals delivered: 0
	Page size (bytes): 4096
	Exit status: 0
