
{"started_at": "2026-09-24T12:31:10.346599+00:00", "command": ["/tmp/hudm-5090-20260924-0z4ayR/venv/bin/python", "-m", "mwm.benchmark.verify", "reports/research/k192_sepopt_published_parity_20260924/generated_configs/screen_n50/tworoom/seed_100.yaml", "--static-only"]}
{
  "check_checkpoints": true,
  "checkpoint_contracts": [
    "checkpoints_mwm/mwm_paper10_tworoom_k192_sepopt_retrain_20260922",
    "checkpoints_mwm/upstream_lewm_tworoom"
  ],
  "config": "reports/research/k192_sepopt_published_parity_20260924/generated_configs/screen_n50/tworoom/seed_100.yaml",
  "env_id": "swm/TwoRoom-v1",
  "expected_cells": [
    [
      "swm/TwoRoom-v1",
      100,
      "sepopt_k192_20260922"
    ],
    [
      "swm/TwoRoom-v1",
      100,
      "upstream_lewm_converted"
    ]
  ],
  "manifest": {
    "group": "k192_sepopt_published_parity_swm/TwoRoom-v1_seed100_n50",
    "path": "reports/research/k192_sepopt_published_parity_20260924/manifests/screen_n50/tworoom_seed100.json"
  },
  "output_dir": "reports/research/k192_sepopt_published_parity_20260924/screen_n50/tworoom/seed_100",
  "paper_targets": {},
  "runs": 2,
  "seed": 100,
  "static_only": true
}
	Command being timed: "/tmp/hudm-5090-20260924-0z4ayR/venv/bin/python -m mwm.benchmark.verify reports/research/k192_sepopt_published_parity_20260924/generated_configs/screen_n50/tworoom/seed_100.yaml --static-only"
	User time (seconds): 0.97
	System time (seconds): 0.13
	Percent of CPU this job got: 115%
	Elapsed (wall clock) time (h:mm:ss or m:ss): 0:00.96
	Average shared text size (kbytes): 0
	Average unshared data size (kbytes): 0
	Average stack size (kbytes): 0
	Average total size (kbytes): 0
	Maximum resident set size (kbytes): 610620
	Average resident set size (kbytes): 0
	Major (requiring I/O) page faults: 0
	Minor (reclaiming a frame) page faults: 81572
	Voluntary context switches: 484
	Involuntary context switches: 587
	Swaps: 0
	File system inputs: 13472
	File system outputs: 8
	Socket messages sent: 0
	Socket messages received: 0
	Signals delivered: 0
	Page size (bytes): 4096
	Exit status: 0

{"started_at": "2026-09-24T14:16:38.709344+00:00", "command": ["/tmp/hudm-5090-20260924-0z4ayR/venv/bin/python", "-m", "mwm.benchmark.verify", "reports/research/k192_sepopt_published_parity_20260924/generated_configs/screen_n50/tworoom/seed_100.yaml", "--static-only"]}
{
  "check_checkpoints": true,
  "checkpoint_contracts": [
    "checkpoints_mwm/mwm_paper10_tworoom_k192_sepopt_retrain_20260922",
    "checkpoints_mwm/upstream_lewm_tworoom"
  ],
  "config": "reports/research/k192_sepopt_published_parity_20260924/generated_configs/screen_n50/tworoom/seed_100.yaml",
  "env_id": "swm/TwoRoom-v1",
  "expected_cells": [
    [
      "swm/TwoRoom-v1",
      100,
      "sepopt_k192_20260922"
    ],
    [
      "swm/TwoRoom-v1",
      100,
      "upstream_lewm_converted"
    ]
  ],
  "manifest": {
    "group": "k192_sepopt_published_parity_swm/TwoRoom-v1_seed100_n50",
    "path": "reports/research/k192_sepopt_published_parity_20260924/manifests/screen_n50/tworoom_seed100.json"
  },
  "output_dir": "reports/research/k192_sepopt_published_parity_20260924/screen_n50/tworoom/seed_100",
  "paper_targets": {},
  "runs": 2,
  "seed": 100,
  "static_only": true
}
	Command being timed: "/tmp/hudm-5090-20260924-0z4ayR/venv/bin/python -m mwm.benchmark.verify reports/research/k192_sepopt_published_parity_20260924/generated_configs/screen_n50/tworoom/seed_100.yaml --static-only"
	User time (seconds): 0.88
	System time (seconds): 0.10
	Percent of CPU this job got: 122%
	Elapsed (wall clock) time (h:mm:ss or m:ss): 0:00.80
	Average shared text size (kbytes): 0
	Average unshared data size (kbytes): 0
	Average stack size (kbytes): 0
	Average total size (kbytes): 0
	Maximum resident set size (kbytes): 612740
	Average resident set size (kbytes): 0
	Major (requiring I/O) page faults: 0
	Minor (reclaiming a frame) page faults: 81518
	Voluntary context switches: 38
	Involuntary context switches: 411
	Swaps: 0
	File system inputs: 0
	File system outputs: 8
	Socket messages sent: 0
	Socket messages received: 0
	Signals delivered: 0
	Page size (bytes): 4096
	Exit status: 0

{"started_at": "2026-09-24T21:27:09.964015+00:00", "command": ["/tmp/hudm-5090-20260924-0z4ayR/venv/bin/python", "-m", "mwm.benchmark.verify", "reports/research/k192_sepopt_published_parity_20260924/generated_configs/screen_n50/tworoom/seed_100.yaml", "--static-only"]}
{
  "check_checkpoints": true,
  "checkpoint_contracts": [
    "checkpoints_mwm/mwm_paper10_tworoom_k192_sepopt_retrain_20260922",
    "checkpoints_mwm/upstream_lewm_tworoom"
  ],
  "config": "reports/research/k192_sepopt_published_parity_20260924/generated_configs/screen_n50/tworoom/seed_100.yaml",
  "env_id": "swm/TwoRoom-v1",
  "expected_cells": [
    [
      "swm/TwoRoom-v1",
      100,
      "sepopt_k192_20260922"
    ],
    [
      "swm/TwoRoom-v1",
      100,
      "upstream_lewm_converted"
    ]
  ],
  "manifest": {
    "group": "k192_sepopt_published_parity_swm/TwoRoom-v1_seed100_n50",
    "path": "reports/research/k192_sepopt_published_parity_20260924/manifests/screen_n50/tworoom_seed100.json"
  },
  "output_dir": "reports/research/k192_sepopt_published_parity_20260924/screen_n50/tworoom/seed_100",
  "paper_targets": {},
  "runs": 2,
  "seed": 100,
  "static_only": true
}
	Command being timed: "/tmp/hudm-5090-20260924-0z4ayR/venv/bin/python -m mwm.benchmark.verify reports/research/k192_sepopt_published_parity_20260924/generated_configs/screen_n50/tworoom/seed_100.yaml --static-only"
	User time (seconds): 0.85
	System time (seconds): 0.13
	Percent of CPU this job got: 122%
	Elapsed (wall clock) time (h:mm:ss or m:ss): 0:00.80
	Average shared text size (kbytes): 0
	Average unshared data size (kbytes): 0
	Average stack size (kbytes): 0
	Average total size (kbytes): 0
	Maximum resident set size (kbytes): 612052
	Average resident set size (kbytes): 0
	Major (requiring I/O) page faults: 0
	Minor (reclaiming a frame) page faults: 81478
	Voluntary context switches: 41
	Involuntary context switches: 427
	Swaps: 0
	File system inputs: 0
	File system outputs: 8
	Socket messages sent: 0
	Socket messages received: 0
	Signals delivered: 0
	Page size (bytes): 4096
	Exit status: 0
