
{"started_at": "2026-09-24T14:30:50.765823+00:00", "command": ["/tmp/hudm-5090-20260924-0z4ayR/venv/bin/python", "-m", "mwm.benchmark.matrix", "reports/research/k192_sepopt_published_parity_20260924/generated_configs/screen_n50/pusht/seed_0.yaml", "--resume"]}
[benchmark] 1/2 published
[benchmark] 2/2 sepopt_k192_20260922
[benchmark] wrote reports/research/k192_sepopt_published_parity_20260924/screen_n50/pusht/seed_0/summary.json
[benchmark] wrote reports/research/k192_sepopt_published_parity_20260924/screen_n50/pusht/seed_0/review.html
[benchmark] inspect rollout videos with: python -m mwm.benchmark.render_review reports/research/k192_sepopt_published_parity_20260924/screen_n50/pusht/seed_0 --serve
	Command being timed: "/tmp/hudm-5090-20260924-0z4ayR/venv/bin/python -m mwm.benchmark.matrix reports/research/k192_sepopt_published_parity_20260924/generated_configs/screen_n50/pusht/seed_0.yaml --resume"
	User time (seconds): 301.75
	System time (seconds): 3.09
	Percent of CPU this job got: 101%
	Elapsed (wall clock) time (h:mm:ss or m:ss): 4:59.63
	Average shared text size (kbytes): 0
	Average unshared data size (kbytes): 0
	Average stack size (kbytes): 0
	Average total size (kbytes): 0
	Maximum resident set size (kbytes): 3407396
	Average resident set size (kbytes): 0
	Major (requiring I/O) page faults: 0
	Minor (reclaiming a frame) page faults: 2438153
	Voluntary context switches: 149019
	Involuntary context switches: 55829
	Swaps: 0
	File system inputs: 277376
	File system outputs: 113952
	Socket messages sent: 0
	Socket messages received: 0
	Signals delivered: 0
	Page size (bytes): 4096
	Exit status: 0

{"started_at": "2026-09-24T21:27:27.244003+00:00", "command": ["/tmp/hudm-5090-20260924-0z4ayR/venv/bin/python", "-m", "mwm.benchmark.matrix", "reports/research/k192_sepopt_published_parity_20260924/generated_configs/screen_n50/pusht/seed_0.yaml", "--resume"]}
[benchmark] resume skip published
[benchmark] resume skip sepopt_k192_20260922
[benchmark] wrote reports/research/k192_sepopt_published_parity_20260924/screen_n50/pusht/seed_0/summary.json
[benchmark] wrote reports/research/k192_sepopt_published_parity_20260924/screen_n50/pusht/seed_0/review.html
[benchmark] inspect rollout videos with: python -m mwm.benchmark.render_review reports/research/k192_sepopt_published_parity_20260924/screen_n50/pusht/seed_0 --serve
	Command being timed: "/tmp/hudm-5090-20260924-0z4ayR/venv/bin/python -m mwm.benchmark.matrix reports/research/k192_sepopt_published_parity_20260924/generated_configs/screen_n50/pusht/seed_0.yaml --resume"
	User time (seconds): 0.94
	System time (seconds): 0.06
	Percent of CPU this job got: 121%
	Elapsed (wall clock) time (h:mm:ss or m:ss): 0:00.82
	Average shared text size (kbytes): 0
	Average unshared data size (kbytes): 0
	Average stack size (kbytes): 0
	Average total size (kbytes): 0
	Maximum resident set size (kbytes): 150036
	Average resident set size (kbytes): 0
	Major (requiring I/O) page faults: 0
	Minor (reclaiming a frame) page faults: 45867
	Voluntary context switches: 180
	Involuntary context switches: 348
	Swaps: 0
	File system inputs: 43904
	File system outputs: 10272
	Socket messages sent: 0
	Socket messages received: 0
	Signals delivered: 0
	Page size (bytes): 4096
	Exit status: 0
