
{"started_at": "2026-09-24T12:31:11.317374+00:00", "command": ["/tmp/hudm-5090-20260924-0z4ayR/venv/bin/python", "-m", "mwm.benchmark.verify", "reports/research/k192_sepopt_published_parity_20260924/generated_configs/screen_n50/reacher/seed_0.yaml", "--static-only"]}
{
  "check_checkpoints": true,
  "checkpoint_contracts": [
    "checkpoints_mwm/mwm_paper10_reacher_k192_sepopt_retrain_20260922",
    "checkpoints_mwm/upstream_lewm_reacher"
  ],
  "config": "reports/research/k192_sepopt_published_parity_20260924/generated_configs/screen_n50/reacher/seed_0.yaml",
  "env_id": "swm/ReacherDMControl-v0",
  "expected_cells": [
    [
      "swm/ReacherDMControl-v0",
      0,
      "sepopt_k192_20260922"
    ],
    [
      "swm/ReacherDMControl-v0",
      0,
      "upstream_lewm_converted"
    ]
  ],
  "manifest": {
    "group": "k192_sepopt_published_parity_swm/ReacherDMControl-v0_seed0_n50",
    "path": "reports/research/k192_sepopt_published_parity_20260924/manifests/screen_n50/reacher_seed0.json"
  },
  "output_dir": "reports/research/k192_sepopt_published_parity_20260924/screen_n50/reacher/seed_0",
  "paper_targets": {},
  "runs": 2,
  "seed": 0,
  "static_only": true
}
	Command being timed: "/tmp/hudm-5090-20260924-0z4ayR/venv/bin/python -m mwm.benchmark.verify reports/research/k192_sepopt_published_parity_20260924/generated_configs/screen_n50/reacher/seed_0.yaml --static-only"
	User time (seconds): 0.90
	System time (seconds): 0.14
	Percent of CPU this job got: 115%
	Elapsed (wall clock) time (h:mm:ss or m:ss): 0:00.91
	Average shared text size (kbytes): 0
	Average unshared data size (kbytes): 0
	Average stack size (kbytes): 0
	Average total size (kbytes): 0
	Maximum resident set size (kbytes): 609756
	Average resident set size (kbytes): 0
	Major (requiring I/O) page faults: 0
	Minor (reclaiming a frame) page faults: 81524
	Voluntary context switches: 946
	Involuntary context switches: 497
	Swaps: 0
	File system inputs: 306200
	File system outputs: 8
	Socket messages sent: 0
	Socket messages received: 0
	Signals delivered: 0
	Page size (bytes): 4096
	Exit status: 0

{"started_at": "2026-09-24T14:18:22.842350+00:00", "command": ["/tmp/hudm-5090-20260924-0z4ayR/venv/bin/python", "-m", "mwm.benchmark.verify", "reports/research/k192_sepopt_published_parity_20260924/generated_configs/screen_n50/reacher/seed_0.yaml", "--static-only"]}
{
  "check_checkpoints": true,
  "checkpoint_contracts": [
    "checkpoints_mwm/mwm_paper10_reacher_k192_sepopt_retrain_20260922",
    "checkpoints_mwm/upstream_lewm_reacher"
  ],
  "config": "reports/research/k192_sepopt_published_parity_20260924/generated_configs/screen_n50/reacher/seed_0.yaml",
  "env_id": "swm/ReacherDMControl-v0",
  "expected_cells": [
    [
      "swm/ReacherDMControl-v0",
      0,
      "sepopt_k192_20260922"
    ],
    [
      "swm/ReacherDMControl-v0",
      0,
      "upstream_lewm_converted"
    ]
  ],
  "manifest": {
    "group": "k192_sepopt_published_parity_swm/ReacherDMControl-v0_seed0_n50",
    "path": "reports/research/k192_sepopt_published_parity_20260924/manifests/screen_n50/reacher_seed0.json"
  },
  "output_dir": "reports/research/k192_sepopt_published_parity_20260924/screen_n50/reacher/seed_0",
  "paper_targets": {},
  "runs": 2,
  "seed": 0,
  "static_only": true
}
	Command being timed: "/tmp/hudm-5090-20260924-0z4ayR/venv/bin/python -m mwm.benchmark.verify reports/research/k192_sepopt_published_parity_20260924/generated_configs/screen_n50/reacher/seed_0.yaml --static-only"
	User time (seconds): 0.87
	System time (seconds): 0.10
	Percent of CPU this job got: 122%
	Elapsed (wall clock) time (h:mm:ss or m:ss): 0:00.80
	Average shared text size (kbytes): 0
	Average unshared data size (kbytes): 0
	Average stack size (kbytes): 0
	Average total size (kbytes): 0
	Maximum resident set size (kbytes): 612612
	Average resident set size (kbytes): 0
	Major (requiring I/O) page faults: 0
	Minor (reclaiming a frame) page faults: 81513
	Voluntary context switches: 38
	Involuntary context switches: 427
	Swaps: 0
	File system inputs: 0
	File system outputs: 8
	Socket messages sent: 0
	Socket messages received: 0
	Signals delivered: 0
	Page size (bytes): 4096
	Exit status: 0

{"started_at": "2026-09-24T21:27:12.714014+00:00", "command": ["/tmp/hudm-5090-20260924-0z4ayR/venv/bin/python", "-m", "mwm.benchmark.verify", "reports/research/k192_sepopt_published_parity_20260924/generated_configs/screen_n50/reacher/seed_0.yaml", "--static-only"]}
{
  "check_checkpoints": true,
  "checkpoint_contracts": [
    "checkpoints_mwm/mwm_paper10_reacher_k192_sepopt_retrain_20260922",
    "checkpoints_mwm/upstream_lewm_reacher"
  ],
  "config": "reports/research/k192_sepopt_published_parity_20260924/generated_configs/screen_n50/reacher/seed_0.yaml",
  "env_id": "swm/ReacherDMControl-v0",
  "expected_cells": [
    [
      "swm/ReacherDMControl-v0",
      0,
      "sepopt_k192_20260922"
    ],
    [
      "swm/ReacherDMControl-v0",
      0,
      "upstream_lewm_converted"
    ]
  ],
  "manifest": {
    "group": "k192_sepopt_published_parity_swm/ReacherDMControl-v0_seed0_n50",
    "path": "reports/research/k192_sepopt_published_parity_20260924/manifests/screen_n50/reacher_seed0.json"
  },
  "output_dir": "reports/research/k192_sepopt_published_parity_20260924/screen_n50/reacher/seed_0",
  "paper_targets": {},
  "runs": 2,
  "seed": 0,
  "static_only": true
}
	Command being timed: "/tmp/hudm-5090-20260924-0z4ayR/venv/bin/python -m mwm.benchmark.verify reports/research/k192_sepopt_published_parity_20260924/generated_configs/screen_n50/reacher/seed_0.yaml --static-only"
	User time (seconds): 0.88
	System time (seconds): 0.12
	Percent of CPU this job got: 121%
	Elapsed (wall clock) time (h:mm:ss or m:ss): 0:00.83
	Average shared text size (kbytes): 0
	Average unshared data size (kbytes): 0
	Average stack size (kbytes): 0
	Average total size (kbytes): 0
	Maximum resident set size (kbytes): 612688
	Average resident set size (kbytes): 0
	Major (requiring I/O) page faults: 0
	Minor (reclaiming a frame) page faults: 81488
	Voluntary context switches: 42
	Involuntary context switches: 391
	Swaps: 0
	File system inputs: 8
	File system outputs: 8
	Socket messages sent: 0
	Socket messages received: 0
	Signals delivered: 0
	Page size (bytes): 4096
	Exit status: 0
