
{"started_at": "2026-09-24T12:31:12.231821+00:00", "command": ["/tmp/hudm-5090-20260924-0z4ayR/venv/bin/python", "-m", "mwm.benchmark.verify", "reports/research/k192_sepopt_published_parity_20260924/generated_configs/screen_n50/reacher/seed_1.yaml", "--static-only"]}
{
  "check_checkpoints": true,
  "checkpoint_contracts": [
    "checkpoints_mwm/mwm_paper10_reacher_k192_sepopt_retrain_20260922",
    "checkpoints_mwm/upstream_lewm_reacher"
  ],
  "config": "reports/research/k192_sepopt_published_parity_20260924/generated_configs/screen_n50/reacher/seed_1.yaml",
  "env_id": "swm/ReacherDMControl-v0",
  "expected_cells": [
    [
      "swm/ReacherDMControl-v0",
      1,
      "sepopt_k192_20260922"
    ],
    [
      "swm/ReacherDMControl-v0",
      1,
      "upstream_lewm_converted"
    ]
  ],
  "manifest": {
    "group": "k192_sepopt_published_parity_swm/ReacherDMControl-v0_seed1_n50",
    "path": "reports/research/k192_sepopt_published_parity_20260924/manifests/screen_n50/reacher_seed1.json"
  },
  "output_dir": "reports/research/k192_sepopt_published_parity_20260924/screen_n50/reacher/seed_1",
  "paper_targets": {},
  "runs": 2,
  "seed": 1,
  "static_only": true
}
	Command being timed: "/tmp/hudm-5090-20260924-0z4ayR/venv/bin/python -m mwm.benchmark.verify reports/research/k192_sepopt_published_parity_20260924/generated_configs/screen_n50/reacher/seed_1.yaml --static-only"
	User time (seconds): 0.89
	System time (seconds): 0.13
	Percent of CPU this job got: 120%
	Elapsed (wall clock) time (h:mm:ss or m:ss): 0:00.85
	Average shared text size (kbytes): 0
	Average unshared data size (kbytes): 0
	Average stack size (kbytes): 0
	Average total size (kbytes): 0
	Maximum resident set size (kbytes): 611312
	Average resident set size (kbytes): 0
	Major (requiring I/O) page faults: 0
	Minor (reclaiming a frame) page faults: 81497
	Voluntary context switches: 40
	Involuntary context switches: 548
	Swaps: 0
	File system inputs: 0
	File system outputs: 8
	Socket messages sent: 0
	Socket messages received: 0
	Signals delivered: 0
	Page size (bytes): 4096
	Exit status: 0

{"started_at": "2026-09-24T14:20:53.097577+00:00", "command": ["/tmp/hudm-5090-20260924-0z4ayR/venv/bin/python", "-m", "mwm.benchmark.verify", "reports/research/k192_sepopt_published_parity_20260924/generated_configs/screen_n50/reacher/seed_1.yaml", "--static-only"]}
{
  "check_checkpoints": true,
  "checkpoint_contracts": [
    "checkpoints_mwm/mwm_paper10_reacher_k192_sepopt_retrain_20260922",
    "checkpoints_mwm/upstream_lewm_reacher"
  ],
  "config": "reports/research/k192_sepopt_published_parity_20260924/generated_configs/screen_n50/reacher/seed_1.yaml",
  "env_id": "swm/ReacherDMControl-v0",
  "expected_cells": [
    [
      "swm/ReacherDMControl-v0",
      1,
      "sepopt_k192_20260922"
    ],
    [
      "swm/ReacherDMControl-v0",
      1,
      "upstream_lewm_converted"
    ]
  ],
  "manifest": {
    "group": "k192_sepopt_published_parity_swm/ReacherDMControl-v0_seed1_n50",
    "path": "reports/research/k192_sepopt_published_parity_20260924/manifests/screen_n50/reacher_seed1.json"
  },
  "output_dir": "reports/research/k192_sepopt_published_parity_20260924/screen_n50/reacher/seed_1",
  "paper_targets": {},
  "runs": 2,
  "seed": 1,
  "static_only": true
}
	Command being timed: "/tmp/hudm-5090-20260924-0z4ayR/venv/bin/python -m mwm.benchmark.verify reports/research/k192_sepopt_published_parity_20260924/generated_configs/screen_n50/reacher/seed_1.yaml --static-only"
	User time (seconds): 0.86
	System time (seconds): 0.13
	Percent of CPU this job got: 122%
	Elapsed (wall clock) time (h:mm:ss or m:ss): 0:00.81
	Average shared text size (kbytes): 0
	Average unshared data size (kbytes): 0
	Average stack size (kbytes): 0
	Average total size (kbytes): 0
	Maximum resident set size (kbytes): 613300
	Average resident set size (kbytes): 0
	Major (requiring I/O) page faults: 0
	Minor (reclaiming a frame) page faults: 81491
	Voluntary context switches: 41
	Involuntary context switches: 365
	Swaps: 0
	File system inputs: 0
	File system outputs: 8
	Socket messages sent: 0
	Socket messages received: 0
	Signals delivered: 0
	Page size (bytes): 4096
	Exit status: 0

{"started_at": "2026-09-24T21:27:15.427789+00:00", "command": ["/tmp/hudm-5090-20260924-0z4ayR/venv/bin/python", "-m", "mwm.benchmark.verify", "reports/research/k192_sepopt_published_parity_20260924/generated_configs/screen_n50/reacher/seed_1.yaml", "--static-only"]}
{
  "check_checkpoints": true,
  "checkpoint_contracts": [
    "checkpoints_mwm/mwm_paper10_reacher_k192_sepopt_retrain_20260922",
    "checkpoints_mwm/upstream_lewm_reacher"
  ],
  "config": "reports/research/k192_sepopt_published_parity_20260924/generated_configs/screen_n50/reacher/seed_1.yaml",
  "env_id": "swm/ReacherDMControl-v0",
  "expected_cells": [
    [
      "swm/ReacherDMControl-v0",
      1,
      "sepopt_k192_20260922"
    ],
    [
      "swm/ReacherDMControl-v0",
      1,
      "upstream_lewm_converted"
    ]
  ],
  "manifest": {
    "group": "k192_sepopt_published_parity_swm/ReacherDMControl-v0_seed1_n50",
    "path": "reports/research/k192_sepopt_published_parity_20260924/manifests/screen_n50/reacher_seed1.json"
  },
  "output_dir": "reports/research/k192_sepopt_published_parity_20260924/screen_n50/reacher/seed_1",
  "paper_targets": {},
  "runs": 2,
  "seed": 1,
  "static_only": true
}
	Command being timed: "/tmp/hudm-5090-20260924-0z4ayR/venv/bin/python -m mwm.benchmark.verify reports/research/k192_sepopt_published_parity_20260924/generated_configs/screen_n50/reacher/seed_1.yaml --static-only"
	User time (seconds): 0.87
	System time (seconds): 0.13
	Percent of CPU this job got: 122%
	Elapsed (wall clock) time (h:mm:ss or m:ss): 0:00.82
	Average shared text size (kbytes): 0
	Average unshared data size (kbytes): 0
	Average stack size (kbytes): 0
	Average total size (kbytes): 0
	Maximum resident set size (kbytes): 611472
	Average resident set size (kbytes): 0
	Major (requiring I/O) page faults: 0
	Minor (reclaiming a frame) page faults: 81496
	Voluntary context switches: 42
	Involuntary context switches: 360
	Swaps: 0
	File system inputs: 0
	File system outputs: 8
	Socket messages sent: 0
	Socket messages received: 0
	Signals delivered: 0
	Page size (bytes): 4096
	Exit status: 0
