
{"started_at": "2026-09-24T14:28:20.748216+00:00", "command": ["/tmp/hudm-5090-20260924-0z4ayR/venv/bin/python", "-m", "mwm.benchmark.matrix", "reports/research/k192_sepopt_published_parity_20260924/generated_configs/screen_n50/reacher/seed_100.yaml", "--resume"]}
[benchmark] 1/2 published
[benchmark] 2/2 sepopt_k192_20260922
[benchmark] wrote reports/research/k192_sepopt_published_parity_20260924/screen_n50/reacher/seed_100/summary.json
[benchmark] wrote reports/research/k192_sepopt_published_parity_20260924/screen_n50/reacher/seed_100/review.html
[benchmark] inspect rollout videos with: python -m mwm.benchmark.render_review reports/research/k192_sepopt_published_parity_20260924/screen_n50/reacher/seed_100 --serve
	Command being timed: "/tmp/hudm-5090-20260924-0z4ayR/venv/bin/python -m mwm.benchmark.matrix reports/research/k192_sepopt_published_parity_20260924/generated_configs/screen_n50/reacher/seed_100.yaml --resume"
	User time (seconds): 147.45
	System time (seconds): 5.56
	Percent of CPU this job got: 103%
	Elapsed (wall clock) time (h:mm:ss or m:ss): 2:28.04
	Average shared text size (kbytes): 0
	Average unshared data size (kbytes): 0
	Average stack size (kbytes): 0
	Average total size (kbytes): 0
	Maximum resident set size (kbytes): 4767696
	Average resident set size (kbytes): 0
	Major (requiring I/O) page faults: 0
	Minor (reclaiming a frame) page faults: 1315856
	Voluntary context switches: 37248
	Involuntary context switches: 35484
	Swaps: 0
	File system inputs: 38200
	File system outputs: 56824
	Socket messages sent: 0
	Socket messages received: 0
	Signals delivered: 0
	Page size (bytes): 4096
	Exit status: 0

{"started_at": "2026-09-24T21:27:24.471846+00:00", "command": ["/tmp/hudm-5090-20260924-0z4ayR/venv/bin/python", "-m", "mwm.benchmark.matrix", "reports/research/k192_sepopt_published_parity_20260924/generated_configs/screen_n50/reacher/seed_100.yaml", "--resume"]}
[benchmark] resume skip published
[benchmark] resume skip sepopt_k192_20260922
[benchmark] wrote reports/research/k192_sepopt_published_parity_20260924/screen_n50/reacher/seed_100/summary.json
[benchmark] wrote reports/research/k192_sepopt_published_parity_20260924/screen_n50/reacher/seed_100/review.html
[benchmark] inspect rollout videos with: python -m mwm.benchmark.render_review reports/research/k192_sepopt_published_parity_20260924/screen_n50/reacher/seed_100 --serve
	Command being timed: "/tmp/hudm-5090-20260924-0z4ayR/venv/bin/python -m mwm.benchmark.matrix reports/research/k192_sepopt_published_parity_20260924/generated_configs/screen_n50/reacher/seed_100.yaml --resume"
	User time (seconds): 0.86
	System time (seconds): 0.05
	Percent of CPU this job got: 124%
	Elapsed (wall clock) time (h:mm:ss or m:ss): 0:00.74
	Average shared text size (kbytes): 0
	Average unshared data size (kbytes): 0
	Average stack size (kbytes): 0
	Average total size (kbytes): 0
	Maximum resident set size (kbytes): 155232
	Average resident set size (kbytes): 0
	Major (requiring I/O) page faults: 0
	Minor (reclaiming a frame) page faults: 50310
	Voluntary context switches: 85
	Involuntary context switches: 348
	Swaps: 0
	File system inputs: 19000
	File system outputs: 10344
	Socket messages sent: 0
	Socket messages received: 0
	Signals delivered: 0
	Page size (bytes): 4096
	Exit status: 0
