
{"started_at": "2026-09-24T14:14:55.934986+00:00", "command": ["/tmp/hudm-5090-20260924-0z4ayR/venv/bin/python", "-m", "mwm.benchmark.matrix", "reports/research/k192_sepopt_published_parity_20260924/generated_configs/screen_n50/tworoom/seed_42.yaml", "--resume"]}
[benchmark] 1/2 published
[benchmark] 2/2 sepopt_k192_20260922
[benchmark] wrote reports/research/k192_sepopt_published_parity_20260924/screen_n50/tworoom/seed_42/summary.json
[benchmark] wrote reports/research/k192_sepopt_published_parity_20260924/screen_n50/tworoom/seed_42/review.html
[benchmark] inspect rollout videos with: python -m mwm.benchmark.render_review reports/research/k192_sepopt_published_parity_20260924/screen_n50/tworoom/seed_42 --serve
	Command being timed: "/tmp/hudm-5090-20260924-0z4ayR/venv/bin/python -m mwm.benchmark.matrix reports/research/k192_sepopt_published_parity_20260924/generated_configs/screen_n50/tworoom/seed_42.yaml --resume"
	User time (seconds): 109.20
	System time (seconds): 2.54
	Percent of CPU this job got: 109%
	Elapsed (wall clock) time (h:mm:ss or m:ss): 1:41.65
	Average shared text size (kbytes): 0
	Average unshared data size (kbytes): 0
	Average stack size (kbytes): 0
	Average total size (kbytes): 0
	Maximum resident set size (kbytes): 2612332
	Average resident set size (kbytes): 0
	Major (requiring I/O) page faults: 0
	Minor (reclaiming a frame) page faults: 1900841
	Voluntary context switches: 107708
	Involuntary context switches: 21968
	Swaps: 0
	File system inputs: 8
	File system outputs: 53552
	Socket messages sent: 0
	Socket messages received: 0
	Signals delivered: 0
	Page size (bytes): 4096
	Exit status: 0

{"started_at": "2026-09-24T21:27:08.086056+00:00", "command": ["/tmp/hudm-5090-20260924-0z4ayR/venv/bin/python", "-m", "mwm.benchmark.matrix", "reports/research/k192_sepopt_published_parity_20260924/generated_configs/screen_n50/tworoom/seed_42.yaml", "--resume"]}
[benchmark] resume skip published
[benchmark] resume skip sepopt_k192_20260922
[benchmark] wrote reports/research/k192_sepopt_published_parity_20260924/screen_n50/tworoom/seed_42/summary.json
[benchmark] wrote reports/research/k192_sepopt_published_parity_20260924/screen_n50/tworoom/seed_42/review.html
[benchmark] inspect rollout videos with: python -m mwm.benchmark.render_review reports/research/k192_sepopt_published_parity_20260924/screen_n50/tworoom/seed_42 --serve
	Command being timed: "/tmp/hudm-5090-20260924-0z4ayR/venv/bin/python -m mwm.benchmark.matrix reports/research/k192_sepopt_published_parity_20260924/generated_configs/screen_n50/tworoom/seed_42.yaml --resume"
	User time (seconds): 0.87
	System time (seconds): 0.04
	Percent of CPU this job got: 124%
	Elapsed (wall clock) time (h:mm:ss or m:ss): 0:00.74
	Average shared text size (kbytes): 0
	Average unshared data size (kbytes): 0
	Average stack size (kbytes): 0
	Average total size (kbytes): 0
	Maximum resident set size (kbytes): 141960
	Average resident set size (kbytes): 0
	Major (requiring I/O) page faults: 0
	Minor (reclaiming a frame) page faults: 51561
	Voluntary context switches: 83
	Involuntary context switches: 377
	Swaps: 0
	File system inputs: 18976
	File system outputs: 10304
	Socket messages sent: 0
	Socket messages received: 0
	Signals delivered: 0
	Page size (bytes): 4096
	Exit status: 0
