
{"started_at": "2026-09-24T14:25:51.198036+00:00", "command": ["/tmp/hudm-5090-20260924-0z4ayR/venv/bin/python", "/tmp/hudm-5090-20260924-0z4ayR/audit_paired.py", "reports/research/k192_sepopt_published_parity_20260924/generated_configs/screen_n50/reacher/seed_2.yaml"]}
{"verified": true, "audit": "/tmp/hudm-5090-20260924-0z4ayR/HUDM/reports/research/k192_sepopt_published_parity_20260924/screen_n50/reacher/seed_2/paired_audit.json", "roles": [{"role": "upstream_lewm_converted", "episodes": 50, "successes": 48, "success_rate": 96.0, "weights_sha256": "351d9c40922fb99bc46017392a372df59c3b26ba4c7af00cb7b6bcd85b6f78fd", "trace_sha256": "1bef27701f66e11a535c130ad0d720a3aab156e0e918257b87f36903d60d15c7", "resolved_config_sha256": "0248cb0d5b5f9a454874bde0c830ce68031027456d9b41f2901969e5ff4d7365", "manifest_sha256": "1685df8311dc45afe19e67c771538b657bad718cced353c5119a3f4429c05f4a", "dynamics_flops_total": 84798237600000}, {"role": "sepopt_k192_20260922", "episodes": 50, "successes": 47, "success_rate": 94.0, "weights_sha256": "2993c6146f5ad6ec160c35422c75c89113d25b51c6de2552f1ecc5b30fe891ff", "trace_sha256": "ef12bfa0c114ae7e9a7acbd2b62fd9672671c09cd2d20153735d5949aaf2e85b", "resolved_config_sha256": "e5a1577950eb71620ff899382d1cc1c1073e801441fb4dafbeeab2fd36545430", "manifest_sha256": "1685df8311dc45afe19e67c771538b657bad718cced353c5119a3f4429c05f4a", "dynamics_flops_total": 84798237600000}]}
	Command being timed: "/tmp/hudm-5090-20260924-0z4ayR/venv/bin/python /tmp/hudm-5090-20260924-0z4ayR/audit_paired.py reports/research/k192_sepopt_published_parity_20260924/generated_configs/screen_n50/reacher/seed_2.yaml"
	User time (seconds): 0.13
	System time (seconds): 0.02
	Percent of CPU this job got: 98%
	Elapsed (wall clock) time (h:mm:ss or m:ss): 0:00.16
	Average shared text size (kbytes): 0
	Average unshared data size (kbytes): 0
	Average stack size (kbytes): 0
	Average total size (kbytes): 0
	Maximum resident set size (kbytes): 47660
	Average resident set size (kbytes): 0
	Major (requiring I/O) page faults: 0
	Minor (reclaiming a frame) page faults: 11894
	Voluntary context switches: 1
	Involuntary context switches: 59
	Swaps: 0
	File system inputs: 0
	File system outputs: 32
	Socket messages sent: 0
	Socket messages received: 0
	Signals delivered: 0
	Page size (bytes): 4096
	Exit status: 0

{"started_at": "2026-09-24T21:27:20.673284+00:00", "command": ["/tmp/hudm-5090-20260924-0z4ayR/venv/bin/python", "/tmp/hudm-5090-20260924-0z4ayR/audit_paired.py", "reports/research/k192_sepopt_published_parity_20260924/generated_configs/screen_n50/reacher/seed_2.yaml"]}
{"verified": true, "audit": "/tmp/hudm-5090-20260924-0z4ayR/HUDM/reports/research/k192_sepopt_published_parity_20260924/screen_n50/reacher/seed_2/paired_audit.json", "roles": [{"role": "upstream_lewm_converted", "episodes": 50, "successes": 48, "success_rate": 96.0, "weights_sha256": "351d9c40922fb99bc46017392a372df59c3b26ba4c7af00cb7b6bcd85b6f78fd", "trace_sha256": "1bef27701f66e11a535c130ad0d720a3aab156e0e918257b87f36903d60d15c7", "resolved_config_sha256": "0248cb0d5b5f9a454874bde0c830ce68031027456d9b41f2901969e5ff4d7365", "manifest_sha256": "1685df8311dc45afe19e67c771538b657bad718cced353c5119a3f4429c05f4a", "dynamics_flops_total": 84798237600000}, {"role": "sepopt_k192_20260922", "episodes": 50, "successes": 47, "success_rate": 94.0, "weights_sha256": "2993c6146f5ad6ec160c35422c75c89113d25b51c6de2552f1ecc5b30fe891ff", "trace_sha256": "ef12bfa0c114ae7e9a7acbd2b62fd9672671c09cd2d20153735d5949aaf2e85b", "resolved_config_sha256": "e5a1577950eb71620ff899382d1cc1c1073e801441fb4dafbeeab2fd36545430", "manifest_sha256": "1685df8311dc45afe19e67c771538b657bad718cced353c5119a3f4429c05f4a", "dynamics_flops_total": 84798237600000}]}
	Command being timed: "/tmp/hudm-5090-20260924-0z4ayR/venv/bin/python /tmp/hudm-5090-20260924-0z4ayR/audit_paired.py reports/research/k192_sepopt_published_parity_20260924/generated_configs/screen_n50/reacher/seed_2.yaml"
	User time (seconds): 0.14
	System time (seconds): 0.02
	Percent of CPU this job got: 98%
	Elapsed (wall clock) time (h:mm:ss or m:ss): 0:00.16
	Average shared text size (kbytes): 0
	Average unshared data size (kbytes): 0
	Average stack size (kbytes): 0
	Average total size (kbytes): 0
	Maximum resident set size (kbytes): 47500
	Average resident set size (kbytes): 0
	Major (requiring I/O) page faults: 0
	Minor (reclaiming a frame) page faults: 11864
	Voluntary context switches: 1
	Involuntary context switches: 84
	Swaps: 0
	File system inputs: 0
	File system outputs: 32
	Socket messages sent: 0
	Socket messages received: 0
	Signals delivered: 0
	Page size (bytes): 4096
	Exit status: 0
