
{"started_at": "2026-09-24T14:11:31.110329+00:00", "command": ["/tmp/hudm-5090-20260924-0z4ayR/venv/bin/python", "/tmp/hudm-5090-20260924-0z4ayR/audit_paired.py", "reports/research/k192_sepopt_published_parity_20260924/generated_configs/screen_n50/tworoom/seed_0.yaml"]}
{"verified": true, "audit": "/tmp/hudm-5090-20260924-0z4ayR/HUDM/reports/research/k192_sepopt_published_parity_20260924/screen_n50/tworoom/seed_0/paired_audit.json", "roles": [{"role": "upstream_lewm_converted", "episodes": 50, "successes": 42, "success_rate": 84.0, "weights_sha256": "ab3b34c0f3a9d7f4bcd4bd22060fc2bc02effeafbeb907b1927740bb9360485a", "trace_sha256": "6a42cbecee1902aefeb994d57464f3ba43e833e046bd134f6c0b54e167b81f0c", "resolved_config_sha256": "683e763966c3dca88f2549769b97cf6680bbcfc2af5d6c9ca4e1a83b5d4ea717", "manifest_sha256": "a8f28b87c32d7c6ee8714174d477a6636b1c18cf3c8074de9ecba9ab6912eabb", "dynamics_flops_total": 84798237600000}, {"role": "sepopt_k192_20260922", "episodes": 50, "successes": 47, "success_rate": 94.0, "weights_sha256": "0782bd7798c560178d7cea962790ff774fd2d60f7630e02cee80d3f8307f2cf4", "trace_sha256": "8eca22b42ee27f56387d7686a6daa92af7fe285cb419b6f67f9e4458eb084653", "resolved_config_sha256": "229f21ff2a52f8154a8c4dbe0b3e9cb5b43bb1cf70ee7a9d0b50fee2a1928bea", "manifest_sha256": "a8f28b87c32d7c6ee8714174d477a6636b1c18cf3c8074de9ecba9ab6912eabb", "dynamics_flops_total": 36086148000000}]}
	Command being timed: "/tmp/hudm-5090-20260924-0z4ayR/venv/bin/python /tmp/hudm-5090-20260924-0z4ayR/audit_paired.py reports/research/k192_sepopt_published_parity_20260924/generated_configs/screen_n50/tworoom/seed_0.yaml"
	User time (seconds): 0.13
	System time (seconds): 0.02
	Percent of CPU this job got: 98%
	Elapsed (wall clock) time (h:mm:ss or m:ss): 0:00.16
	Average shared text size (kbytes): 0
	Average unshared data size (kbytes): 0
	Average stack size (kbytes): 0
	Average total size (kbytes): 0
	Maximum resident set size (kbytes): 47680
	Average resident set size (kbytes): 0
	Major (requiring I/O) page faults: 0
	Minor (reclaiming a frame) page faults: 11859
	Voluntary context switches: 1
	Involuntary context switches: 50
	Swaps: 0
	File system inputs: 0
	File system outputs: 24
	Socket messages sent: 0
	Socket messages received: 0
	Signals delivered: 0
	Page size (bytes): 4096
	Exit status: 0

{"started_at": "2026-09-24T21:27:01.569145+00:00", "command": ["/tmp/hudm-5090-20260924-0z4ayR/venv/bin/python", "/tmp/hudm-5090-20260924-0z4ayR/audit_paired.py", "reports/research/k192_sepopt_published_parity_20260924/generated_configs/screen_n50/tworoom/seed_0.yaml"]}
{"verified": true, "audit": "/tmp/hudm-5090-20260924-0z4ayR/HUDM/reports/research/k192_sepopt_published_parity_20260924/screen_n50/tworoom/seed_0/paired_audit.json", "roles": [{"role": "upstream_lewm_converted", "episodes": 50, "successes": 42, "success_rate": 84.0, "weights_sha256": "ab3b34c0f3a9d7f4bcd4bd22060fc2bc02effeafbeb907b1927740bb9360485a", "trace_sha256": "6a42cbecee1902aefeb994d57464f3ba43e833e046bd134f6c0b54e167b81f0c", "resolved_config_sha256": "683e763966c3dca88f2549769b97cf6680bbcfc2af5d6c9ca4e1a83b5d4ea717", "manifest_sha256": "a8f28b87c32d7c6ee8714174d477a6636b1c18cf3c8074de9ecba9ab6912eabb", "dynamics_flops_total": 84798237600000}, {"role": "sepopt_k192_20260922", "episodes": 50, "successes": 47, "success_rate": 94.0, "weights_sha256": "0782bd7798c560178d7cea962790ff774fd2d60f7630e02cee80d3f8307f2cf4", "trace_sha256": "8eca22b42ee27f56387d7686a6daa92af7fe285cb419b6f67f9e4458eb084653", "resolved_config_sha256": "229f21ff2a52f8154a8c4dbe0b3e9cb5b43bb1cf70ee7a9d0b50fee2a1928bea", "manifest_sha256": "a8f28b87c32d7c6ee8714174d477a6636b1c18cf3c8074de9ecba9ab6912eabb", "dynamics_flops_total": 36086148000000}]}
	Command being timed: "/tmp/hudm-5090-20260924-0z4ayR/venv/bin/python /tmp/hudm-5090-20260924-0z4ayR/audit_paired.py reports/research/k192_sepopt_published_parity_20260924/generated_configs/screen_n50/tworoom/seed_0.yaml"
	User time (seconds): 0.13
	System time (seconds): 0.02
	Percent of CPU this job got: 98%
	Elapsed (wall clock) time (h:mm:ss or m:ss): 0:00.16
	Average shared text size (kbytes): 0
	Average unshared data size (kbytes): 0
	Average stack size (kbytes): 0
	Average total size (kbytes): 0
	Maximum resident set size (kbytes): 47160
	Average resident set size (kbytes): 0
	Major (requiring I/O) page faults: 0
	Minor (reclaiming a frame) page faults: 11860
	Voluntary context switches: 1
	Involuntary context switches: 40
	Swaps: 0
	File system inputs: 0
	File system outputs: 24
	Socket messages sent: 0
	Socket messages received: 0
	Signals delivered: 0
	Page size (bytes): 4096
	Exit status: 0
