
{"started_at": "2026-09-24T21:40:23.926082+00:00", "command": ["/tmp/hudm-5090-20260924-0z4ayR/venv/bin/python", "/tmp/hudm-5090-20260924-0z4ayR/audit_paired.py", "reports/research/k192_sepopt_published_parity_20260924/generated_configs/screen_n50/ogb_cube/seed_2.yaml"]}
{"verified": true, "audit": "/tmp/hudm-5090-20260924-0z4ayR/HUDM/reports/research/k192_sepopt_published_parity_20260924/screen_n50/ogb_cube/seed_2/paired_audit.json", "roles": [{"role": "upstream_lewm_converted", "episodes": 50, "successes": 34, "success_rate": 68.0, "weights_sha256": "9400a6f64e7ad176ccd345556d107e927612070535adc6de7a2657bd136506a0", "trace_sha256": "9947701e012da3448f4abb0bf007260f5813c43c10f6df0f67da4618050922c8", "resolved_config_sha256": "a7e5ef20e67c6f34f8566c4db40789ce91373142c7454ed36c90f3c0c75a1f35", "manifest_sha256": "72863a41fd53c5430aacb73a2e16772ea83b007c0402c935a4fd5405055172b6", "dynamics_flops_total": 84799587600000}, {"role": "sepopt_k192_20260922", "episodes": 50, "successes": 34, "success_rate": 68.0, "weights_sha256": "f8f023c1bfd5fe6d6a176d8f138e0c650f0857ebe372868298ec08319bb48781", "trace_sha256": "2eda9f29fefeb4495d3812621142ab4a4ac65cc78456c75e31943f44966c19f5", "resolved_config_sha256": "adcdeb23792987b7a0cda56a964ac321bd9c9b4894907b00823938ee0d815a22", "manifest_sha256": "72863a41fd53c5430aacb73a2e16772ea83b007c0402c935a4fd5405055172b6", "dynamics_flops_total": 84799587600000}]}
	Command being timed: "/tmp/hudm-5090-20260924-0z4ayR/venv/bin/python /tmp/hudm-5090-20260924-0z4ayR/audit_paired.py reports/research/k192_sepopt_published_parity_20260924/generated_configs/screen_n50/ogb_cube/seed_2.yaml"
	User time (seconds): 0.14
	System time (seconds): 0.03
	Percent of CPU this job got: 98%
	Elapsed (wall clock) time (h:mm:ss or m:ss): 0:00.17
	Average shared text size (kbytes): 0
	Average unshared data size (kbytes): 0
	Average stack size (kbytes): 0
	Average total size (kbytes): 0
	Maximum resident set size (kbytes): 52328
	Average resident set size (kbytes): 0
	Major (requiring I/O) page faults: 0
	Minor (reclaiming a frame) page faults: 13570
	Voluntary context switches: 1
	Involuntary context switches: 59
	Swaps: 0
	File system inputs: 0
	File system outputs: 32
	Socket messages sent: 0
	Socket messages received: 0
	Signals delivered: 0
	Page size (bytes): 4096
	Exit status: 0
