/tmp/hudm-5090-20260924-0z4ayR/venv/lib/python3.11/site-packages/gymnasium/envs/registration.py:728: UserWarning: [33mWARN: The environment is being initialised with render_mode='rgb_array' that is not in the possible render_modes ([]).[0m
  logger.warn(
/tmp/hudm-5090-20260924-0z4ayR/venv/lib/python3.11/site-packages/gymnasium/spaces/box.py:236: UserWarning: [33mWARN: Box low's precision lowered by casting to float32, current low.dtype=float64[0m
  gym.logger.warn(
/tmp/hudm-5090-20260924-0z4ayR/venv/lib/python3.11/site-packages/gymnasium/spaces/box.py:306: UserWarning: [33mWARN: Box high's precision lowered by casting to float32, current high.dtype=float64[0m
  gym.logger.warn(
/tmp/hudm-5090-20260924-0z4ayR/venv/lib/python3.11/site-packages/gymnasium/spaces/box.py:424: UserWarning: [33mWARN: Casting input x to numpy array.[0m
  gym.logger.warn("Casting input x to numpy array.")
/tmp/hudm-5090-20260924-0z4ayR/venv/lib/python3.11/site-packages/gymnasium/spaces/box.py:236: UserWarning: [33mWARN: Box low's precision lowered by casting to float32, current low.dtype=float64[0m
  gym.logger.warn(
/tmp/hudm-5090-20260924-0z4ayR/venv/lib/python3.11/site-packages/gymnasium/spaces/box.py:306: UserWarning: [33mWARN: Box high's precision lowered by casting to float32, current high.dtype=float64[0m
  gym.logger.warn(
/tmp/hudm-5090-20260924-0z4ayR/venv/lib/python3.11/site-packages/gymnasium/spaces/box.py:236: UserWarning: [33mWARN: Box low's precision lowered by casting to float32, current low.dtype=float64[0m
  gym.logger.warn(
/tmp/hudm-5090-20260924-0z4ayR/venv/lib/python3.11/site-packages/gymnasium/spaces/box.py:306: UserWarning: [33mWARN: Box high's precision lowered by casting to float32, current high.dtype=float64[0m
  gym.logger.warn(
/tmp/hudm-5090-20260924-0z4ayR/venv/lib/python3.11/site-packages/gymnasium/spaces/box.py:236: UserWarning: [33mWARN: Box low's precision lowered by casting to float32, current low.dtype=float64[0m
  gym.logger.warn(
/tmp/hudm-5090-20260924-0z4ayR/venv/lib/python3.11/site-packages/gymnasium/spaces/box.py:306: UserWarning: [33mWARN: Box high's precision lowered by casting to float32, current high.dtype=float64[0m
  gym.logger.warn(
/tmp/hudm-5090-20260924-0z4ayR/venv/lib/python3.11/site-packages/gymnasium/spaces/box.py:236: UserWarning: [33mWARN: Box low's precision lowered by casting to float32, current low.dtype=float64[0m
  gym.logger.warn(
/tmp/hudm-5090-20260924-0z4ayR/venv/lib/python3.11/site-packages/gymnasium/spaces/box.py:306: UserWarning: [33mWARN: Box high's precision lowered by casting to float32, current high.dtype=float64[0m
  gym.logger.warn(
/tmp/hudm-5090-20260924-0z4ayR/venv/lib/python3.11/site-packages/gymnasium/spaces/box.py:236: UserWarning: [33mWARN: Box low's precision lowered by casting to float32, current low.dtype=float64[0m
  gym.logger.warn(
/tmp/hudm-5090-20260924-0z4ayR/venv/lib/python3.11/site-packages/gymnasium/spaces/box.py:306: UserWarning: [33mWARN: Box high's precision lowered by casting to float32, current high.dtype=float64[0m
  gym.logger.warn(
/tmp/hudm-5090-20260924-0z4ayR/venv/lib/python3.11/site-packages/gymnasium/spaces/box.py:236: UserWarning: [33mWARN: Box low's precision lowered by casting to float32, current low.dtype=float64[0m
  gym.logger.warn(
/tmp/hudm-5090-20260924-0z4ayR/venv/lib/python3.11/site-packages/gymnasium/spaces/box.py:306: UserWarning: [33mWARN: Box high's precision lowered by casting to float32, current high.dtype=float64[0m
  gym.logger.warn(
/tmp/hudm-5090-20260924-0z4ayR/venv/lib/python3.11/site-packages/gymnasium/spaces/box.py:236: UserWarning: [33mWARN: Box low's precision lowered by casting to float32, current low.dtype=float64[0m
  gym.logger.warn(
/tmp/hudm-5090-20260924-0z4ayR/venv/lib/python3.11/site-packages/gymnasium/spaces/box.py:306: UserWarning: [33mWARN: Box high's precision lowered by casting to float32, current high.dtype=float64[0m
  gym.logger.warn(
/tmp/hudm-5090-20260924-0z4ayR/venv/lib/python3.11/site-packages/gymnasium/spaces/box.py:236: UserWarning: [33mWARN: Box low's precision lowered by casting to float32, current low.dtype=float64[0m
  gym.logger.warn(
/tmp/hudm-5090-20260924-0z4ayR/venv/lib/python3.11/site-packages/gymnasium/spaces/box.py:306: UserWarning: [33mWARN: Box high's precision lowered by casting to float32, current high.dtype=float64[0m
  gym.logger.warn(
/tmp/hudm-5090-20260924-0z4ayR/venv/lib/python3.11/site-packages/gymnasium/spaces/box.py:236: UserWarning: [33mWARN: Box low's precision lowered by casting to float32, current low.dtype=float64[0m
  gym.logger.warn(
/tmp/hudm-5090-20260924-0z4ayR/venv/lib/python3.11/site-packages/gymnasium/spaces/box.py:306: UserWarning: [33mWARN: Box high's precision lowered by casting to float32, current high.dtype=float64[0m
  gym.logger.warn(
/tmp/hudm-5090-20260924-0z4ayR/venv/lib/python3.11/site-packages/gymnasium/spaces/box.py:236: UserWarning: [33mWARN: Box low's precision lowered by casting to float32, current low.dtype=float64[0m
  gym.logger.warn(
/tmp/hudm-5090-20260924-0z4ayR/venv/lib/python3.11/site-packages/gymnasium/spaces/box.py:306: UserWarning: [33mWARN: Box high's precision lowered by casting to float32, current high.dtype=float64[0m
  gym.logger.warn(
/tmp/hudm-5090-20260924-0z4ayR/venv/lib/python3.11/site-packages/gymnasium/spaces/box.py:236: UserWarning: [33mWARN: Box low's precision lowered by casting to float32, current low.dtype=float64[0m
  gym.logger.warn(
/tmp/hudm-5090-20260924-0z4ayR/venv/lib/python3.11/site-packages/gymnasium/spaces/box.py:306: UserWarning: [33mWARN: Box high's precision lowered by casting to float32, current high.dtype=float64[0m
  gym.logger.warn(
/tmp/hudm-5090-20260924-0z4ayR/venv/lib/python3.11/site-packages/gymnasium/spaces/box.py:236: UserWarning: [33mWARN: Box low's precision lowered by casting to float32, current low.dtype=float64[0m
  gym.logger.warn(
/tmp/hudm-5090-20260924-0z4ayR/venv/lib/python3.11/site-packages/gymnasium/spaces/box.py:306: UserWarning: [33mWARN: Box high's precision lowered by casting to float32, current high.dtype=float64[0m
  gym.logger.warn(
/tmp/hudm-5090-20260924-0z4ayR/venv/lib/python3.11/site-packages/gymnasium/spaces/box.py:236: UserWarning: [33mWARN: Box low's precision lowered by casting to float32, current low.dtype=float64[0m
  gym.logger.warn(
/tmp/hudm-5090-20260924-0z4ayR/venv/lib/python3.11/site-packages/gymnasium/spaces/box.py:306: UserWarning: [33mWARN: Box high's precision lowered by casting to float32, current high.dtype=float64[0m
  gym.logger.warn(
/tmp/hudm-5090-20260924-0z4ayR/venv/lib/python3.11/site-packages/gymnasium/spaces/box.py:236: UserWarning: [33mWARN: Box low's precision lowered by casting to float32, current low.dtype=float64[0m
  gym.logger.warn(
/tmp/hudm-5090-20260924-0z4ayR/venv/lib/python3.11/site-packages/gymnasium/spaces/box.py:306: UserWarning: [33mWARN: Box high's precision lowered by casting to float32, current high.dtype=float64[0m
  gym.logger.warn(
/tmp/hudm-5090-20260924-0z4ayR/venv/lib/python3.11/site-packages/gymnasium/spaces/box.py:236: UserWarning: [33mWARN: Box low's precision lowered by casting to float32, current low.dtype=float64[0m
  gym.logger.warn(
/tmp/hudm-5090-20260924-0z4ayR/venv/lib/python3.11/site-packages/gymnasium/spaces/box.py:306: UserWarning: [33mWARN: Box high's precision lowered by casting to float32, current high.dtype=float64[0m
  gym.logger.warn(
/tmp/hudm-5090-20260924-0z4ayR/venv/lib/python3.11/site-packages/gymnasium/spaces/box.py:236: UserWarning: [33mWARN: Box low's precision lowered by casting to float32, current low.dtype=float64[0m
  gym.logger.warn(
/tmp/hudm-5090-20260924-0z4ayR/venv/lib/python3.11/site-packages/gymnasium/spaces/box.py:306: UserWarning: [33mWARN: Box high's precision lowered by casting to float32, current high.dtype=float64[0m
  gym.logger.warn(
/tmp/hudm-5090-20260924-0z4ayR/venv/lib/python3.11/site-packages/gymnasium/spaces/box.py:236: UserWarning: [33mWARN: Box low's precision lowered by casting to float32, current low.dtype=float64[0m
  gym.logger.warn(
/tmp/hudm-5090-20260924-0z4ayR/venv/lib/python3.11/site-packages/gymnasium/spaces/box.py:306: UserWarning: [33mWARN: Box high's precision lowered by casting to float32, current high.dtype=float64[0m
  gym.logger.warn(
/tmp/hudm-5090-20260924-0z4ayR/venv/lib/python3.11/site-packages/gymnasium/spaces/box.py:236: UserWarning: [33mWARN: Box low's precision lowered by casting to float32, current low.dtype=float64[0m
  gym.logger.warn(
/tmp/hudm-5090-20260924-0z4ayR/venv/lib/python3.11/site-packages/gymnasium/spaces/box.py:306: UserWarning: [33mWARN: Box high's precision lowered by casting to float32, current high.dtype=float64[0m
  gym.logger.warn(
/tmp/hudm-5090-20260924-0z4ayR/venv/lib/python3.11/site-packages/gymnasium/spaces/box.py:236: UserWarning: [33mWARN: Box low's precision lowered by casting to float32, current low.dtype=float64[0m
  gym.logger.warn(
/tmp/hudm-5090-20260924-0z4ayR/venv/lib/python3.11/site-packages/gymnasium/spaces/box.py:306: UserWarning: [33mWARN: Box high's precision lowered by casting to float32, current high.dtype=float64[0m
  gym.logger.warn(
/tmp/hudm-5090-20260924-0z4ayR/venv/lib/python3.11/site-packages/gymnasium/spaces/box.py:236: UserWarning: [33mWARN: Box low's precision lowered by casting to float32, current low.dtype=float64[0m
  gym.logger.warn(
/tmp/hudm-5090-20260924-0z4ayR/venv/lib/python3.11/site-packages/gymnasium/spaces/box.py:306: UserWarning: [33mWARN: Box high's precision lowered by casting to float32, current high.dtype=float64[0m
  gym.logger.warn(
/tmp/hudm-5090-20260924-0z4ayR/venv/lib/python3.11/site-packages/gymnasium/spaces/box.py:236: UserWarning: [33mWARN: Box low's precision lowered by casting to float32, current low.dtype=float64[0m
  gym.logger.warn(
/tmp/hudm-5090-20260924-0z4ayR/venv/lib/python3.11/site-packages/gymnasium/spaces/box.py:306: UserWarning: [33mWARN: Box high's precision lowered by casting to float32, current high.dtype=float64[0m
  gym.logger.warn(
/tmp/hudm-5090-20260924-0z4ayR/venv/lib/python3.11/site-packages/gymnasium/spaces/box.py:236: UserWarning: [33mWARN: Box low's precision lowered by casting to float32, current low.dtype=float64[0m
  gym.logger.warn(
/tmp/hudm-5090-20260924-0z4ayR/venv/lib/python3.11/site-packages/gymnasium/spaces/box.py:306: UserWarning: [33mWARN: Box high's precision lowered by casting to float32, current high.dtype=float64[0m
  gym.logger.warn(
/tmp/hudm-5090-20260924-0z4ayR/venv/lib/python3.11/site-packages/gymnasium/spaces/box.py:236: UserWarning: [33mWARN: Box low's precision lowered by casting to float32, current low.dtype=float64[0m
  gym.logger.warn(
/tmp/hudm-5090-20260924-0z4ayR/venv/lib/python3.11/site-packages/gymnasium/spaces/box.py:306: UserWarning: [33mWARN: Box high's precision lowered by casting to float32, current high.dtype=float64[0m
  gym.logger.warn(
/tmp/hudm-5090-20260924-0z4ayR/venv/lib/python3.11/site-packages/gymnasium/spaces/box.py:236: UserWarning: [33mWARN: Box low's precision lowered by casting to float32, current low.dtype=float64[0m
  gym.logger.warn(
/tmp/hudm-5090-20260924-0z4ayR/venv/lib/python3.11/site-packages/gymnasium/spaces/box.py:306: UserWarning: [33mWARN: Box high's precision lowered by casting to float32, current high.dtype=float64[0m
  gym.logger.warn(
/tmp/hudm-5090-20260924-0z4ayR/venv/lib/python3.11/site-packages/gymnasium/spaces/box.py:236: UserWarning: [33mWARN: Box low's precision lowered by casting to float32, current low.dtype=float64[0m
  gym.logger.warn(
/tmp/hudm-5090-20260924-0z4ayR/venv/lib/python3.11/site-packages/gymnasium/spaces/box.py:306: UserWarning: [33mWARN: Box high's precision lowered by casting to float32, current high.dtype=float64[0m
  gym.logger.warn(
/tmp/hudm-5090-20260924-0z4ayR/venv/lib/python3.11/site-packages/gymnasium/spaces/box.py:236: UserWarning: [33mWARN: Box low's precision lowered by casting to float32, current low.dtype=float64[0m
  gym.logger.warn(
/tmp/hudm-5090-20260924-0z4ayR/venv/lib/python3.11/site-packages/gymnasium/spaces/box.py:306: UserWarning: [33mWARN: Box high's precision lowered by casting to float32, current high.dtype=float64[0m
  gym.logger.warn(
/tmp/hudm-5090-20260924-0z4ayR/venv/lib/python3.11/site-packages/gymnasium/spaces/box.py:236: UserWarning: [33mWARN: Box low's precision lowered by casting to float32, current low.dtype=float64[0m
  gym.logger.warn(
/tmp/hudm-5090-20260924-0z4ayR/venv/lib/python3.11/site-packages/gymnasium/spaces/box.py:306: UserWarning: [33mWARN: Box high's precision lowered by casting to float32, current high.dtype=float64[0m
  gym.logger.warn(
/tmp/hudm-5090-20260924-0z4ayR/venv/lib/python3.11/site-packages/gymnasium/spaces/box.py:236: UserWarning: [33mWARN: Box low's precision lowered by casting to float32, current low.dtype=float64[0m
  gym.logger.warn(
/tmp/hudm-5090-20260924-0z4ayR/venv/lib/python3.11/site-packages/gymnasium/spaces/box.py:306: UserWarning: [33mWARN: Box high's precision lowered by casting to float32, current high.dtype=float64[0m
  gym.logger.warn(
/tmp/hudm-5090-20260924-0z4ayR/venv/lib/python3.11/site-packages/gymnasium/spaces/box.py:236: UserWarning: [33mWARN: Box low's precision lowered by casting to float32, current low.dtype=float64[0m
  gym.logger.warn(
/tmp/hudm-5090-20260924-0z4ayR/venv/lib/python3.11/site-packages/gymnasium/spaces/box.py:306: UserWarning: [33mWARN: Box high's precision lowered by casting to float32, current high.dtype=float64[0m
  gym.logger.warn(
/tmp/hudm-5090-20260924-0z4ayR/venv/lib/python3.11/site-packages/gymnasium/spaces/box.py:236: UserWarning: [33mWARN: Box low's precision lowered by casting to float32, current low.dtype=float64[0m
  gym.logger.warn(
/tmp/hudm-5090-20260924-0z4ayR/venv/lib/python3.11/site-packages/gymnasium/spaces/box.py:306: UserWarning: [33mWARN: Box high's precision lowered by casting to float32, current high.dtype=float64[0m
  gym.logger.warn(
/tmp/hudm-5090-20260924-0z4ayR/venv/lib/python3.11/site-packages/gymnasium/spaces/box.py:236: UserWarning: [33mWARN: Box low's precision lowered by casting to float32, current low.dtype=float64[0m
  gym.logger.warn(
/tmp/hudm-5090-20260924-0z4ayR/venv/lib/python3.11/site-packages/gymnasium/spaces/box.py:306: UserWarning: [33mWARN: Box high's precision lowered by casting to float32, current high.dtype=float64[0m
  gym.logger.warn(
/tmp/hudm-5090-20260924-0z4ayR/venv/lib/python3.11/site-packages/gymnasium/spaces/box.py:236: UserWarning: [33mWARN: Box low's precision lowered by casting to float32, current low.dtype=float64[0m
  gym.logger.warn(
/tmp/hudm-5090-20260924-0z4ayR/venv/lib/python3.11/site-packages/gymnasium/spaces/box.py:306: UserWarning: [33mWARN: Box high's precision lowered by casting to float32, current high.dtype=float64[0m
  gym.logger.warn(
/tmp/hudm-5090-20260924-0z4ayR/venv/lib/python3.11/site-packages/gymnasium/spaces/box.py:236: UserWarning: [33mWARN: Box low's precision lowered by casting to float32, current low.dtype=float64[0m
  gym.logger.warn(
/tmp/hudm-5090-20260924-0z4ayR/venv/lib/python3.11/site-packages/gymnasium/spaces/box.py:306: UserWarning: [33mWARN: Box high's precision lowered by casting to float32, current high.dtype=float64[0m
  gym.logger.warn(
/tmp/hudm-5090-20260924-0z4ayR/venv/lib/python3.11/site-packages/gymnasium/spaces/box.py:236: UserWarning: [33mWARN: Box low's precision lowered by casting to float32, current low.dtype=float64[0m
  gym.logger.warn(
/tmp/hudm-5090-20260924-0z4ayR/venv/lib/python3.11/site-packages/gymnasium/spaces/box.py:306: UserWarning: [33mWARN: Box high's precision lowered by casting to float32, current high.dtype=float64[0m
  gym.logger.warn(
/tmp/hudm-5090-20260924-0z4ayR/venv/lib/python3.11/site-packages/gymnasium/spaces/box.py:236: UserWarning: [33mWARN: Box low's precision lowered by casting to float32, current low.dtype=float64[0m
  gym.logger.warn(
/tmp/hudm-5090-20260924-0z4ayR/venv/lib/python3.11/site-packages/gymnasium/spaces/box.py:306: UserWarning: [33mWARN: Box high's precision lowered by casting to float32, current high.dtype=float64[0m
  gym.logger.warn(
/tmp/hudm-5090-20260924-0z4ayR/venv/lib/python3.11/site-packages/gymnasium/spaces/box.py:236: UserWarning: [33mWARN: Box low's precision lowered by casting to float32, current low.dtype=float64[0m
  gym.logger.warn(
/tmp/hudm-5090-20260924-0z4ayR/venv/lib/python3.11/site-packages/gymnasium/spaces/box.py:306: UserWarning: [33mWARN: Box high's precision lowered by casting to float32, current high.dtype=float64[0m
  gym.logger.warn(
/tmp/hudm-5090-20260924-0z4ayR/venv/lib/python3.11/site-packages/gymnasium/spaces/box.py:236: UserWarning: [33mWARN: Box low's precision lowered by casting to float32, current low.dtype=float64[0m
  gym.logger.warn(
/tmp/hudm-5090-20260924-0z4ayR/venv/lib/python3.11/site-packages/gymnasium/spaces/box.py:306: UserWarning: [33mWARN: Box high's precision lowered by casting to float32, current high.dtype=float64[0m
  gym.logger.warn(
/tmp/hudm-5090-20260924-0z4ayR/venv/lib/python3.11/site-packages/gymnasium/spaces/box.py:236: UserWarning: [33mWARN: Box low's precision lowered by casting to float32, current low.dtype=float64[0m
  gym.logger.warn(
/tmp/hudm-5090-20260924-0z4ayR/venv/lib/python3.11/site-packages/gymnasium/spaces/box.py:306: UserWarning: [33mWARN: Box high's precision lowered by casting to float32, current high.dtype=float64[0m
  gym.logger.warn(
/tmp/hudm-5090-20260924-0z4ayR/venv/lib/python3.11/site-packages/gymnasium/spaces/box.py:236: UserWarning: [33mWARN: Box low's precision lowered by casting to float32, current low.dtype=float64[0m
  gym.logger.warn(
/tmp/hudm-5090-20260924-0z4ayR/venv/lib/python3.11/site-packages/gymnasium/spaces/box.py:306: UserWarning: [33mWARN: Box high's precision lowered by casting to float32, current high.dtype=float64[0m
  gym.logger.warn(
/tmp/hudm-5090-20260924-0z4ayR/venv/lib/python3.11/site-packages/gymnasium/spaces/box.py:236: UserWarning: [33mWARN: Box low's precision lowered by casting to float32, current low.dtype=float64[0m
  gym.logger.warn(
/tmp/hudm-5090-20260924-0z4ayR/venv/lib/python3.11/site-packages/gymnasium/spaces/box.py:306: UserWarning: [33mWARN: Box high's precision lowered by casting to float32, current high.dtype=float64[0m
  gym.logger.warn(
/tmp/hudm-5090-20260924-0z4ayR/venv/lib/python3.11/site-packages/gymnasium/spaces/box.py:236: UserWarning: [33mWARN: Box low's precision lowered by casting to float32, current low.dtype=float64[0m
  gym.logger.warn(
/tmp/hudm-5090-20260924-0z4ayR/venv/lib/python3.11/site-packages/gymnasium/spaces/box.py:306: UserWarning: [33mWARN: Box high's precision lowered by casting to float32, current high.dtype=float64[0m
  gym.logger.warn(
/tmp/hudm-5090-20260924-0z4ayR/venv/lib/python3.11/site-packages/gymnasium/spaces/box.py:236: UserWarning: [33mWARN: Box low's precision lowered by casting to float32, current low.dtype=float64[0m
  gym.logger.warn(
/tmp/hudm-5090-20260924-0z4ayR/venv/lib/python3.11/site-packages/gymnasium/spaces/box.py:306: UserWarning: [33mWARN: Box high's precision lowered by casting to float32, current high.dtype=float64[0m
  gym.logger.warn(
/tmp/hudm-5090-20260924-0z4ayR/venv/lib/python3.11/site-packages/gymnasium/spaces/box.py:236: UserWarning: [33mWARN: Box low's precision lowered by casting to float32, current low.dtype=float64[0m
  gym.logger.warn(
/tmp/hudm-5090-20260924-0z4ayR/venv/lib/python3.11/site-packages/gymnasium/spaces/box.py:306: UserWarning: [33mWARN: Box high's precision lowered by casting to float32, current high.dtype=float64[0m
  gym.logger.warn(
/tmp/hudm-5090-20260924-0z4ayR/venv/lib/python3.11/site-packages/gymnasium/spaces/box.py:236: UserWarning: [33mWARN: Box low's precision lowered by casting to float32, current low.dtype=float64[0m
  gym.logger.warn(
/tmp/hudm-5090-20260924-0z4ayR/venv/lib/python3.11/site-packages/gymnasium/spaces/box.py:306: UserWarning: [33mWARN: Box high's precision lowered by casting to float32, current high.dtype=float64[0m
  gym.logger.warn(
/tmp/hudm-5090-20260924-0z4ayR/venv/lib/python3.11/site-packages/gymnasium/spaces/box.py:236: UserWarning: [33mWARN: Box low's precision lowered by casting to float32, current low.dtype=float64[0m
  gym.logger.warn(
/tmp/hudm-5090-20260924-0z4ayR/venv/lib/python3.11/site-packages/gymnasium/spaces/box.py:306: UserWarning: [33mWARN: Box high's precision lowered by casting to float32, current high.dtype=float64[0m
  gym.logger.warn(
/tmp/hudm-5090-20260924-0z4ayR/venv/lib/python3.11/site-packages/gymnasium/spaces/box.py:236: UserWarning: [33mWARN: Box low's precision lowered by casting to float32, current low.dtype=float64[0m
  gym.logger.warn(
/tmp/hudm-5090-20260924-0z4ayR/venv/lib/python3.11/site-packages/gymnasium/spaces/box.py:306: UserWarning: [33mWARN: Box high's precision lowered by casting to float32, current high.dtype=float64[0m
  gym.logger.warn(
/tmp/hudm-5090-20260924-0z4ayR/venv/lib/python3.11/site-packages/gymnasium/spaces/box.py:236: UserWarning: [33mWARN: Box low's precision lowered by casting to float32, current low.dtype=float64[0m
  gym.logger.warn(
/tmp/hudm-5090-20260924-0z4ayR/venv/lib/python3.11/site-packages/gymnasium/spaces/box.py:306: UserWarning: [33mWARN: Box high's precision lowered by casting to float32, current high.dtype=float64[0m
  gym.logger.warn(
/tmp/hudm-5090-20260924-0z4ayR/venv/lib/python3.11/site-packages/gymnasium/spaces/box.py:236: UserWarning: [33mWARN: Box low's precision lowered by casting to float32, current low.dtype=float64[0m
  gym.logger.warn(
/tmp/hudm-5090-20260924-0z4ayR/venv/lib/python3.11/site-packages/gymnasium/spaces/box.py:306: UserWarning: [33mWARN: Box high's precision lowered by casting to float32, current high.dtype=float64[0m
  gym.logger.warn(
/tmp/hudm-5090-20260924-0z4ayR/venv/lib/python3.11/site-packages/gymnasium/spaces/box.py:236: UserWarning: [33mWARN: Box low's precision lowered by casting to float32, current low.dtype=float64[0m
  gym.logger.warn(
/tmp/hudm-5090-20260924-0z4ayR/venv/lib/python3.11/site-packages/gymnasium/spaces/box.py:306: UserWarning: [33mWARN: Box high's precision lowered by casting to float32, current high.dtype=float64[0m
  gym.logger.warn(
/tmp/hudm-5090-20260924-0z4ayR/venv/lib/python3.11/site-packages/gymnasium/spaces/box.py:236: UserWarning: [33mWARN: Box low's precision lowered by casting to float32, current low.dtype=float64[0m
  gym.logger.warn(
/tmp/hudm-5090-20260924-0z4ayR/venv/lib/python3.11/site-packages/gymnasium/spaces/box.py:306: UserWarning: [33mWARN: Box high's precision lowered by casting to float32, current high.dtype=float64[0m
  gym.logger.warn(
Wrote MWM planning results to reports/research/k192_sepopt_published_parity_20260924/screen_n50/ogb_cube/seed_100/001_sepopt_k192_20260922/eval.json
