2026-09-24T14:09:48.919631+00:00 screen_tworoom_seed0_static
2026-09-24T14:09:49.825882+00:00 screen_tworoom_seed0_matrix
2026-09-24T14:11:30.225079+00:00 screen_tworoom_seed0_verify
2026-09-24T14:11:31.110302+00:00 screen_tworoom_seed0_paired_audit
2026-09-24T14:11:31.296537+00:00 screen_tworoom_seed1_static
2026-09-24T14:11:32.134771+00:00 screen_tworoom_seed1_matrix
2026-09-24T14:13:11.923870+00:00 screen_tworoom_seed1_verify
2026-09-24T14:13:12.809215+00:00 screen_tworoom_seed1_paired_audit
2026-09-24T14:13:12.995792+00:00 screen_tworoom_seed2_static
2026-09-24T14:13:13.840120+00:00 screen_tworoom_seed2_matrix
2026-09-24T14:14:54.024124+00:00 screen_tworoom_seed2_verify
2026-09-24T14:14:54.910731+00:00 screen_tworoom_seed2_paired_audit
2026-09-24T14:14:55.096365+00:00 screen_tworoom_seed42_static
2026-09-24T14:14:55.934956+00:00 screen_tworoom_seed42_matrix
2026-09-24T14:16:37.634938+00:00 screen_tworoom_seed42_verify
2026-09-24T14:16:38.522826+00:00 screen_tworoom_seed42_paired_audit
2026-09-24T14:16:38.709326+00:00 screen_tworoom_seed100_static
2026-09-24T14:16:39.547077+00:00 screen_tworoom_seed100_matrix
2026-09-24T14:18:21.751913+00:00 screen_tworoom_seed100_verify
2026-09-24T14:18:22.636048+00:00 screen_tworoom_seed100_paired_audit
2026-09-24T14:18:22.820279+00:00 screen_tworoom_collect
2026-09-24T14:18:22.842333+00:00 screen_reacher_seed0_static
2026-09-24T14:18:23.675237+00:00 screen_reacher_seed0_matrix
2026-09-24T14:20:52.020294+00:00 screen_reacher_seed0_verify
2026-09-24T14:20:52.905983+00:00 screen_reacher_seed0_paired_audit
2026-09-24T14:20:53.093465+00:00 screen_reacher_seed1_static
2026-09-24T14:20:53.931516+00:00 screen_reacher_seed1_matrix
2026-09-24T14:23:20.802770+00:00 screen_reacher_seed1_verify
2026-09-24T14:23:21.688350+00:00 screen_reacher_seed1_paired_audit
2026-09-24T14:23:21.875313+00:00 screen_reacher_seed2_static
2026-09-24T14:23:22.717015+00:00 screen_reacher_seed2_matrix
2026-09-24T14:25:50.262790+00:00 screen_reacher_seed2_verify
2026-09-24T14:25:51.198006+00:00 screen_reacher_seed2_paired_audit
2026-09-24T14:25:51.384829+00:00 screen_reacher_seed42_static
2026-09-24T14:25:52.224155+00:00 screen_reacher_seed42_matrix
2026-09-24T14:28:18.834756+00:00 screen_reacher_seed42_verify
2026-09-24T14:28:19.719461+00:00 screen_reacher_seed42_paired_audit
2026-09-24T14:28:19.906611+00:00 screen_reacher_seed100_static
2026-09-24T14:28:20.748184+00:00 screen_reacher_seed100_matrix
2026-09-24T14:30:48.829570+00:00 screen_reacher_seed100_verify
2026-09-24T14:30:49.715893+00:00 screen_reacher_seed100_paired_audit
2026-09-24T14:30:49.899330+00:00 screen_reacher_collect
2026-09-24T14:30:49.927984+00:00 screen_pusht_seed0_static
2026-09-24T14:30:50.765795+00:00 screen_pusht_seed0_matrix
2026-09-24T14:35:50.425577+00:00 screen_pusht_seed0_verify
2026-09-24T14:35:51.411146+00:00 screen_pusht_seed0_paired_audit
2026-09-24T14:35:51.647747+00:00 screen_pusht_seed1_static
2026-09-24T14:35:52.487164+00:00 screen_pusht_seed1_matrix
2026-09-24T14:40:49.707569+00:00 screen_pusht_seed1_verify
2026-09-24T14:40:50.693316+00:00 screen_pusht_seed1_paired_audit
2026-09-24T14:40:50.930074+00:00 screen_pusht_seed2_static
2026-09-24T14:40:51.774295+00:00 screen_pusht_seed2_matrix
2026-09-24T14:45:51.082805+00:00 screen_pusht_seed2_verify
2026-09-24T14:45:52.067405+00:00 screen_pusht_seed2_paired_audit
2026-09-24T14:45:52.303387+00:00 screen_pusht_seed42_static
2026-09-24T14:45:53.141856+00:00 screen_pusht_seed42_matrix
2026-09-24T14:50:53.486999+00:00 screen_pusht_seed42_verify
2026-09-24T14:50:54.472678+00:00 screen_pusht_seed42_paired_audit
2026-09-24T14:50:54.709153+00:00 screen_pusht_seed100_static
2026-09-24T14:50:55.548876+00:00 screen_pusht_seed100_matrix
2026-09-24T14:55:54.543192+00:00 screen_pusht_seed100_verify
2026-09-24T14:55:55.527810+00:00 screen_pusht_seed100_paired_audit
2026-09-24T14:55:55.763571+00:00 screen_pusht_collect
2026-09-24T14:55:55.786284+00:00 screen_ogb_cube_seed0_static
2026-09-24T14:55:56.620094+00:00 screen_ogb_cube_seed0_matrix
Traceback (most recent call last):
  File "/tmp/hudm-5090-20260924-0z4ayR/run_local.py", line 135, in <module>
    main()
  File "/tmp/hudm-5090-20260924-0z4ayR/run_local.py", line 122, in main
    run([sys.executable, '-m', 'mwm.benchmark.matrix', str(config_path), '--resume'], label + '_matrix', state)
  File "/tmp/hudm-5090-20260924-0z4ayR/run_local.py", line 75, in run
    raise RuntimeError(f'{label} failed; inspect {logfile}')
RuntimeError: screen_ogb_cube_seed0_matrix failed; inspect /tmp/hudm-5090-20260924-0z4ayR/logs/screen_ogb_cube_seed0_matrix.log
2026-09-24T15:07:54.349624+00:00 final_tworoom_seed2002_static
2026-09-24T15:07:55.199085+00:00 final_tworoom_seed2002_matrix
2026-09-24T15:11:05.548016+00:00 final_tworoom_seed2002_verify
2026-09-24T15:11:06.533721+00:00 final_tworoom_seed2002_paired_audit
2026-09-24T15:11:06.770622+00:00 final_tworoom_seed71623_static
2026-09-24T15:11:07.605793+00:00 final_tworoom_seed71623_matrix
2026-09-24T15:14:14.338119+00:00 final_tworoom_seed71623_verify
2026-09-24T15:14:15.324257+00:00 final_tworoom_seed71623_paired_audit
2026-09-24T15:14:15.560988+00:00 final_tworoom_seed82715_static
2026-09-24T15:14:16.395289+00:00 final_tworoom_seed82715_matrix
2026-09-24T15:17:23.120628+00:00 final_tworoom_seed82715_verify
2026-09-24T15:17:24.057817+00:00 final_tworoom_seed82715_paired_audit
2026-09-24T15:17:24.295598+00:00 final_tworoom_seed86604_static
2026-09-24T15:17:25.134824+00:00 final_tworoom_seed86604_matrix
2026-09-24T15:20:31.921140+00:00 final_tworoom_seed86604_verify
2026-09-24T15:20:32.904482+00:00 final_tworoom_seed86604_paired_audit
2026-09-24T15:20:33.140170+00:00 final_tworoom_seed91943_static
2026-09-24T15:20:33.973676+00:00 final_tworoom_seed91943_matrix
2026-09-24T15:23:42.917484+00:00 final_tworoom_seed91943_verify
2026-09-24T15:23:43.902861+00:00 final_tworoom_seed91943_paired_audit
2026-09-24T15:23:44.136643+00:00 final_tworoom_collect
2026-09-24T15:23:44.159646+00:00 final_reacher_seed2002_static
2026-09-24T15:23:44.993835+00:00 final_reacher_seed2002_matrix
2026-09-24T15:27:56.453644+00:00 final_reacher_seed2002_verify
2026-09-24T15:27:57.388521+00:00 final_reacher_seed2002_paired_audit
2026-09-24T15:27:57.624972+00:00 final_reacher_seed71623_static
2026-09-24T15:27:58.460066+00:00 final_reacher_seed71623_matrix
2026-09-24T15:32:07.102629+00:00 final_reacher_seed71623_verify
2026-09-24T15:32:08.088075+00:00 final_reacher_seed71623_paired_audit
2026-09-24T15:32:08.323522+00:00 final_reacher_seed82715_static
2026-09-24T15:32:09.158582+00:00 final_reacher_seed82715_matrix
2026-09-24T15:36:18.120914+00:00 final_reacher_seed82715_verify
2026-09-24T15:36:19.106397+00:00 final_reacher_seed82715_paired_audit
2026-09-24T15:36:19.342967+00:00 final_reacher_seed86604_static
2026-09-24T15:36:20.182633+00:00 final_reacher_seed86604_matrix
2026-09-24T15:40:29.234946+00:00 final_reacher_seed86604_verify
2026-09-24T15:40:30.220011+00:00 final_reacher_seed86604_paired_audit
2026-09-24T15:40:30.457239+00:00 final_reacher_seed91943_static
2026-09-24T15:40:31.294100+00:00 final_reacher_seed91943_matrix
2026-09-24T15:44:40.913713+00:00 final_reacher_seed91943_verify
2026-09-24T15:44:41.899402+00:00 final_reacher_seed91943_paired_audit
2026-09-24T15:44:42.133468+00:00 final_reacher_collect
2026-09-24T15:44:42.157018+00:00 final_pusht_seed2002_static
2026-09-24T15:44:42.990255+00:00 final_pusht_seed2002_matrix
2026-09-24T15:53:57.099396+00:00 final_pusht_seed2002_verify
2026-09-24T15:53:58.235557+00:00 final_pusht_seed2002_paired_audit
2026-09-24T15:53:58.623086+00:00 final_pusht_seed71623_static
2026-09-24T15:53:59.463362+00:00 final_pusht_seed71623_matrix
2026-09-24T16:03:11.319136+00:00 final_pusht_seed71623_verify
2026-09-24T16:03:12.454756+00:00 final_pusht_seed71623_paired_audit
2026-09-24T16:03:12.795090+00:00 final_pusht_seed82715_static
2026-09-24T16:03:13.634698+00:00 final_pusht_seed82715_matrix
2026-09-24T16:12:29.651818+00:00 final_pusht_seed82715_verify
2026-09-24T16:12:30.786130+00:00 final_pusht_seed82715_paired_audit
2026-09-24T16:12:31.122421+00:00 final_pusht_seed86604_static
2026-09-24T16:12:31.955330+00:00 final_pusht_seed86604_matrix
2026-09-24T16:21:48.109176+00:00 final_pusht_seed86604_verify
2026-09-24T16:21:49.244434+00:00 final_pusht_seed86604_paired_audit
2026-09-24T16:21:49.581038+00:00 final_pusht_seed91943_static
2026-09-24T16:21:50.419351+00:00 final_pusht_seed91943_matrix
2026-09-24T16:30:57.784845+00:00 final_pusht_seed91943_verify
2026-09-24T16:30:58.920536+00:00 final_pusht_seed91943_paired_audit
2026-09-24T16:30:59.254993+00:00 final_pusht_collect
