{"started_at": "2026-09-24T16:39:22.549264+00:00", "command": ["/tmp/hudm-5090-20260924-0z4ayR/venv/bin/python", "-u", "/tmp/hudm-5090-20260924-0z4ayR/profile_cube_setup_memory.py", "--label", "malloc_seeded"]}
{"phase": "imports_complete", "rss_bytes": 532066304, "host_available_bytes": 12213440512, "arrow_allocated_bytes": 0, "VmRSS": "519596 kB", "RssAnon": "287004 kB", "RssFile": "232592 kB", "RssShmem": "0 kB"}
09:39:26.344 | INFO    (907613, stable_pretraining.backbone.utils) | Created ViT-tiny from scratch with config: {'hidden_size': 192, 'num_hidden_layers': 12, 'num_attention_heads': 3, 'intermediate_size': 768, 'image_size': 224, 'patch_size': 14}
{"phase": "runtime_ready", "rss_bytes": 2490441728, "host_available_bytes": 9967427584, "arrow_allocated_bytes": 0, "VmRSS": "2432072 kB", "RssAnon": "2002016 kB", "RssFile": "430056 kB", "RssShmem": "0 kB"}
{"phase": "after_gc", "rss_bytes": 2490441728, "host_available_bytes": 9967685632, "arrow_allocated_bytes": 0, "VmRSS": "2432072 kB", "RssAnon": "2002016 kB", "RssFile": "430056 kB", "RssShmem": "0 kB"}
{"phase": "after_arrow_release_unused", "rss_bytes": 2490494976, "host_available_bytes": 9967685632, "arrow_allocated_bytes": 0, "VmRSS": "2432124 kB", "RssAnon": "2002004 kB", "RssFile": "430120 kB", "RssShmem": "0 kB"}
{"phase": "after_malloc_trim", "rss_bytes": 2394816512, "host_available_bytes": 10042519552, "arrow_allocated_bytes": 0, "VmRSS": "2338684 kB", "RssAnon": "1908564 kB", "RssFile": "430120 kB", "RssShmem": "0 kB"}
{
  "diagnostic_only": true,
  "completed_at": "2026-09-24T16:40:36.243557+00:00",
  "device": "cpu",
  "diagnostic_seed": 42,
  "variant": "malloc_seeded",
  "python_allocator": "malloc",
  "python_hash_seed": "42",
  "diagnostic_script_sha256": "5ad2668cce01e70d19f2da4cad3f726d263f02dd6e97a3aa134f84c6c83d61e3",
  "environment_created": false,
  "rollouts_executed": false,
  "source_config_sha256": "ada7bf016721582af1598316d559af78dfb3c032a00d14ff5e987df4a3166376",
  "checkpoint": "checkpoints_mwm/upstream_lewm_ogb_cube",
  "source_and_dependencies_modified": false,
  "arrow_allocator": "mimalloc",
  "gc_objects_collected": 0,
  "malloc_trim_result": 1,
  "model_and_scaler_values_unchanged": true,
  "model_and_scaler_sha256": "d2f3a6f35342df864f10931429bbaa7898c6a2550e0caca6e0fcb65bfe50e68b",
  "rng_state_unchanged": true,
  "rng_sha256": "d5780f94dfc34cd38353decab4512c5a968e2f602f31ad0759d71336137b1c47",
  "samples": [
    {
      "phase": "imports_complete",
      "rss_bytes": 532066304,
      "host_available_bytes": 12213440512,
      "arrow_allocated_bytes": 0,
      "VmRSS": "519596 kB",
      "RssAnon": "287004 kB",
      "RssFile": "232592 kB",
      "RssShmem": "0 kB"
    },
    {
      "phase": "runtime_ready",
      "rss_bytes": 2490441728,
      "host_available_bytes": 9967427584,
      "arrow_allocated_bytes": 0,
      "VmRSS": "2432072 kB",
      "RssAnon": "2002016 kB",
      "RssFile": "430056 kB",
      "RssShmem": "0 kB"
    },
    {
      "phase": "after_gc",
      "rss_bytes": 2490441728,
      "host_available_bytes": 9967685632,
      "arrow_allocated_bytes": 0,
      "VmRSS": "2432072 kB",
      "RssAnon": "2002016 kB",
      "RssFile": "430056 kB",
      "RssShmem": "0 kB"
    },
    {
      "phase": "after_arrow_release_unused",
      "rss_bytes": 2490494976,
      "host_available_bytes": 9967685632,
      "arrow_allocated_bytes": 0,
      "VmRSS": "2432124 kB",
      "RssAnon": "2002004 kB",
      "RssFile": "430120 kB",
      "RssShmem": "0 kB"
    },
    {
      "phase": "after_malloc_trim",
      "rss_bytes": 2394816512,
      "host_available_bytes": 10042519552,
      "arrow_allocated_bytes": 0,
      "VmRSS": "2338684 kB",
      "RssAnon": "1908564 kB",
      "RssFile": "430120 kB",
      "RssShmem": "0 kB"
    }
  ],
  "rss_released_bytes": 95625216,
  "scope": "CPU setup memory only; does not prove that the 50-environment GPU experiment fits."
}
